06-21 14:11:20.117 26652 26709 W SQLiteLog: (28) double-quoted string literal: "89740512-8c0a-4c4b-85f7-a1088deaf39b"
06-21 14:11:25.122 15360 15360 D BoundBrokerSvc: onUnbind: Intent { act=com.google.android.gms.potokens.service.START dat=chimera-action: cmp=com.google.android.gms/.chimera.GmsApiService }
06-21 14:11:48.628  5458  5469 I system_server: Background young concurrent copying GC freed 272287(19MB) AllocSpace objects, 4(80KB) LOS objects, 44% free, 24MB/44MB, paused 8.146ms,434us total 142.176ms
06-21 14:11:53.010  5776  5784 I m.android.phon: Background young concurrent copying GC freed 35658(2716KB) AllocSpace objects, 0(0B) LOS objects, 47% free, 3154KB/5966KB, paused 11.476ms,315us total 88.037ms
06-21 14:11:53.262  5640  5696 D EGL_emulation: app_time_stats: avg=40104.85ms min=40104.85ms max=40104.85ms count=1
06-21 14:11:59.889  5458  6542 D WifiNl80211Manager: Scan result ready event
06-21 14:11:59.889  5458  6542 D WifiNative: Scan result ready event
06-21 14:12:00.127  5640  5696 D EGL_emulation: app_time_stats: avg=6862.32ms min=6862.32ms max=6862.32ms count=1
06-21 14:12:29.067   344   344 E android.hardware.power.stats@1.0-service-mock: Failed to getEnergyData
06-21 14:12:48.432  5458  5469 I system_server: Background young concurrent copying GC freed 283094(19MB) AllocSpace objects, 5(100KB) LOS objects, 43% free, 24MB/44MB, paused 6.544ms,1.245ms total 75.085ms
06-21 14:13:00.369  5640  5696 D EGL_emulation: app_time_stats: avg=60235.80ms min=60235.80ms max=60235.80ms count=1
06-21 14:13:32.220  5640  5647 I ndroid.systemu: Background young concurrent copying GC freed 178243(7679KB) AllocSpace objects, 90(1800KB) LOS objects, 48% free, 10002KB/19MB, paused 7.053ms,734us total 77.835ms
06-21 14:13:32.221  5640  5647 W ndroid.systemu: Reducing the number of considered missed Gc histogram windows from 264 to 100
06-21 14:13:33.252  5640  5696 D EGL_emulation: app_time_stats: avg=32882.25ms min=32882.25ms max=32882.25ms count=1
06-21 14:13:45.170  5640  5702 D ControlsListingControllerImpl: Subscribing callback, service count: 0
06-21 14:13:45.214  5640  5702 D ControlsListingControllerImpl: Unsubscribing callback
06-21 14:14:00.381  5640  5696 D EGL_emulation: app_time_stats: avg=27128.68ms min=27128.68ms max=27128.68ms count=1
06-21 14:14:13.177  5640  5696 D EGL_emulation: app_time_stats: avg=12795.84ms min=12795.84ms max=12795.84ms count=1
06-21 14:14:29.069   344   344 E android.hardware.power.stats@1.0-service-mock: Failed to getEnergyData
06-21 14:14:38.836  5458  5469 I system_server: Background young concurrent copying GC freed 278049(19MB) AllocSpace objects, 5(100KB) LOS objects, 43% free, 25MB/44MB, paused 7.401ms,442us total 157.382ms
06-21 14:14:53.259  5640  5696 D EGL_emulation: app_time_stats: avg=40081.47ms min=40081.47ms max=40081.47ms count=1
06-21 14:15:00.075  5640  5696 D EGL_emulation: app_time_stats: avg=6814.58ms min=6814.58ms max=6814.58ms count=1
06-21 14:15:00.664 15348 27129 I AlarmManager: setExactAndAllowWhileIdle [name: GCM_HB_ALARM type: 2 triggerAtMillis: 10257761]
06-21 14:15:00.685 15348 27129 E WakeLock: GCM_HB_ALARM release without a matched acquire!
06-21 14:15:00.794 15348 27431 I AlarmManager: setExactAndAllowWhileIdle [name: GCM_HB_ALARM type: 2 triggerAtMillis: 10667892]
06-21 14:15:02.331  5458  5547 W libprocessgroup: Failed to open /sys/fs/cgroup/./frozen/cgroup.procs: No such file or directory
06-21 14:15:02.331  5458  5547 W libprocessgroup: Failed to apply Frozen process profile: No such file or directory
06-21 14:15:02.331  5458  5547 D ActivityManager: froze 26195 com.google.process.gservices
06-21 14:15:03.882  5458  5547 W libprocessgroup: Failed to open /sys/fs/cgroup/./frozen/cgroup.procs: No such file or directory
06-21 14:15:03.883  5458  5547 W libprocessgroup: Failed to apply Frozen process profile: No such file or directory
06-21 14:15:03.883  5458  5547 D ActivityManager: froze 27207 android.process.acore
06-21 14:15:28.738  5458  5469 I system_server: Background young concurrent copying GC freed 277723(19MB) AllocSpace objects, 7(140KB) LOS objects, 44% free, 24MB/44MB, paused 12.810ms,285us total 47.851ms
06-21 14:16:00.371  5640  5696 D EGL_emulation: app_time_stats: avg=60292.88ms min=60292.88ms max=60292.88ms count=1
06-21 14:16:23.874 18897 18920 I Finsky:background: [43] mpf.run(373): Stats for Executor: bgExecutor pib@1e917b3[Running, pool size = 4, active threads = 0, queued tasks = 0, completed tasks = 8]
06-21 14:16:23.941 18897 18920 I Finsky:background: [43] mpf.run(373): Stats for Executor: LightweightExecutor pib@ce9d170[Running, pool size = 0, active threads = 0, queued tasks = 0, completed tasks = 0]
06-21 14:16:28.999  5458  5469 I system_server: Background young concurrent copying GC freed 273805(19MB) AllocSpace objects, 5(100KB) LOS objects, 43% free, 25MB/44MB, paused 4.999ms,3.398ms total 136.838ms
06-21 14:16:29.071   344   344 E android.hardware.power.stats@1.0-service-mock: Failed to getEnergyData
06-21 14:16:33.256  5640  5696 D EGL_emulation: app_time_stats: avg=32884.36ms min=32884.36ms max=32884.36ms count=1
06-21 14:16:39.807  5458  5496 D CompatibilityChangeReporter: Compat change id reported: 135634846; UID 10091; state: DISABLED
06-21 14:16:39.810  5458  5496 D CompatibilityChangeReporter: Compat change id reported: 177438394; UID 10091; state: DISABLED
06-21 14:16:39.813  5458  5496 D CompatibilityChangeReporter: Compat change id reported: 135772972; UID 10091; state: DISABLED
06-21 14:16:39.814  5458  5496 D CompatibilityChangeReporter: Compat change id reported: 135754954; UID 10091; state: DISABLED
06-21 14:16:39.830  5458  5497 D CompatibilityChangeReporter: Compat change id reported: 143937733; UID 10091; state: DISABLED
06-21 14:16:39.857  5380  5380 D Zygote  : Forked child process 27464
06-21 14:16:39.858  5458  5497 W ActivityManager: Slow operation: 55ms so far, now at startProcess: returned from zygote!
06-21 14:16:39.870  5458  5750 D WifiNl80211Manager: Scan result ready event
06-21 14:16:39.870  5458  5750 D WifiNative: Scan result ready event
06-21 14:16:39.888  5458  5497 W ActivityManager: Slow operation: 83ms so far, now at startProcess: done updating battery stats
06-21 14:16:39.889  5458  5497 W ActivityManager: Slow operation: 86ms so far, now at startProcess: building log message
06-21 14:16:39.889  5458  5497 I ActivityManager: Start proc 27464:com.google.android.configupdater/u0a91 for broadcast {com.google.android.configupdater/com.google.android.configupdater.ConversationActions.ConversationActionsUpdateRequestReceiver}
06-21 14:16:39.889  5458  5497 W ActivityManager: Slow operation: 86ms so far, now at startProcess: starting to update pids map
06-21 14:16:39.896  5458  5497 W ActivityManager: Slow operation: 93ms so far, now at startProcess: done updating pids map
06-21 14:16:39.918 27464 27464 W d.configupdate: Unexpected CPU variant for X86 using defaults: x86_64
06-21 14:16:39.950 27464 27464 E d.configupdate: Not starting debugger since process cannot load the jdwp agent.
06-21 14:16:40.018  5458  5750 D CompatibilityChangeReporter: Compat change id reported: 168419799; UID 10091; state: DISABLED
06-21 14:16:40.058 27464 27464 D CompatibilityChangeReporter: Compat change id reported: 171979766; UID 10091; state: DISABLED
06-21 14:16:40.082 27464 27464 D ApplicationLoaders: Returning zygote-cached class loader: /system/framework/android.test.base.jar
06-21 14:16:40.125 27464 27464 D nativeloader: classloader namespace configured for unbundled product apk. library_path=/product/priv-app/ConfigUpdater/lib/x86_64:/product/lib64:/system/product/lib64
06-21 14:16:40.260 27464 27464 V GraphicsEnvironment: ANGLE Developer option for 'com.google.android.configupdater' set to: 'default'
06-21 14:16:40.261 27464 27464 V GraphicsEnvironment: Neither updatable production driver nor prerelease driver is supported.
06-21 14:16:40.272 27464 27464 D NetworkSecurityConfig: No Network Security Config specified, using platform default
06-21 14:16:40.273 27464 27464 D NetworkSecurityConfig: No Network Security Config specified, using platform default
06-21 14:16:40.436  5458  8298 D ActivityManager: sync unfroze 26195 com.google.process.gservices
06-21 14:16:40.493 27464 27480 I ConfigUpdater: Update started
06-21 14:16:40.529  5458  8298 D CompatibilityChangeReporter: Compat change id reported: 135634846; UID 10063; state: DISABLED
06-21 14:16:40.529  5458  8298 D CompatibilityChangeReporter: Compat change id reported: 177438394; UID 10063; state: DISABLED
06-21 14:16:40.530  5458  8298 D CompatibilityChangeReporter: Compat change id reported: 135772972; UID 10063; state: DISABLED
06-21 14:16:40.530  5458  8298 D CompatibilityChangeReporter: Compat change id reported: 135754954; UID 10063; state: ENABLED
06-21 14:16:40.533  5458  5497 D CompatibilityChangeReporter: Compat change id reported: 143937733; UID 10063; state: ENABLED
06-21 14:16:40.555  5380  5380 D Zygote  : Forked child process 27482
06-21 14:16:40.558  5458  5497 I ActivityManager: Start proc 27482:android.process.media/u0a63 for content provider {com.android.providers.downloads/com.android.providers.downloads.DownloadProvider}
06-21 14:16:40.589 27482 27482 W d.process.medi: Unexpected CPU variant for X86 using defaults: x86_64
06-21 14:16:40.608 27482 27482 E d.process.medi: Not starting debugger since process cannot load the jdwp agent.
06-21 14:16:40.681 27482 27482 D CompatibilityChangeReporter: Compat change id reported: 171979766; UID 10063; state: ENABLED
06-21 14:16:40.729 27482 27482 V GraphicsEnvironment: ANGLE Developer option for 'com.android.providers.downloads' set to: 'default'
06-21 14:16:40.729 27482 27482 V GraphicsEnvironment: Neither updatable production driver nor prerelease driver is supported.
06-21 14:16:40.733 27482 27482 D NetworkSecurityConfig: No Network Security Config specified, using platform default
06-21 14:16:40.735 27482 27482 D NetworkSecurityConfig: No Network Security Config specified, using platform default
06-21 14:16:41.055 27482 27494 V DownloadManager: Deleting /data/data/com.android.providers.downloads/cache/en.model.metadata via provider delete
06-21 14:16:41.147  6162 11541 W ModernMediaScanner: Failed to visit /data/data/com.android.providers.downloads/cache/en.model.metadata: java.nio.file.NoSuchFileException: /data/data/com.android.providers.downloads/cache/en.model.metadata
06-21 14:16:41.165  6162 11541 I MediaProvider: Scanned internal due to REASON_DEMAND, found 0 items in 47ms, 0 inserts 0 updates 0 deletes
06-21 14:16:41.390 27482 27500 D DownloadManager: [17] Starting
06-21 14:16:41.480 27482 27500 D NetworkSecurityConfig: No Network Security Config specified, using platform default
06-21 14:16:41.481 27482 27500 D NetworkSecurityConfig: No Network Security Config specified, using platform default
06-21 14:16:42.097 27482 27500 D DownloadManager: [17] Finished with status SUCCESS
06-21 14:16:42.680 27482 27489 W d.process.medi: Suspending all threads took: 5.850ms
06-21 14:16:43.015 27482 27526 D DownloadManager: [18] Starting
06-21 14:16:43.152 27482 27526 D NetworkSecurityConfig: No Network Security Config specified, using platform default
06-21 14:16:43.154 27482 27526 D NetworkSecurityConfig: No Network Security Config specified, using platform default
06-21 14:16:44.850  5458  5475 W Looper  : Slow dispatch took 137ms android.fg h=android.os.Handler c=com.android.server.Watchdog$HandlerChecker@e94f1eb m=0
06-21 14:16:48.059 27482 27526 W DownloadManager: [18] Stop requested with status HTTP_DATA_ERROR: Failed reading response: javax.net.ssl.SSLProtocolException: Read error: ssl=0x72a326c39458: Failure in SSL library, usually a protocol error
06-21 14:16:48.059 27482 27526 W DownloadManager: error:1e000065:Cipher functions:OPENSSL_internal:BAD_DECRYPT (external/boringssl/src/crypto/fipsmodule/cipher/e_aes.c:1057 0x72a27b653c58:0x00000000)
06-21 14:16:48.059 27482 27526 W DownloadManager: error:1000008b:SSL routines:OPENSSL_internal:DECRYPTION_FAILED_OR_BAD_RECORD_MAC (external/boringssl/src/ssl/tls_record.cc:298 0x72a27b653c58:0x00000000)
06-21 14:16:48.064 27482 27526 D DownloadManager: [18] Finished with status CANNOT_RESUME
06-21 14:16:48.331 27464 27464 I ConfigUpdater: Download failed, retrying...
06-21 14:16:48.334 27464 27464 D CompatibilityChangeReporter: Compat change id reported: 160794467; UID 10091; state: DISABLED
06-21 14:17:00.381  5640  5696 D EGL_emulation: app_time_stats: avg=27124.06ms min=27124.06ms max=27124.06ms count=1
06-21 14:17:03.840  6529 27539 W ProcessReaper: Memory state is: 100
06-21 14:17:08.244  8536 27540 W ProcessReaper: Memory state is: 125
06-21 14:17:13.176  5640  5696 D EGL_emulation: app_time_stats: avg=12794.44ms min=12794.44ms max=12794.44ms count=1
06-21 14:17:15.564 15566 15601 I Finsky  : [45] mpf.run(373): Stats for Executor: BlockingExecutor pib@9f6a051[Running, pool size = 0, active threads = 0, queued tasks = 0, completed tasks = 39]
06-21 14:17:15.564 15566 15601 I Finsky  : [45] mpf.run(373): Stats for Executor: LightweightExecutor pib@28120b6[Running, pool size = 2, active threads = 0, queued tasks = 0, completed tasks = 219]
06-21 14:17:15.929 15566 15601 I Finsky  : [45] mpf.run(373): Stats for Executor: bgExecutor pib@bb691b7[Running, pool size = 4, active threads = 0, queued tasks = 0, completed tasks = 2335]
06-21 14:17:18.813  5458  5469 W system_server: Suspending all threads took: 11.381ms
06-21 14:17:18.884  5458  5469 I system_server: Background young concurrent copying GC freed 273235(18MB) AllocSpace objects, 4(80KB) LOS objects, 41% free, 25MB/44MB, paused 1.582ms,15.289ms total 164.761ms
06-21 14:17:53.286  5640  5696 D EGL_emulation: app_time_stats: avg=40109.61ms min=40109.61ms max=40109.61ms count=1
06-21 14:18:00.070  5640  5696 D EGL_emulation: app_time_stats: avg=6782.86ms min=6782.86ms max=6782.86ms count=1
06-21 14:18:18.856  5458  5469 W system_server: Suspending all threads took: 9.299ms
06-21 14:18:19.064  5458  5469 I system_server: Background young concurrent copying GC freed 278216(19MB) AllocSpace objects, 5(100KB) LOS objects, 40% free, 26MB/44MB, paused 22.307ms,22.191ms total 466.829ms
06-21 14:18:29.088   344   344 E android.hardware.power.stats@1.0-service-mock: Failed to getEnergyData
06-21 14:19:00.370  5640  5696 D EGL_emulation: app_time_stats: avg=60300.18ms min=60300.18ms max=60300.18ms count=1
06-21 14:19:07.126 15739 27578 W ProcessReaper: Memory state is: 100
06-21 14:19:09.142  5458  5469 I system_server: Background young concurrent copying GC freed 265480(18MB) AllocSpace objects, 4(80KB) LOS objects, 40% free, 26MB/44MB, paused 27.220ms,212us total 258.564ms
06-21 14:19:33.263  5640  5696 D EGL_emulation: app_time_stats: avg=32892.45ms min=32892.45ms max=32892.45ms count=1
06-21 14:20:00.372  5640  5696 D EGL_emulation: app_time_stats: avg=27107.31ms min=27107.31ms max=27107.31ms count=1
06-21 14:20:13.179  5640  5696 D EGL_emulation: app_time_stats: avg=12807.08ms min=12807.08ms max=12807.08ms count=1
06-21 14:20:29.076   344   344 E android.hardware.power.stats@1.0-service-mock: Failed to getEnergyData
06-21 14:20:53.282  5640  5696 D EGL_emulation: app_time_stats: avg=40102.85ms min=40102.85ms max=40102.85ms count=1
06-21 14:20:59.380  5458  5469 I system_server: Background young concurrent copying GC freed 269910(19MB) AllocSpace objects, 5(100KB) LOS objects, 40% free, 26MB/44MB, paused 23.182ms,284us total 342.836ms
06-21 14:21:00.091  5640  5696 D EGL_emulation: app_time_stats: avg=6807.78ms min=6807.78ms max=6807.78ms count=1
06-21 14:21:19.991  5458  7502 D WifiNl80211Manager: Scan result ready event
06-21 14:21:19.992  5458  7502 D WifiNative: Scan result ready event
06-21 14:21:30.226  5716  5722 I rkstack.proces: Background concurrent copying GC freed 2789(272KB) AllocSpace objects, 36(2160KB) LOS objects, 49% free, 2562KB/5125KB, paused 5.693ms,282us total 59.407ms
06-21 14:21:49.364  5458  5469 W system_server: Suspending all threads took: 6.197ms
06-21 14:21:49.401  5458  5469 I system_server: Background young concurrent copying GC freed 264474(18MB) AllocSpace objects, 8(372KB) LOS objects, 40% free, 26MB/44MB, paused 8.023ms,6.920ms total 234.675ms
06-21 14:22:00.389  5640  5696 D EGL_emulation: app_time_stats: avg=60295.02ms min=60295.02ms max=60295.02ms count=1
06-21 14:22:29.080   344   344 E android.hardware.power.stats@1.0-service-mock: Failed to getEnergyData
06-21 14:22:33.285  5640  5696 D EGL_emulation: app_time_stats: avg=32895.50ms min=32895.50ms max=32895.50ms count=1
06-21 14:22:39.279  5458  5469 I system_server: Background young concurrent copying GC freed 269857(18MB) AllocSpace objects, 5(100KB) LOS objects, 42% free, 25MB/44MB, paused 5.346ms,300us total 63.103ms
06-21 14:22:50.897 15348 27291 I AlarmManager: setExactAndAllowWhileIdle [name: GCM_HB_ALARM type: 2 triggerAtMillis: 10727995]
06-21 14:22:50.933 15348 27291 E WakeLock: GCM_HB_ALARM release without a matched acquire!
06-21 14:22:54.220 15348 27129 I AlarmManager: setExactAndAllowWhileIdle [name: GCM_HB_ALARM type: 2 triggerAtMillis: 11141318]
06-21 14:22:54.242 15348 27129 I AlarmManager: setExactAndAllowWhileIdle [name: GCM_HB_ALARM type: 2 triggerAtMillis: 11141339]
06-21 14:22:54.314 15348 27291 I AlarmManager: setExactAndAllowWhileIdle [name: GCM_HB_ALARM type: 2 triggerAtMillis: 11141412]
06-21 14:22:54.359 15348 27291 I AlarmManager: setExactAndAllowWhileIdle [name: GCM_HB_ALARM type: 2 triggerAtMillis: 11141456]
06-21 14:23:00.385  5640  5696 D EGL_emulation: app_time_stats: avg=27094.21ms min=27094.21ms max=27094.21ms count=1
06-21 14:23:13.217  5640  5696 D EGL_emulation: app_time_stats: avg=12831.49ms min=12831.49ms max=12831.49ms count=1
06-21 14:23:39.224  5458  5469 I system_server: Background young concurrent copying GC freed 266230(18MB) AllocSpace objects, 7(140KB) LOS objects, 41% free, 26MB/44MB, paused 954us,4.495ms total 172.849ms
06-21 14:23:45.197  5640  5702 D ControlsListingControllerImpl: Subscribing callback, service count: 0
06-21 14:23:45.223  5640  5702 D ControlsListingControllerImpl: Unsubscribing callback
06-21 14:23:53.286  5640  5696 D EGL_emulation: app_time_stats: avg=40068.52ms min=40068.52ms max=40068.52ms count=1
06-21 14:24:00.042  5640  5696 D EGL_emulation: app_time_stats: avg=6754.46ms min=6754.46ms max=6754.46ms count=1
06-21 14:24:29.085   344   344 E android.hardware.power.stats@1.0-service-mock: Failed to getEnergyData
06-21 14:24:29.162  5458  5469 I system_server: Background young concurrent copying GC freed 262584(18MB) AllocSpace objects, 4(80KB) LOS objects, 41% free, 25MB/44MB, paused 15.626ms,4.199ms total 83.944ms
06-21 14:25:00.331  5640  5696 D EGL_emulation: app_time_stats: avg=60288.42ms min=60288.42ms max=60288.42ms count=1
06-21 14:25:03.053  5458  7502 D TelephonyManager: requestModemActivityInfo: Sending result to app: ModemActivityInfo{ mTimestamp=10800137 mSleepTimeMs=0 mIdleTimeMs=6659296 mTxTimeMs[]=[0, 0, 0, 0, 0] mRxTimeMs=0}
06-21 14:25:19.264  5458  5469 I system_server: Background young concurrent copying GC freed 259711(18MB) AllocSpace objects, 9(428KB) LOS objects, 41% free, 25MB/44MB, paused 2.271ms,236us total 100.513ms
06-21 14:25:33.282  5640  5696 D EGL_emulation: app_time_stats: avg=32949.72ms min=32949.72ms max=32949.72ms count=1
06-21 14:25:59.980  5458  5762 D WifiNl80211Manager: Scan result ready event
06-21 14:25:59.981  5458  5762 D WifiNative: Scan result ready event
06-21 14:26:00.373  5640  5696 D EGL_emulation: app_time_stats: avg=27088.73ms min=27088.73ms max=27088.73ms count=1
06-21 14:26:10.142  5458  7502 I ActivityManager: Killing 23940:com.android.chrome/u0a115 (adj 975): empty for 1800s
06-21 14:26:10.144  5458  7502 I ActivityManager: Killing 26656:com.google.android.partnersetup/u0a94 (adj 975): empty for 1806s
06-21 14:26:10.149  5458  5498 I libprocessgroup: Successfully killed process cgroup uid 10115 pid 23940 in 0ms
06-21 14:26:10.157  5458  5498 I libprocessgroup: Successfully killed process cgroup uid 10094 pid 26656 in 0ms
06-21 14:26:10.166 15360 15360 D BoundBrokerSvc: onBind: Intent { act=com.google.android.gms.potokens.service.START dat=chimera-action: cmp=com.google.android.gms/.chimera.GmsApiService }
06-21 14:26:10.166 15360 15360 D BoundBrokerSvc: Loading bound service for intent: Intent { act=com.google.android.gms.potokens.service.START dat=chimera-action: cmp=com.google.android.gms/.chimera.GmsApiService }
06-21 14:26:10.209  5380  5380 I Zygote  : Process 26656 exited due to signal 9 (Killed)
06-21 14:26:10.286  5380  5380 I Zygote  : Process 23940 exited due to signal 9 (Killed)
06-21 14:26:10.288  5458  6477 W ActivityManager: Scheduling restart of crashed service com.android.chrome/org.chromium.chrome.browser.customtabs.CustomTabsConnectionService in 1000ms for connection
06-21 14:26:13.236  5640  5696 D EGL_emulation: app_time_stats: avg=12860.96ms min=12860.96ms max=12860.96ms count=1
06-21 14:26:19.109  5458  5469 I system_server: Background young concurrent copying GC freed 266906(18MB) AllocSpace objects, 6(120KB) LOS objects, 40% free, 26MB/44MB, paused 6.842ms,3.441ms total 116.840ms
06-21 14:26:23.909 18897 18920 I Finsky:background: [43] mpf.run(373): Stats for Executor: bgExecutor pib@1e917b3[Running, pool size = 4, active threads = 0, queued tasks = 0, completed tasks = 8]
06-21 14:26:23.963 18897 18920 I Finsky:background: [43] mpf.run(373): Stats for Executor: LightweightExecutor pib@ce9d170[Running, pool size = 0, active threads = 0, queued tasks = 0, completed tasks = 0]
06-21 14:26:25.326  5458  6477 I ActivityManager: Killing 26178:com.google.android.gms.unstable/u0a96 (adj 955): empty for 1801s
06-21 14:26:25.334  5458  6477 I ActivityManager: Killing 26360:com.google.process.gapps/u0a96 (adj 955): empty for 1801s
06-21 14:26:25.338  5458  6477 I ActivityManager: Killing 18897:com.android.vending:background/u0a103 (adj 965): empty for 1805s
06-21 14:26:25.338  5458  6477 I ActivityManager: Killing 15566:com.android.vending/u0a103 (adj 965): empty for 1815s
06-21 14:26:25.383 15360 15360 D BoundBrokerSvc: onUnbind: Intent { act=com.google.android.gms.potokens.service.START dat=chimera-action: cmp=com.google.android.gms/.chimera.GmsApiService }
06-21 14:26:25.390  5458  5498 I libprocessgroup: Successfully killed process cgroup uid 10096 pid 26178 in 0ms
06-21 14:26:25.419  5458  5498 I libprocessgroup: Successfully killed process cgroup uid 10096 pid 26360 in 0ms
06-21 14:26:25.458  5380  5380 I Zygote  : Process 26360 exited due to signal 9 (Killed)
06-21 14:26:25.480  5458  5498 I libprocessgroup: Successfully killed process cgroup uid 10103 pid 18897 in 0ms
06-21 14:26:25.548  5380  5380 I Zygote  : Process 18897 exited due to signal 9 (Killed)
06-21 14:26:25.576  5458  7502 D ConnectivityService: ConnectivityService NetworkRequestInfo binderDied(uid/pid:10096/26178, android.os.BinderProxy@2853fcf)
06-21 14:26:25.576  5458  7502 D ConnectivityService: ConnectivityService NetworkRequestInfo binderDied(uid/pid:10096/26178, android.os.BinderProxy@5476d5c)
06-21 14:26:25.578  5380  5380 I Zygote  : Process 26178 exited due to signal 9 (Killed)
06-21 14:26:25.587  5458  5498 I libprocessgroup: Successfully killed process cgroup uid 10103 pid 15566 in 0ms
06-21 14:26:25.593  5458  5572 D ConnectivityService: releasing NetworkRequest [ REQUEST id=245, [ Capabilities: INTERNET&NOT_RESTRICTED&TRUSTED&NOT_VCN_MANAGED Uid: 10096 RequestorUid: 10096 RequestorPkg: com.google.android.gms] ] (release request)
06-21 14:26:25.638  5380  5380 I Zygote  : Process 15566 exited due to signal 9 (Killed)
06-21 14:26:25.650  5458  7556 D ConnectivityService: ConnectivityService NetworkRequestInfo binderDied(uid/pid:10103/15566, android.os.BinderProxy@3e3c865)
06-21 14:26:25.675  5458  5572 D ConnectivityService: releasing NetworkRequest [ REQUEST id=198, [ Capabilities: INTERNET&NOT_RESTRICTED&TRUSTED&NOT_VCN_MANAGED Uid: 10103 RequestorUid: 10103 RequestorPkg: com.android.vending] ] (release request)
06-21 14:26:29.091   344   344 E android.hardware.power.stats@1.0-service-mock: Failed to getEnergyData
06-21 14:26:43.217  5458  5547 W libprocessgroup: Failed to open /sys/fs/cgroup/./frozen/cgroup.procs: No such file or directory
06-21 14:26:43.217  5458  5547 W libprocessgroup: Failed to apply Frozen process profile: No such file or directory
06-21 14:26:43.236  5458  5547 D ActivityManager: froze 26195 com.google.process.gservices
06-21 14:26:48.389  5458  5547 W libprocessgroup: Failed to open /sys/fs/cgroup/./frozen/cgroup.procs: No such file or directory
06-21 14:26:48.390  5458  5547 W libprocessgroup: Failed to apply Frozen process profile: No such file or directory
06-21 14:26:48.390  5458  5547 D ActivityManager: froze 27464 com.google.android.configupdater
06-21 14:26:48.398  5458  5547 W libprocessgroup: Failed to open /sys/fs/cgroup/./frozen/cgroup.procs: No such file or directory
06-21 14:26:48.398  5458  5547 W libprocessgroup: Failed to apply Frozen process profile: No such file or directory
06-21 14:26:48.400  5458  5547 D ActivityManager: froze 27482 android.process.media
06-21 14:26:53.291  5640  5696 D EGL_emulation: app_time_stats: avg=40054.44ms min=40054.44ms max=40054.44ms count=1
06-21 14:27:00.105  5640  5696 D EGL_emulation: app_time_stats: avg=6813.83ms min=6813.83ms max=6813.83ms count=1
06-21 14:27:03.848  6529 27736 W ProcessReaper: Memory state is: 100
06-21 14:27:08.257  8536 27737 W ProcessReaper: Memory state is: 125
06-21 14:27:09.573  5458  5469 I system_server: Background young concurrent copying GC freed 255889(18MB) AllocSpace objects, 4(80KB) LOS objects, 40% free, 26MB/44MB, paused 29.023ms,399us total 386.963ms
06-21 14:27:58.689  5458  5495 I UsageStatsService: User[0] Flushing usage stats to disk
06-21 14:27:59.425  5458  8236 I ActivityManager: Killing 26652:com.google.android.youtube/u0a117 (adj 995): empty for 1850s
06-21 14:27:59.483  5458  5469 I system_server: Background young concurrent copying GC freed 255554(17MB) AllocSpace objects, 7(200KB) LOS objects, 40% free, 26MB/44MB, paused 2.644ms,308us total 154.563ms
06-21 14:27:59.581  5380  5380 I Zygote  : Process 26652 exited due to signal 9 (Killed)
06-21 14:27:59.585  5458  7802 D ConnectivityService: ConnectivityService NetworkRequestInfo binderDied(uid/pid:10117/26652, android.os.BinderProxy@8179e9d)
06-21 14:27:59.585  5458  7802 D ConnectivityService: ConnectivityService NetworkRequestInfo binderDied(uid/pid:10117/26652, android.os.BinderProxy@ed08f12)
06-21 14:27:59.585  5458  7802 D ConnectivityService: ConnectivityService NetworkRequestInfo binderDied(uid/pid:10117/26652, android.os.BinderProxy@45096e3)
06-21 14:27:59.586  5458  7802 D ConnectivityService: ConnectivityService NetworkRequestInfo binderDied(uid/pid:10117/26652, android.os.BinderProxy@adb98e0)
06-21 14:27:59.589  5458  5498 I libprocessgroup: Successfully killed process cgroup uid 10117 pid 26652 in 153ms
06-21 14:27:59.591  5458  7483 D ConnectivityService: ConnectivityService NetworkRequestInfo binderDied(uid/pid:10117/26652, android.os.BinderProxy@5548799)
06-21 14:27:59.599  5458  7579 D ConnectivityService: ConnectivityService NetworkRequestInfo binderDied(uid/pid:10117/26652, android.os.BinderProxy@fa48a5e)
06-21 14:27:59.600  5458  5572 D ConnectivityService: releasing NetworkRequest [ REQUEST id=248, [ Capabilities: INTERNET&NOT_RESTRICTED&TRUSTED&NOT_VCN_MANAGED Uid: 10117 RequestorUid: 10117 RequestorPkg: com.google.android.youtube] ] (release request)
06-21 14:27:59.601  5458  5572 D ConnectivityService: releasing NetworkRequest [ REQUEST id=251, [ Capabilities: INTERNET&NOT_RESTRICTED&TRUSTED&NOT_VCN_MANAGED Uid: 10117 RequestorUid: 10117 RequestorPkg: com.google.android.youtube] ] (release request)
06-21 14:27:59.602  5458  5572 D ConnectivityService: releasing NetworkRequest [ REQUEST id=257, [ Capabilities: INTERNET&NOT_RESTRICTED&TRUSTED&NOT_VCN_MANAGED Uid: 10117 RequestorUid: 10117 RequestorPkg: com.google.android.youtube] ] (release request)
06-21 14:27:59.604  5458  5572 D ConnectivityService: releasing NetworkRequest [ REQUEST id=255, [ Capabilities: INTERNET&NOT_RESTRICTED&TRUSTED&NOT_VCN_MANAGED Uid: 10117 RequestorUid: 10117 RequestorPkg: com.google.android.youtube] ] (release request)
06-21 14:27:59.648  5458  5572 D ConnectivityService: releasing NetworkRequest [ REQUEST id=253, [ Capabilities: INTERNET&NOT_RESTRICTED&TRUSTED&NOT_VCN_MANAGED Uid: 10117 RequestorUid: 10117 RequestorPkg: com.google.android.youtube] ] (release request)
06-21 14:28:00.392  5640  5696 D EGL_emulation: app_time_stats: avg=60285.29ms min=60285.29ms max=60285.29ms count=1
06-21 14:28:29.093   344   344 E android.hardware.power.stats@1.0-service-mock: Failed to getEnergyData
06-21 14:28:33.295  5640  5696 D EGL_emulation: app_time_stats: avg=32902.71ms min=32902.71ms max=32902.71ms count=1
06-21 14:28:49.516  5458  5469 I system_server: Background young concurrent copying GC freed 253084(17MB) AllocSpace objects, 5(100KB) LOS objects, 40% free, 26MB/44MB, paused 5.819ms,734us total 79.994ms
06-21 14:29:00.348  5640  5696 D EGL_emulation: app_time_stats: avg=27052.99ms min=27052.99ms max=27052.99ms count=1
06-21 14:29:07.137 15739 27774 W ProcessReaper: Memory state is: 100
06-21 14:29:13.240  5640  5696 D EGL_emulation: app_time_stats: avg=12892.08ms min=12892.08ms max=12892.08ms count=1
06-21 14:29:14.475 15348 27291 I AlarmManager: setExactAndAllowWhileIdle [name: GCM_HB_ALARM type: 2 triggerAtMillis: 11521573]
06-21 14:29:14.486 15348 27291 I AlarmManager: setExactAndAllowWhileIdle [name: GCM_HB_ALARM type: 2 triggerAtMillis: 11521583]
06-21 14:29:39.992  5458  5469 I system_server: Background young concurrent copying GC freed 256120(18MB) AllocSpace objects, 4(80KB) LOS objects, 39% free, 26MB/44MB, paused 18.535ms,4.640ms total 323.946ms
06-21 14:29:53.276  5640  5696 D EGL_emulation: app_time_stats: avg=40035.17ms min=40035.17ms max=40035.17ms count=1
06-21 14:30:00.106  5640  5696 D EGL_emulation: app_time_stats: avg=6829.45ms min=6829.45ms max=6829.45ms count=1
06-21 14:30:29.093   344   344 E android.hardware.power.stats@1.0-service-mock: Failed to getEnergyData
06-21 14:30:29.832  5458  5469 I system_server: WaitForGcToComplete blocked Background on None for 11.636ms
06-21 14:30:30.048  5458  5469 I system_server: Background young concurrent copying GC freed 253687(17MB) AllocSpace objects, 4(80KB) LOS objects, 39% free, 26MB/44MB, paused 9.178ms,265us total 214.164ms
06-21 14:30:40.011  5458  8236 D WifiNl80211Manager: Scan result ready event
06-21 14:30:40.012  5458  8236 D WifiNative: Scan result ready event
06-21 14:30:52.974  5776  5784 W m.android.phon: Reducing the number of considered missed Gc histogram windows from 114 to 100
06-21 14:31:00.343  5640  5696 D EGL_emulation: app_time_stats: avg=60235.89ms min=60235.89ms max=60235.89ms count=1
06-21 14:31:20.106  5458  5469 I system_server: Background young concurrent copying GC freed 257098(17MB) AllocSpace objects, 4(80KB) LOS objects, 40% free, 26MB/44MB, paused 1.062ms,527us total 141.522ms
06-21 14:31:33.293  5640  5696 D EGL_emulation: app_time_stats: avg=32948.02ms min=32948.02ms max=32948.02ms count=1
06-21 14:32:00.370  5640  5696 D EGL_emulation: app_time_stats: avg=27073.67ms min=27073.67ms max=27073.67ms count=1
06-21 14:32:13.235  5640  5696 D EGL_emulation: app_time_stats: avg=12864.21ms min=12864.21ms max=12864.21ms count=1
06-21 14:32:29.097   344   344 E android.hardware.power.stats@1.0-service-mock: Failed to getEnergyData
06-21 14:32:53.293  5640  5696 D EGL_emulation: app_time_stats: avg=40057.47ms min=40057.47ms max=40057.47ms count=1
06-21 14:33:00.153  5640  5696 D EGL_emulation: app_time_stats: avg=6860.20ms min=6860.20ms max=6860.20ms count=1
06-21 14:33:09.569  5458  5469 I system_server: Background young concurrent copying GC freed 259535(18MB) AllocSpace objects, 6(136KB) LOS objects, 39% free, 26MB/44MB, paused 11.823ms,510us total 129.180ms
06-21 14:33:45.248  5640  5702 D ControlsListingControllerImpl: Subscribing callback, service count: 0
06-21 14:33:45.285  5640  5702 D ControlsListingControllerImpl: Unsubscribing callback
06-21 14:33:59.921  5458  5469 I system_server: Background young concurrent copying GC freed 251006(17MB) AllocSpace objects, 4(80KB) LOS objects, 37% free, 27MB/44MB, paused 6.781ms,393us total 328.932ms
06-21 14:34:00.444  5640  5696 D EGL_emulation: app_time_stats: avg=60273.37ms min=60273.37ms max=60273.37ms count=1
06-21 14:34:29.099   344   344 E android.hardware.power.stats@1.0-service-mock: Failed to getEnergyData
06-21 14:34:33.320  5640  5696 D EGL_emulation: app_time_stats: avg=32875.83ms min=32875.83ms max=32875.83ms count=1
06-21 14:34:49.921  5458  5469 I system_server: Background young concurrent copying GC freed 250197(17MB) AllocSpace objects, 4(80KB) LOS objects, 37% free, 27MB/44MB, paused 870us,1.143ms total 333.278ms
06-21 14:35:00.553  5640  5696 D EGL_emulation: app_time_stats: avg=27232.15ms min=27232.15ms max=27232.15ms count=1
06-21 14:35:13.226  5640  5696 D EGL_emulation: app_time_stats: avg=12673.20ms min=12673.20ms max=12673.20ms count=1
06-21 14:35:19.978  5458  5750 D WifiNl80211Manager: Scan result ready event
06-21 14:35:19.978  5458  5750 D WifiNative: Scan result ready event
06-21 14:35:39.746  5458  5469 I system_server: Background young concurrent copying GC freed 250869(17MB) AllocSpace objects, 4(80KB) LOS objects, 37% free, 27MB/44MB, paused 4.823ms,32.263ms total 129.119ms
06-21 14:35:53.314  5640  5696 D EGL_emulation: app_time_stats: avg=40086.96ms min=40086.96ms max=40086.96ms count=1
06-21 14:36:00.169  5458  5458 W Looper  : Slow dispatch took 164ms main h=com.android.server.alarm.AlarmManagerService$AlarmHandler c=com.android.server.alarm.AlarmManagerService$3$$ExternalSyntheticLambda0@1744303 m=0
06-21 14:36:00.427  5640  5696 D EGL_emulation: app_time_stats: avg=7112.62ms min=7112.62ms max=7112.62ms count=1
06-21 14:36:29.103   344   344 E android.hardware.power.stats@1.0-service-mock: Failed to getEnergyData
06-21 14:36:56.258  5625  5625 I wpa_supplicant: wlan0: CTRL-EVENT-DISCONNECTED bssid=00:13:10:85:fe:01 reason=4 locally_generated=1
06-21 14:36:56.265  5385  5385 I wificond: Regulatory domain changed
06-21 14:36:56.286  5625  5625 I wpa_supplicant: wlan0: CTRL-EVENT-REGDOM-CHANGE init=CORE type=WORLD
06-21 14:36:56.302  5385  5385 I wificond: 2.4Ghz frequencies: 2412 2417 2422 2427 2432 2437 2442 2447 2452 2457 2462 2467 2472 2484
06-21 14:36:56.302  5385  5385 I wificond: 5Ghz non-DFS frequencies:
06-21 14:36:56.304  5385  5385 I wificond: 5Ghz DFS frequencies: 5180 5200 5220 5240 5260 5280 5300 5320 5500 5520 5540 5560 5580 5600 5620 5640 5660 5680 5700 5745 5765 5785 5805 5825
06-21 14:36:56.312  5385  5385 I wificond: 6Ghz frequencies:
06-21 14:36:56.317  5385  5385 I wificond: 60Ghz frequencies:
06-21 14:36:56.390  5458  5565 E WifiVendorHal: stopRssiMonitoring(l.2617) failed {.code = ERROR_NOT_AVAILABLE, .description = }
06-21 14:36:56.414  5716  5928 D DhcpClient: doQuit
06-21 14:36:56.421  5458  5572 D ConnectivityService: [102 WIFI] EVENT_NETWORK_INFO_CHANGED, going from CONNECTED to DISCONNECTED
06-21 14:36:56.429  5458  5572 D ConnectivityService: [102 WIFI] disconnected, was satisfying 54
06-21 14:36:56.496  5458  5565 D WifiClientModeImpl[wlan0]: ClientModeImpl: Leaving Connected state
06-21 14:36:56.502  5458  5565 D WifiCountryCode: evaluateAllCmmStateAndApplyIfAllReady: {ConcreteClientModeManager{id=1382602 iface=wlan0 role=ROLE_CLIENT_PRIMARY}=true}
06-21 14:36:56.505  5458  5565 D WifiCountryCode: updateCountryCode to US
06-21 14:36:56.509  5458  5565 D WifiNative: onSetCountryCodeSucceeded: US
06-21 14:36:56.510  5458  5565 I WifiCountryCode: Receive onSetCountryCodeSucceeded US
06-21 14:36:56.516  5458  5565 I WifiClientModeImpl[wlan0]: disconnectedstate enter
06-21 14:36:56.537  5458  5565 E WifiScoringParams: Invalid frequency(-1), using 5G as default rssi array
06-21 14:36:56.622  5458  5475 I GnssNetworkConnectivityHandler: Network connection lost. Available networks count: 1
06-21 14:36:56.623  5458  5475 I GnssNetworkConnectivityHandler: updateNetworkState, state=CLOSED, connected=false, network=102, capabilities=[ Transports: WIFI Capabilities: NOT_METERED&INTERNET&NOT_RESTRICTED&TRUSTED&NOT_VPN&VALIDATED&NOT_ROAMING&FOREGROUND&NOT_CONGESTED&NOT_SUSPENDED&NOT_VCN_MANAGED LinkUpBandwidth>=12000Kbps LinkDnBandwidth>=30000Kbps TransportInfo: <SSID: <unknown ssid>, BSSID: 02:00:00:00:00:00, MAC: 02:00:00:00:00:00, Security type: 0, Supplicant state: COMPLETED, Wi-Fi standard: 1, RSSI: -50, Link speed: 1Mbps, Tx Link speed: 1Mbps, Max Supported Tx Link speed: 11Mbps, Rx Link speed: -1Mbps, Max Supported Rx Link speed: 11Mbps, Frequency: 2447MHz, Net ID: -1, Metered hint: false, score: 60, CarrierMerged: false, SubscriptionId: -1, IsPrimary: 1> SignalStrength: -50 SSID: "AndroidWifi"], apn: , availableNetworkCount: 1
06-21 14:36:56.639  5458  5565 D WifiNetworkAgent: NetworkAgent: NetworkAgent channel lost
06-21 14:36:56.639  5458  5565 I WifiService: onDriverCountryCodeChanged US
06-21 14:36:56.649  5716  5928 D DhcpClient: DHCP Packet Handler stopped
06-21 14:36:56.653  5716  5928 D DhcpClient: onQuitting
06-21 14:36:56.687  5716  5867 D UpstreamNetworkMonitor: Lost default Internet network: 102
06-21 14:36:56.741 15348 26315 V NativeCrypto: Read error: ssl=0x72a326c48d58: I/O error during system call, Software caused connection abort
06-21 14:36:56.894  5458  5458 W Looper  : Slow dispatch took 272ms main h=com.android.server.job.JobSchedulerService$JobHandler c=null m=1
06-21 14:36:56.909  5458  5458 W Looper  : Slow delivery took 290ms main h=android.net.ConnectivityManager$CallbackHandler c=null m=4
06-21 14:36:57.009 15348 27779 V NativeCrypto: SSL shutdown failed: ssl=0x72a326c48d58: I/O error during system call, Broken pipe
06-21 14:36:57.017  8536  8905 I BugleRcsEngine: [64] alsz.d: Checking if using CarrierServices.apk is possible. Enabled: true, isAtLeastM: true, runningInsideBugle: true
06-21 14:36:57.023  8536  8883 I BugleRcsEngine: [59] akkw.d: Connected state: [2], networkType: [null]
06-21 14:36:57.033  8536  8905 W BugleRcsEngine: [64] alsz.g: Carrier Services Apk was not found.
06-21 14:36:57.045  8536  8905 I BugleRcsEngine: [64] alsz.e: Cannot get service version because CS.apk was not found, not pre-loaded or disabled.
06-21 14:36:57.074  8536  8905 W BugleRcsEngine: [64] alsz.e: Service with meta data key: JibeServiceApiVersions is not compatible. Service Version 1 is not supported. Supported versions: []
06-21 14:36:57.184  5458  5458 W Looper  : Drained
06-21 14:36:57.216 15348 27779 E WakeLock: GCM_HB_ALARM release without a matched acquire!
06-21 14:36:57.217 15348 27779 W WakeLock: GCM_HB_ALARM counter does not exist
06-21 14:36:57.245  5458  5750 W ContentProviderHelper: Slow operation: 120ms so far, now at getContentProviderImpl: after updateOomAdj
06-21 14:36:57.246  5458  5750 W ContentProviderHelper: Slow operation: 120ms so far, now at getContentProviderImpl: done!
06-21 14:36:57.265  8536  8905 I BugleRcsEngine: [64] albk.n: No RCS Configuration was found in Bugle for simID: redacted-pii:sim_id[20-chars]
06-21 14:36:57.313  5640  5696 D EGL_emulation: app_time_stats: avg=56886.07ms min=56886.07ms max=56886.07ms count=1
06-21 14:36:57.341 15348 27779 I AlarmManager: setExactAndAllowWhileIdle [name: GCM_CONN_ALARM type: 2 triggerAtMillis: 11520261]
06-21 14:36:57.346 15348 27779 E WakeLock: GCM_CONN_ALARM release without a matched acquire!
06-21 14:36:57.352 15348 27779 W WakeLock: GCM_CONN_ALARM counter does not exist
06-21 14:36:57.361  5458  5572 D ConnectivityService: Sending DISCONNECTED broadcast for type 1 [102 WIFI] isDefaultNetwork=true
06-21 14:36:57.362  5458  5572 W ContextImpl: Calling a method in the system process without a qualified user: android.app.ContextImpl.sendStickyBroadcast:1559 com.android.server.ConnectivityService.sendStickyBroadcast:2790 com.android.server.ConnectivityService.sendLegacyNetworkBroadcast:8711 com.android.server.ConnectivityService$LegacyTypeTracker.remove:1007 com.android.server.ConnectivityService$LegacyTypeTracker.remove:1024 
06-21 14:36:57.364  5458  5572 D ConnectivityService: NetReassign [72 : null  101, 206 : null  101, 17 : null  101, 214 : null  101, 77 : null  101, 19 : null  101, 30 : null  101, 216 : null  101, 55 : null  101, 25 : null  101, 1 : null  101, 232 : null  101, 70 : null  101, 47 : null  101, 15 : null  101, 229 : null  101, 135 : null  101, 7 : null  101, 236 : null  101, 63 : null  101, 203 : null  101, 103 : null  101, 147 : null  101, 123 : null  101, 226 : null  101, 28 : null  101, 224 : null  101, 128 : null  101, 89 : null  101, 112 : null  101, 23 : null  101, 84 : null  101, 34 : null  101, 38 : null  101, 94 : null  101, 196 : null  101, 21 : null  101, 50 : null  101]
06-21 14:36:57.365  5458  5572 D ConnectivityService: Switching to new default network for: uid/pid:1000/5458 activeRequest: 1 callbackRequest: 1 [NetworkRequest [ REQUEST id=1, [ Capabilities: INTERNET&NOT_RESTRICTED&TRUSTED&NOT_VPN&NOT_VCN_MANAGED RequestorUid: 1000 RequestorPkg: android] ]] callback flags: 1 priority: 2147483647 using NetworkAgentInfo{network{101}  handle{437197393933}  ni{MOBILE[HSPA] CONNECTED extra: epc.tmobile.com} Score(50 ; KeepConnected : 0 ; Policies : EVER_VALIDATED&IS_VALIDATED)  everValidated lastValidated  lp{{InterfaceName: eth0 LinkAddresses: [ 10.0.2.15/24 ] DnsAddresses: [ /10.0.2.3 ] Domains: null MTU: 1500 TcpBufferSizes: 40778,244668,734003,16777,100663,301990 Routes: [ 0.0.0.0/0 -> 10.0.2.2 eth0 mtu 1500,10.0.2.0/24 -> 0.0.0.0 eth0 mtu 0 ]}}  nc{[ Transports: CELLULAR Capabilities: MMS&SUPL&DUN&FOTA&IMS&CBS&INTERNET&NOT_RESTRICTED&TRUSTED&NOT_VPN&VALIDATED&NOT_ROAMING&NOT_CONGESTED&NOT_SUSPENDED&NOT_VCN_MANAGED LinkUpBandwidth>=1800Kbps LinkDnBandwidth>=4300Kbps Specifier: <TelephonyNetworkSpecifier [mSubId = 1]> SubscriptionIds: {1}]}}
06-21 14:36:57.376 23873 23873 I DeviceStatusMonitor: DeviceStatusMonitor$1.onReceive():57 onReceive() : Action = android.net.conn.CONNECTIVITY_CHANGE
06-21 14:36:57.387  5458  5496 W BroadcastQueue: Target SDK mismatch: receiver ActivityInfo{4f53b80 com.google.android.apps.photos.actionqueue.impl.SystemReceiver} targets 31 but delivery restricted to [0, 23] broadcasting Intent { act=android.net.conn.CONNECTIVITY_CHANGE flg=0x4200010 (has extras) } from android (pid=5458, uid=1000) to com.google.android.apps.photos/.actionqueue.impl.SystemReceiver
06-21 14:36:57.390  5458  5496 W BroadcastQueue: Target SDK mismatch: receiver ActivityInfo{98b85b9 com.google.android.apps.photos.jobqueue.JobServiceBroadcastReceiver} targets 31 but delivery restricted to [0, 23] broadcasting Intent { act=android.net.conn.CONNECTIVITY_CHANGE flg=0x4200010 (has extras) } from android (pid=5458, uid=1000) to com.google.android.apps.photos/.jobqueue.JobServiceBroadcastReceiver
06-21 14:36:57.390 23873 23873 I DeviceStatusMonitor: DeviceStatusMonitor.notifyIfNetworkChanged():158 notifyIfNetworkChanged: newState = METERED, airplaneModeOn = false, notifyAnyway = false
06-21 14:36:57.392  5458  5496 W BroadcastQueue: Target SDK mismatch: receiver ActivityInfo{93c7dfe com.google.android.gms.gcm.ServiceAutoStarter} targets 34 but delivery restricted to [0, 23] broadcasting Intent { act=android.net.conn.CONNECTIVITY_CHANGE flg=0x4200010 (has extras) } from android (pid=5458, uid=1000) to com.google.android.gms/.gcm.ServiceAutoStarter
06-21 14:36:57.393 23873 23873 I NetworkInfoNotification: NetworkInfoNotification$Listener.onReceive():89 onNetworkAvailable: networkState = METERED, isAirplaneModeOn = false
06-21 14:36:57.394 23873 27927 I NetworkInfoNotification: NetworkInfoNotification$Listener.onReceive():89 onNetworkAvailable: networkState = METERED, isAirplaneModeOn = false
06-21 14:36:57.397 23873 27926 I NetworkInfoNotification: NetworkInfoNotification$Listener.onReceive():89 onNetworkAvailable: networkState = METERED, isAirplaneModeOn = false
06-21 14:36:57.437 27027 27931 I Bugle   : CountryCodeDetector: updateMainDeviceCountry from default subscription network country. detected country: us
06-21 14:36:57.445  5384  5398 E NetlinkEvent: NetlinkEvent::FindParam(): Parameter 'INTERFACE' not found
06-21 14:36:57.445  5384  5398 E NetlinkEvent: NetlinkEvent::FindParam(): Parameter 'STATE' not found
06-21 14:36:57.445  5384  5398 E NetlinkEvent: NetlinkEvent::FindParam(): Parameter 'TIME_NS' not found
06-21 14:36:57.445  5384  5398 E NetlinkEvent: NetlinkEvent::FindParam(): Parameter 'UID' not found
06-21 14:36:57.570  5716  5867 D UpstreamNetworkMonitor: New default Internet network: 101
06-21 14:36:57.657  5458  5715 D NetworkTimeUpdateService: New default network 101; checking time.
06-21 14:36:57.664  8536  8905 I BugleRcsEngine: [64] alsz.d: Checking if using CarrierServices.apk is possible. Enabled: true, isAtLeastM: true, runningInsideBugle: true
06-21 14:36:57.665  8536  8883 I BugleRcsEngine: [59] akkw.d: Connected state: [1], networkType: [MOBILE]
06-21 14:36:57.668  8536  8905 W BugleRcsEngine: [64] alsz.g: Carrier Services Apk was not found.
06-21 14:36:57.668  8536  8905 I BugleRcsEngine: [64] alsz.e: Cannot get service version because CS.apk was not found, not pre-loaded or disabled.
06-21 14:36:57.668  8536  8905 W BugleRcsEngine: [64] alsz.e: Service with meta data key: JibeServiceApiVersions is not compatible. Service Version 1 is not supported. Supported versions: []
06-21 14:36:57.700  8536  8905 I BugleRcsEngine: [64] albk.n: No RCS Configuration was found in Bugle for simID: redacted-pii:sim_id[20-chars]
06-21 14:36:57.701  8536  8905 I BugleRcsEngine: [64] alsz.d: Checking if using CarrierServices.apk is possible. Enabled: true, isAtLeastM: true, runningInsideBugle: true
06-21 14:36:57.712  8536  8883 I BugleRcsEngine: [59] akkw.d: Connected state: [1], networkType: [MOBILE]
06-21 14:36:57.712  8536  8905 W BugleRcsEngine: [64] alsz.g: Carrier Services Apk was not found.
06-21 14:36:57.712  8536  8905 I BugleRcsEngine: [64] alsz.e: Cannot get service version because CS.apk was not found, not pre-loaded or disabled.
06-21 14:36:57.712  8536  8905 W BugleRcsEngine: [64] alsz.e: Service with meta data key: JibeServiceApiVersions is not compatible. Service Version 1 is not supported. Supported versions: []
06-21 14:36:57.749  8536  8905 I BugleRcsEngine: [64] albk.n: No RCS Configuration was found in Bugle for simID: redacted-pii:sim_id[20-chars]
06-21 14:36:57.815  8536  8905 I BugleRcsEngine: [64] alsz.d: Checking if using CarrierServices.apk is possible. Enabled: true, isAtLeastM: true, runningInsideBugle: true
06-21 14:36:57.825  8536  8905 W BugleRcsEngine: [64] alsz.g: Carrier Services Apk was not found.
06-21 14:36:57.826  8536  8883 I BugleRcsEngine: [59] akkw.d: Connected state: [1], networkType: [MOBILE]
06-21 14:36:57.826  8536  8905 I BugleRcsEngine: [64] alsz.e: Cannot get service version because CS.apk was not found, not pre-loaded or disabled.
06-21 14:36:57.844 15348 26315 I NetworkManagementSocketTagger: tagSocketFd(-1, 536871943, -1) failed with errno-9
06-21 14:36:57.852  8536  8905 W BugleRcsEngine: [64] alsz.e: Service with meta data key: JibeServiceApiVersions is not compatible. Service Version 1 is not supported. Supported versions: []
06-21 14:36:57.901  5458  5572 D ConnectivityService: Sending CONNECTED broadcast for type 0 [101 CELLULAR] isDefaultNetwork=true
06-21 14:36:57.902  8536  8905 I BugleRcsEngine: [64] albk.n: No RCS Configuration was found in Bugle for simID: redacted-pii:sim_id[20-chars]
06-21 14:36:57.903  5458  5572 W ContextImpl: Calling a method in the system process without a qualified user: android.app.ContextImpl.sendStickyBroadcast:1559 com.android.server.ConnectivityService.sendStickyBroadcast:2790 com.android.server.ConnectivityService.sendGeneralBroadcast:2765 com.android.server.ConnectivityService.sendConnectedBroadcast:2738 com.android.server.ConnectivityService.sendLegacyNetworkBroadcast:8683 
06-21 14:36:57.921 23873 23873 I DeviceStatusMonitor: DeviceStatusMonitor$1.onReceive():57 onReceive() : Action = android.net.conn.CONNECTIVITY_CHANGE
06-21 14:36:57.930 23873 23873 I DeviceStatusMonitor: DeviceStatusMonitor.notifyIfNetworkChanged():158 notifyIfNetworkChanged: newState = METERED, airplaneModeOn = false, notifyAnyway = false
06-21 14:36:57.933  5458  5496 W BroadcastQueue: Target SDK mismatch: receiver ActivityInfo{8328fac com.google.android.apps.photos.actionqueue.impl.SystemReceiver} targets 31 but delivery restricted to [0, 23] broadcasting Intent { act=android.net.conn.CONNECTIVITY_CHANGE flg=0x4200010 (has extras) } from android (pid=5458, uid=1000) to com.google.android.apps.photos/.actionqueue.impl.SystemReceiver
06-21 14:36:57.936  5458  5496 W BroadcastQueue: Target SDK mismatch: receiver ActivityInfo{55c475 com.google.android.apps.photos.jobqueue.JobServiceBroadcastReceiver} targets 31 but delivery restricted to [0, 23] broadcasting Intent { act=android.net.conn.CONNECTIVITY_CHANGE flg=0x4200010 (has extras) } from android (pid=5458, uid=1000) to com.google.android.apps.photos/.jobqueue.JobServiceBroadcastReceiver
06-21 14:36:57.940  5458  5496 W BroadcastQueue: Target SDK mismatch: receiver ActivityInfo{dde7c0a com.google.android.gms.gcm.ServiceAutoStarter} targets 34 but delivery restricted to [0, 23] broadcasting Intent { act=android.net.conn.CONNECTIVITY_CHANGE flg=0x4200010 (has extras) } from android (pid=5458, uid=1000) to com.google.android.gms/.gcm.ServiceAutoStarter
06-21 14:36:57.961  5458  5572 D ConnectivityService: reportNetworkConnectivity(101, false) by 10096
06-21 14:36:57.965  5716  6942 D NetworkMonitor/101: Forcing reevaluation for UID 10096. Dns signal count: 0
06-21 14:36:58.187  5716 27936 D NetworkMonitor/101: PROBE_DNS www.google.com 192ms OK 172.217.13.196,2607:f8b0:4020:804::2004
