06-21 13:29:34.027  5381  5381 D AF::TrackHandle: OpPlayAudio: track:58 usage:13 not muted
06-21 13:29:34.049 15566 15611 I Finsky  : [55] mqb.kH(16): [ContentSync] finished, scheduled=true
06-21 13:29:34.064  5381  5524 D AF::TrackHandle: OpPlayAudio: track:57 usage:13 not muted
06-21 13:29:34.064  5381  5595 D AF::TrackHandle: OpPlayAudio: track:56 usage:13 not muted
06-21 13:29:34.064  5381  5381 D AF::TrackHandle: OpPlayAudio: track:55 usage:13 not muted
06-21 13:29:34.064  5381  5524 D AF::TrackHandle: OpPlayAudio: track:57 usage:13 not muted
06-21 13:29:34.074  5381  5596 D AF::TrackHandle: OpPlayAudio: track:58 usage:13 not muted
06-21 13:29:34.089  5381  5524 D AF::TrackHandle: OpPlayAudio: track:58 usage:13 not muted
06-21 13:29:34.089  5381  5381 D AF::TrackHandle: OpPlayAudio: track:56 usage:13 not muted
06-21 13:29:34.089  5381  5596 D AF::TrackHandle: OpPlayAudio: track:55 usage:13 not muted
06-21 13:29:34.089  5381  5595 D AF::TrackHandle: OpPlayAudio: track:57 usage:13 not muted
06-21 13:29:34.102  5381  5381 D AF::TrackHandle: OpPlayAudio: track:58 usage:13 not muted
06-21 13:29:34.102  5381  5524 D AF::TrackHandle: OpPlayAudio: track:56 usage:13 not muted
06-21 13:29:34.102  5381  5596 D AF::TrackHandle: OpPlayAudio: track:57 usage:13 not muted
06-21 13:29:34.102  5381  5595 D AF::TrackHandle: OpPlayAudio: track:55 usage:13 not muted
06-21 13:29:34.117  5381  5524 D AF::TrackHandle: OpPlayAudio: track:58 usage:13 not muted
06-21 13:29:34.118  5381  5595 D AF::TrackHandle: OpPlayAudio: track:55 usage:13 not muted
06-21 13:29:34.132  5458  5458 W Looper  : Slow dispatch took 231ms main h=com.android.server.notification.ZenModeHelper$H c=null m=4
06-21 13:29:34.139  5381  5596 D AF::TrackHandle: OpPlayAudio: track:57 usage:13 not muted
06-21 13:29:34.158  5381  5381 D AF::TrackHandle: OpPlayAudio: track:56 usage:13 not muted
06-21 13:29:34.175  5381  5596 D AF::TrackHandle: OpPlayAudio: track:57 usage:13 not muted
06-21 13:29:34.176  5381  5596 D AF::TrackHandle: OpPlayAudio: track:57 usage:13 not muted
06-21 13:29:34.176  5381  5524 D AF::TrackHandle: OpPlayAudio: track:56 usage:13 not muted
06-21 13:29:34.176  5381  5524 D AF::TrackHandle: OpPlayAudio: track:56 usage:13 not muted
06-21 13:29:34.177  5381  5595 D AF::TrackHandle: OpPlayAudio: track:58 usage:13 not muted
06-21 13:29:34.177  5381  5595 D AF::TrackHandle: OpPlayAudio: track:58 usage:13 not muted
06-21 13:29:34.177  5381  5381 D AF::TrackHandle: OpPlayAudio: track:55 usage:13 not muted
06-21 13:29:34.178  5381  5381 D AF::TrackHandle: OpPlayAudio: track:55 usage:13 not muted
06-21 13:29:34.180 25587 25587 V GraphicsEnvironment: ANGLE Developer option for 'com.android.keychain' set to: 'default'
06-21 13:29:34.180 25587 25587 V GraphicsEnvironment: Neither updatable production driver nor prerelease driver is supported.
06-21 13:29:34.182 25587 25587 D NetworkSecurityConfig: No Network Security Config specified, using platform default
06-21 13:29:34.182 25587 25587 D NetworkSecurityConfig: No Network Security Config specified, using platform default
06-21 13:29:34.204  5381  5595 D AF::TrackHandle: OpPlayAudio: track:57 usage:13 not muted
06-21 13:29:34.205  5381  5381 D AF::TrackHandle: OpPlayAudio: track:55 usage:13 not muted
06-21 13:29:34.207  5381  5595 D AF::TrackHandle: OpPlayAudio: track:56 usage:13 not muted
06-21 13:29:34.210  5381  5524 D AF::TrackHandle: OpPlayAudio: track:57 usage:13 not muted
06-21 13:29:34.213  5381  5524 D AF::TrackHandle: OpPlayAudio: track:56 usage:13 not muted
06-21 13:29:34.221  5381  5595 D AF::TrackHandle: OpPlayAudio: track:55 usage:13 not muted
06-21 13:29:34.228  5381  5381 D AF::TrackHandle: OpPlayAudio: track:58 usage:13 not muted
06-21 13:29:34.234  5381  5381 D AF::TrackHandle: OpPlayAudio: track:58 usage:13 not muted
06-21 13:29:34.249 15360 25572 I Blockstore: (REDACTED) [DataStoreImpl] Clearing all the Blockstore Data for package %s
06-21 13:29:34.250 15360 25572 I Blockstore: (REDACTED) [DataStoreImpl] Clearing all the Blockstore Data for %s packages
06-21 13:29:34.253 15360 25572 I Blockstore: (REDACTED) [DataStoreImpl] Removing Blockstore data for packages %s
06-21 13:29:34.260  5381  5381 D AF::TrackHandle: OpPlayAudio: track:55 usage:13 not muted
06-21 13:29:34.270  5381  5595 D AF::TrackHandle: OpPlayAudio: track:57 usage:13 not muted
06-21 13:29:34.272  5381  5595 D AF::TrackHandle: OpPlayAudio: track:58 usage:13 not muted
06-21 13:29:34.277  5381  5595 D AF::TrackHandle: OpPlayAudio: track:56 usage:13 not muted
06-21 13:29:34.281  5381  5595 D AF::TrackHandle: OpPlayAudio: track:55 usage:13 not muted
06-21 13:29:34.286  5381  5595 D AF::TrackHandle: OpPlayAudio: track:57 usage:13 not muted
06-21 13:29:34.292  5381  5595 D AF::TrackHandle: OpPlayAudio: track:58 usage:13 not muted
06-21 13:29:34.293  5381  5595 D AF::TrackHandle: OpPlayAudio: track:56 usage:13 not muted
06-21 13:29:34.294  5381  5595 D AF::TrackHandle: OpPlayAudio: track:55 usage:13 not muted
06-21 13:29:34.310  5381  5595 D AF::TrackHandle: OpPlayAudio: track:57 usage:13 not muted
06-21 13:29:34.321  5381  5595 D AF::TrackHandle: OpPlayAudio: track:58 usage:13 not muted
06-21 13:29:34.322  5381  5524 D AF::TrackHandle: OpPlayAudio: track:55 usage:13 not muted
06-21 13:29:34.324  5381  5596 D AF::TrackHandle: OpPlayAudio: track:55 usage:13 not muted
06-21 13:29:34.325  5381  5524 D AF::TrackHandle: OpPlayAudio: track:58 usage:13 not muted
06-21 13:29:34.325  5381  5524 D AF::TrackHandle: OpPlayAudio: track:58 usage:13 not muted
06-21 13:29:34.327  5381  5381 D AF::TrackHandle: OpPlayAudio: track:56 usage:13 not muted
06-21 13:29:34.329  5381  5381 D AF::TrackHandle: OpPlayAudio: track:56 usage:13 not muted
06-21 13:29:34.330  5381  5381 D AF::TrackHandle: OpPlayAudio: track:56 usage:13 not muted
06-21 13:29:34.345  5458  5517 I PackageManager: Removing permission io.github.ylimit.droidbotapp.DYNAMIC_RECEIVER_NOT_EXPORTED_PERMISSION that used to be declared by io.github.ylimit.droidbotapp
06-21 13:29:34.345  5458  5517 I PackageManager: Permission ownership changed. Updating all permissions.
06-21 13:29:34.346  5381  5595 D AF::TrackHandle: OpPlayAudio: track:57 usage:13 not muted
06-21 13:29:34.346  5458  5458 W Looper  : Slow dispatch took 213ms main h=com.android.providers.settings.SettingsProvider$SettingsRegistry$MyHandler c=null m=2
06-21 13:29:34.384  5458  5475 W Looper  : Drained
06-21 13:29:34.531  1999  1999 W adbd    : timeout expired while flushing socket, closing
06-21 13:29:34.581  5458  5458 W Looper  : Slow dispatch took 220ms main h=com.android.providers.settings.SettingsProvider$SettingsRegistry$MyHandler c=null m=1
06-21 13:29:34.591  5381  5595 D AF::TrackHandle: OpPlayAudio: track:57 usage:13 not muted
06-21 13:29:34.601  5458  5475 W Looper  : Slow dispatch took 158ms android.fg h=android.os.Handler c=<recycled PooledLambda@b18507f> m=0
06-21 13:29:34.624  5458  5475 W Looper  : Slow delivery took 228ms android.fg h=android.os.Handler c=<recycled PooledLambda@31b284c> m=0
06-21 13:29:34.663  5458  5762 D CompatibilityChangeReporter: Compat change id reported: 135634846; UID 10114; state: DISABLED
06-21 13:29:34.664  5458  5497 D CompatibilityChangeReporter: Compat change id reported: 143937733; UID 10114; state: ENABLED
06-21 13:29:34.671  5380  5380 D Zygote  : Forked child process 25652
06-21 13:29:34.713  5458  5497 W ActivityManager: Slow operation: 52ms so far, now at startProcess: done updating battery stats
06-21 13:29:34.714  5458  5497 W ActivityManager: Slow operation: 52ms so far, now at startProcess: building log message
06-21 13:29:34.714  5458  5497 I ActivityManager: Start proc 25652:com.google.android.apps.maps/u0a114 for broadcast {com.google.android.apps.maps/com.google.android.libraries.social.peoplekit.thirdparty.viewcontrollers.ThirdPartyReceiver}
06-21 13:29:34.714  5458  5497 W ActivityManager: Slow operation: 53ms so far, now at startProcess: starting to update pids map
06-21 13:29:34.714  5458  5497 W ActivityManager: Slow operation: 53ms so far, now at startProcess: done updating pids map
06-21 13:29:34.716  5458  5496 I ActivityManager: Force stopping io.github.ylimit.droidbotapp appid=10149 user=-1: deletePackageX
06-21 13:29:34.730 25652 25652 W droid.apps.map: Unexpected CPU variant for X86 using defaults: x86_64
06-21 13:29:34.737 25652 25652 E droid.apps.map: Not starting debugger since process cannot load the jdwp agent.
06-21 13:29:34.765  5458  5496 I ActivityManager: Killing 25290:io.github.ylimit.droidbotapp/u0a149 (adj 100): stop io.github.ylimit.droidbotapp due to deletePackageX
06-21 13:29:34.791  5458  5475 W Looper  : Slow dispatch took 163ms android.fg h=android.os.Handler c=<recycled PooledLambda@756dfca> m=0
06-21 13:29:34.811  5458  5498 I libprocessgroup: Successfully killed process cgroup uid 10149 pid 25290 in 45ms
06-21 13:29:34.850  5458  5458 W Looper  : Slow dispatch took 262ms main h=android.os.Handler c=android.database.ContentObserver$$ExternalSyntheticLambda0@91bb50 m=0
06-21 13:29:34.905  5458  8862 V ActivityManager: Got obituary of 25290:io.github.ylimit.droidbotapp
06-21 13:29:34.909  5380  5380 I Zygote  : Process 25290 exited due to signal 9 (Killed)
06-21 13:29:34.921  5458  5617 I WindowManager: WIN DEATH: Window{921f0a8 u0 InputMethod}
06-21 13:29:34.922  5458  5617 W InputManager-JNI: Input channel object '921f0a8 InputMethod (client)' was disposed without first being removed with the input manager!
06-21 13:29:34.965  5458  5478 W ActivityManager: setHasOverlayUi called on unknown pid: 25290
06-21 13:29:34.984  5458  7345 D CompatibilityChangeReporter: Compat change id reported: 168419799; UID 10114; state: DISABLED
06-21 13:29:35.008  5458  5762 I ActivityManager: Killing 6392:com.google.process.gservices/u0a96 (adj 975): empty #17
06-21 13:29:35.015  5458  5498 I libprocessgroup: Successfully killed process cgroup uid 10096 pid 6392 in 0ms
06-21 13:29:35.051  5458  5458 W Looper  : Slow dispatch took 160ms main h=android.app.PropertyInvalidatedCache$AutoCorker$1 c=null m=0
06-21 13:29:35.056 25652 25652 D CompatibilityChangeReporter: Compat change id reported: 171979766; UID 10114; state: ENABLED
06-21 13:29:35.092  5458  6474 W InputMethodManagerService: Session failed to close due to remote exception
06-21 13:29:35.092  5458  6474 W InputMethodManagerService: android.os.DeadObjectException
06-21 13:29:35.092  5458  6474 W InputMethodManagerService: 	at android.os.BinderProxy.transactNative(Native Method)
06-21 13:29:35.092  5458  6474 W InputMethodManagerService: 	at android.os.BinderProxy.transact(BinderProxy.java:571)
06-21 13:29:35.092  5458  6474 W InputMethodManagerService: 	at com.android.internal.view.IInputMethodSession$Stub$Proxy.finishSession(IInputMethodSession.java:425)
06-21 13:29:35.092  5458  6474 W InputMethodManagerService: 	at com.android.server.inputmethod.InputMethodManagerService.finishSessionLocked(InputMethodManagerService.java:2631)
06-21 13:29:35.092  5458  6474 W InputMethodManagerService: 	at com.android.server.inputmethod.InputMethodManagerService.clearClientSessionLocked(InputMethodManagerService.java:2622)
06-21 13:29:35.092  5458  6474 W InputMethodManagerService: 	at com.android.server.inputmethod.InputMethodManagerService.clearCurMethodLocked(InputMethodManagerService.java:2649)
06-21 13:29:35.092  5458  6474 W InputMethodManagerService: 	at com.android.server.inputmethod.InputMethodManagerService.unbindCurrentMethodLocked(InputMethodManagerService.java:2601)
06-21 13:29:35.092  5458  6474 W InputMethodManagerService: 	at com.android.server.inputmethod.InputMethodManagerService.startInputUncheckedLocked(InputMethodManagerService.java:2436)
06-21 13:29:35.092  5458  6474 W InputMethodManagerService: 	at com.android.server.inputmethod.InputMethodManagerService.startInputOrWindowGainedFocusInternalLocked(InputMethodManagerService.java:3584)
06-21 13:29:35.092  5458  6474 W InputMethodManagerService: 	at com.android.server.inputmethod.InputMethodManagerService.startInputOrWindowGainedFocusInternal(InputMethodManagerService.java:3308)
06-21 13:29:35.092  5458  6474 W InputMethodManagerService: 	at com.android.server.inputmethod.InputMethodManagerService.startInputOrWindowGainedFocus(InputMethodManagerService.java:3264)
06-21 13:29:35.092  5458  6474 W InputMethodManagerService: 	at com.android.internal.view.IInputMethodManager$Stub.onTransact(IInputMethodManager.java:384)
06-21 13:29:35.092  5458  6474 W InputMethodManagerService: 	at com.android.server.inputmethod.InputMethodManagerService.onTransact(InputMethodManagerService.java:1754)
06-21 13:29:35.092  5458  6474 W InputMethodManagerService: 	at android.os.Binder.execTransactInternal(Binder.java:1179)
06-21 13:29:35.092  5458  6474 W InputMethodManagerService: 	at android.os.Binder.execTransact(Binder.java:1143)
06-21 13:29:35.094  5458  6475 W WindowManager: Cannot find window which accessibility connection is added to
06-21 13:29:35.140 15348 25616 I Fitness : (REDACTED) FitCleanupIntentOperation received Intent %s
06-21 13:29:35.172  5458  5475 W Looper  : Slow dispatch took 282ms android.fg h=android.os.Handler c=<recycled PooledLambda@380226d> m=0
06-21 13:29:35.180 15360 25571 W SQLiteLog: (28) double-quoted string literal: "com.sololearn"
06-21 13:29:35.214 15360 16292 I Icing   : doRemovePackageData com.sololearn
06-21 13:29:35.271 23873 23873 I KeyboardViewUtil: KeyboardViewUtil.getKeyboardHeightRatio():166 systemKeyboardHeightRatio:1.000000; userKeyboardHeightRatio:1.000000.
06-21 13:29:35.289  5380  5380 I Zygote  : Process 6392 exited due to signal 9 (Killed)
06-21 13:29:35.297  5458  5495 I CompanionDeviceManagerService: Writing associations to disk: []
06-21 13:29:35.342  5458  5458 W Looper  : Slow dispatch took 209ms main h=android.os.Handler c=android.database.ContentObserver$$ExternalSyntheticLambda0@43e9762 m=0
06-21 13:29:35.343 23873 23873 I GoogleInputMethodService: GoogleInputMethodService.initializeKeyboardTheme():1399 Apply keyboard theme: theme_border_stylesheet_googleblue_materiallight_builtin_google_blue_light.binarypb_port
06-21 13:29:35.357 25652 25652 D nativeloader: classloader namespace configured for unbundled product apk. library_path=/product/app/Maps/lib/x86_64:/product/app/Maps/Maps.apk!/lib/x86_64:/product/lib64:/system/product/lib64
06-21 13:29:35.416 25652 25652 V GraphicsEnvironment: ANGLE Developer option for 'com.google.android.apps.maps' set to: 'default'
06-21 13:29:35.416 25652 25652 V GraphicsEnvironment: Neither updatable production driver nor prerelease driver is supported.
06-21 13:29:35.444 25652 25652 D NetworkSecurityConfig: No Network Security Config specified, using platform default
06-21 13:29:35.444 23873 23873 I NormalModeController: NormalModeController.getKeyboardBodyViewHolderPaddingBottom():109 currentPrimeKeyboardType:SOFT systemPaddingBottom:-1
06-21 13:29:35.444 25652 25652 D NetworkSecurityConfig: No Network Security Config specified, using platform default
06-21 13:29:35.472 15360 15480 I Icing   : IndexChimeraService.getServiceInterface callingPackage=com.google.android.gms componentName=AppsCorpus serviceId=36
06-21 13:29:35.485 15739 15848 I A       : NGA disabled due to not being eligible.
06-21 13:29:35.499  5458  6475 W WindowManager: Cannot find window which accessibility connection is added to
06-21 13:29:35.502 23873 23873 I GoogleInputMethodService: GoogleInputMethodService.initializeKeyboardTheme():1399 Apply keyboard theme: theme_border_stylesheet_googleblue_materiallight_builtin_google_blue_light.binarypb_port
06-21 13:29:35.510  5458  5475 W Looper  : Drained
06-21 13:29:35.520  5458  6475 W WindowManager: Cannot find window which accessibility connection is added to
06-21 13:29:35.529  5458  6475 W WindowManager: Cannot find window which accessibility connection is added to
06-21 13:29:35.546  5458  6475 W WindowManager: Cannot find window which accessibility connection is added to
06-21 13:29:35.568  5458  5458 D BatterySaverPolicy: accessibility changed to false, updating policy.
06-21 13:29:35.569  5458  8236 W WindowManager: Cannot find window which accessibility connection is added to
06-21 13:29:35.571 23873 25348 I JapaneseMozcExtension: JapaneseMozcExtension.onCreateServiceInternal():74 onCreateServiceInternal()
06-21 13:29:35.576 23873 23977 I AbstractOpenableExtension: AbstractOpenableExtension.maybeDestroyExistingKeyboardGroupManager():514 Destroy existing keyboard group manager in eyj
06-21 13:29:35.576 23873 23977 I AbstractOpenableExtension: AbstractOpenableExtension.createKeyboardGroupManagerListenableFuture():123 Create keyboard group manager listenable future in eyj
06-21 13:29:35.580 23873 25670 I NetworkInfoNotification: NetworkInfoNotification$Listener.onReceive():89 onNetworkAvailable: networkState = NON_METERED, isAirplaneModeOn = false
06-21 13:29:35.580 23873 24047 I AbstractOpenableExtension: AbstractOpenableExtension.maybeDestroyExistingKeyboardGroupManager():514 Destroy existing keyboard group manager in fci
06-21 13:29:35.580 23873 24047 I AbstractOpenableExtension: AbstractOpenableExtension.createKeyboardGroupManagerListenableFuture():123 Create keyboard group manager listenable future in fci
06-21 13:29:35.582 23873 25670 I KeyboardGroupDefParser: KeyboardGroupDefParser.parseKeyboardGroupDef():89 parseKeyboardGroupDef() 2132148494 -> 0_resource_name_obfuscated : WaitTime = 4 ms : RunTime = 1 ms
06-21 13:29:35.583 23873 25670 I KeyboardGroupDefParser: KeyboardGroupDefParser.parseKeyboardGroupDef():89 parseKeyboardGroupDef() 2132148499 -> 0_resource_name_obfuscated : WaitTime = 2 ms : RunTime = 1 ms
06-21 13:29:35.586  5458  5458 W Looper  : Drained
06-21 13:29:35.593 23873 23977 I LensSdkParamsReader: Lens SDK version is: 1.2.1
06-21 13:29:35.597 23873 24075 I LensSdkParamsReader: Short-circuiting Lens ready for allowlisted devices.
06-21 13:29:35.600  5458  8236 W WindowManager: Cannot find window which accessibility connection is added to
06-21 13:29:35.600 23873 24075 I LensSdkParamsReader: Short-circuiting Lens ready for allowlisted devices.
06-21 13:29:35.609 23873 23977 I ContentCacheModule: ContentCacheModule.lambda$loadKeywordMappingsAsync$2():269 Loaded 0 keyword --> image mappings and 0 keyword --> timestamp mappings
06-21 13:29:35.645 23873 23977 I JobSchedulerImpl: JobSchedulerImpl.schedule():72 Schedule task: ExpressionDataPrunePeriodicTask. Cancel the pre-existing task.
06-21 13:29:35.674 23873 23977 I JobSchedulerImpl: JobSchedulerImpl.schedule():90 Schedule task: ExpressionDataPrunePeriodicTask. Success.
06-21 13:29:35.674 23873 23977 I AbstractOpenableExtension: AbstractOpenableExtension.maybeDestroyExistingKeyboardGroupManager():514 Destroy existing keyboard group manager in fau
06-21 13:29:35.674 23873 23977 I AbstractOpenableExtension: AbstractOpenableExtension.createKeyboardGroupManagerListenableFuture():123 Create keyboard group manager listenable future in fau
06-21 13:29:35.676  5458  5517 I system_server: Explicit concurrent copying GC freed 106901(6304KB) AllocSpace objects, 44(2316KB) LOS objects, 50% free, 22MB/44MB, paused 2.253ms,278us total 1.048s
06-21 13:29:35.688 23873 25670 I KeyboardGroupDefParser: KeyboardGroupDefParser.parseKeyboardGroupDef():89 parseKeyboardGroupDef() 2132148495 -> 0_resource_name_obfuscated : WaitTime = 11 ms : RunTime = 1 ms
06-21 13:29:35.696 23873 25670 I KeyboardGroupDefParser: KeyboardGroupDefParser.parseKeyboardGroupDef():89 parseKeyboardGroupDef() 2132148496 -> 0_resource_name_obfuscated : WaitTime = 22 ms : RunTime = 0 ms
06-21 13:29:35.697  5829  5829 D Launcher.Model: package removed received com.sololearn
06-21 13:29:35.697  5829  5883 D PackageUpdatedTask: Removing app iconcom.sololearn
06-21 13:29:35.706  5829  5883 D ModelWriter: removing items from db 
06-21 13:29:35.706  5829  5883 D ModelWriter: java.lang.Exception
06-21 13:29:35.706  5829  5883 D ModelWriter: 	at com.android.launcher3.model.ModelWriter.deleteItemsFromDatabase(SourceFile:8)
06-21 13:29:35.706  5829  5883 D ModelWriter: 	at com.android.launcher3.model.ModelWriter.deleteItemsFromDatabase(SourceFile:4)
06-21 13:29:35.706  5829  5883 D ModelWriter: 	at com.android.launcher3.model.BaseModelUpdateTask.deleteAndBindComponentsRemoved(SourceFile:1)
06-21 13:29:35.706  5829  5883 D ModelWriter: 	at com.android.launcher3.model.PackageUpdatedTask.execute(SourceFile:82)
06-21 13:29:35.706  5829  5883 D ModelWriter: 	at com.android.launcher3.model.BaseModelUpdateTask.run(SourceFile:2)
06-21 13:29:35.706  5829  5883 D ModelWriter: 	at android.os.Handler.handleCallback(Handler.java:938)
06-21 13:29:35.706  5829  5883 D ModelWriter: 	at android.os.Handler.dispatchMessage(Handler.java:99)
06-21 13:29:35.706  5829  5883 D ModelWriter: 	at android.os.Looper.loopOnce(Looper.java:201)
06-21 13:29:35.706  5829  5883 D ModelWriter: 	at android.os.Looper.loop(Looper.java:288)
06-21 13:29:35.706  5829  5883 D ModelWriter: 	at android.os.HandlerThread.run(HandlerThread.java:67)
06-21 13:29:35.744  5829  6258 D EGL_emulation: app_time_stats: avg=3860.81ms min=15.86ms max=38103.20ms count=10
06-21 13:29:35.945 23873 23873 I ClipboardDataExtension: ClipboardDataExtension.updateScreenshotsContentObserver():301 Disable the feature of handling screenshots in the clipboard.
06-21 13:29:36.119  5458  5517 I ActivityManager: Force stopping io.github.ylimit.droidbotapp appid=10149 user=0: pkg removed
06-21 13:29:36.323  5829  5841 I s.nexuslaunche: Background concurrent copying GC freed 32617(1338KB) AllocSpace objects, 4(352KB) LOS objects, 49% free, 4785KB/9571KB, paused 5.107ms,1.859ms total 163.086ms
06-21 13:29:36.613   168   168 I servicemanager: Since 'apexservice' could not be found, trying to start it as a lazy AIDL service
06-21 13:29:36.631 15348 15348 D BoundBrokerSvc: onBind: Intent { act=com.google.android.gms.icing.LIGHTWEIGHT_INDEX_SERVICE dat=chimera-action: cmp=com.google.android.gms/.chimera.PersistentApiService }
06-21 13:29:36.656 15348 15348 D BoundBrokerSvc: Loading bound service for intent: Intent { act=com.google.android.gms.icing.LIGHTWEIGHT_INDEX_SERVICE dat=chimera-action: cmp=com.google.android.gms/.chimera.PersistentApiService }
06-21 13:29:36.673  6162  6162 I MediaProvider: Invalidating LocalCallingIdentity cache for package io.github.ylimit.droidbotapp. Reason: package android.intent.action.PACKAGE_REMOVED
06-21 13:29:36.683  5458  5475 D CompanionDeviceManagerService: onPackageRemoved(packageName = io.github.ylimit.droidbotapp, uid = 10149)
06-21 13:29:36.683  5458  5475 I CompanionDeviceManagerService: Updating associations: []  -->  []
06-21 13:29:36.695 23873 23873 I LensSdkParamsReader: Lens availability result:0
06-21 13:29:36.696 23873 23873 I LensSdkParamsReader: Stickers availability result:0
06-21 13:29:36.714  5458  5558 V StorageManagerService: Package io.github.ylimit.droidbotapp does not have legacy storage
06-21 13:29:36.722  5458  5546 I RoleService: Granting default roles...
06-21 13:29:36.737  6529  6529 I GsaVoiceInteractionSrv: O received Intent { act=android.intent.action.PACKAGE_REMOVED dat=package:io.github.ylimit.droidbotapp flg=0x4000010 (has extras) }
06-21 13:29:36.745 23873 24044 W MetricsManager: MetricsManager.addProcessorImpl():614 Processor cqs@301606e already exists.
06-21 13:29:36.748  5458  5552 I InputReader: Reconfiguring input devices, changes=KEYBOARD_LAYOUTS | 
06-21 13:29:36.805  5458  5542 I RollbackManager: broadcast=ACTION_PACKAGE_FULLY_REMOVED pkg=io.github.ylimit.droidbotapp
06-21 13:29:36.806 15566 15566 I Finsky  : [2] yiw.g(1): yiw - Received: android.intent.action.PACKAGE_REMOVED, [m032oN4Bw6BabH6UJwtCtXJhEYwDf3cNV32qmzSp9l0]
06-21 13:29:36.817 23873 25687 I NetworkInfoNotification: NetworkInfoNotification$Listener.onReceive():89 onNetworkAvailable: networkState = NON_METERED, isAirplaneModeOn = false
06-21 13:29:36.823 23873 23873 I GoogleInputMethodService: GoogleInputMethodService.lambda$setDecorViewApplyWindowInsetsListener$9():1105 update screenHeightWithoutNaviBar to: 2148
06-21 13:29:36.824 15566 15566 I Finsky  : [2] yjw.x(82): Package no longer installed: io.github.ylimit.droidbotapp
06-21 13:29:36.833 23873 23873 I GoogleInputMethodService: GoogleInputMethodService.lambda$setDecorViewApplyWindowInsetsListener$9():1112 update max height when insets changes
06-21 13:29:36.852 15566 15566 I Finsky  : [2] yjw.x(82): Package no longer installed: io.github.ylimit.droidbotapp
06-21 13:29:36.957 23873 23873 I GoogleInputMethodService: GoogleInputMethodService.onStartInput():2002 
06-21 13:29:37.005 23873 23873 I DeviceUnlockedTag: DeviceUnlockedTag.notifyDeviceLockStatusChanged():31 Notify device unlocked.
06-21 13:29:37.068 15566 25237 I Finsky  : [181] mqb.kH(16): [ContentSync] finished, scheduled=false
06-21 13:29:37.141  5458  5475 W Looper  : Slow dispatch took 457ms android.fg h=android.os.Handler c=android.app.LoadedApk$ReceiverDispatcher$Args$$ExternalSyntheticLambda0@970f60d m=0
06-21 13:29:37.141  5458  5475 W Looper  : Slow delivery took 427ms android.fg h=android.os.Handler c=android.app.LoadedApk$ReceiverDispatcher$Args$$ExternalSyntheticLambda0@b1ee9c2 m=0
06-21 13:29:37.156 15566 15566 I Finsky  : [2] alpp.c(44): Do not start WearSupportService due to Wear service optimization
06-21 13:29:37.163 15566 25278 I Finsky  : [190] kbt.a(178): Asset module storage cleared for package io.github.ylimit.droidbotapp.
06-21 13:29:37.164 15566 15616 I Finsky  : [58] kxc.a(47): AIM: AppInfoManager-Perf > OnDeviceAppInfo > cacheHitCount=0, cacheMissCount=1. Missed  in cache (limit 10) : [io.github.ylimit.droidbotapp]
06-21 13:29:37.165 15566 15616 I Finsky  : [58] kev.apply(1260): AIM: Got app ownership map. App counts: . Unique apps: 0
06-21 13:29:37.177  5776  5776 D CarrierSvcBindHelper: No carrier app for: 0
06-21 13:29:37.187 15566 25577 I Finsky  : [197] qmk.run(214): Frosting DB delete succeeded: true
06-21 13:29:37.188 15566 25577 I Finsky  : [197] qmk.run(214): Frosting DB delete succeeded: false
06-21 13:29:37.340 15566 15566 I Finsky  : [2] aebz.f(9): Clearing split related stale data.
06-21 13:29:37.340 15566 15566 I Finsky  : [2] sua.ki(65): IQ: onPackageRemoved io.github.ylimit.droidbotapp, replacing=false, uninstallingFromPlay=false
06-21 13:29:37.353 15566 25608 I Finsky  : [205] roo.accept(11): IQ: handled package removed
06-21 13:29:37.445  5458  5458 W Looper  : Slow dispatch took 665ms main h=android.app.ActivityThread$H c=android.app.LoadedApk$ReceiverDispatcher$Args$$ExternalSyntheticLambda0@d72cc28 m=0
06-21 13:29:37.470 23873 23977 I Environment: Environment.isPackageInstalled():311 com.bitstrips.imoji is not installed
06-21 13:29:37.490  5458  5458 W Looper  : Slow delivery took 785ms main h=android.app.ActivityThread$H c=android.app.LoadedApk$ReceiverDispatcher$Args$$ExternalSyntheticLambda0@3054d41 m=0
06-21 13:29:37.492  5776  5784 I m.android.phon: Background young concurrent copying GC freed 40852(2899KB) AllocSpace objects, 0(0B) LOS objects, 46% free, 3333KB/6278KB, paused 541us,91us total 772.454ms
06-21 13:29:37.506 23873 23977 I Environment: Environment.isPackageInstalled():311 com.bitstrips.imoji is not installed
06-21 13:29:37.530  5458  5458 W WifiService: Couldn't get PackageInfo for package:io.github.ylimit.droidbotapp
06-21 13:29:37.530  5458  5458 D WifiService: Remove settings for package:io.github.ylimit.droidbotapp
06-21 13:29:37.530  5458  5565 D WifiConfigManager: Remove all networks for app ApplicationInfo{4894772 io.github.ylimit.droidbotapp}
06-21 13:29:37.530  5458  5458 I GameManagerService: Disabling downscale for io.github.ylimit.droidbotapp
06-21 13:29:37.560   168   168 I BpBinder: onLastStrongRef automatically unlinking death recipients: <uncached descriptor>
06-21 13:29:37.567 15360 16292 W Icing   : Usage reports not received in time.: java.util.concurrent.TimeoutException: Timed out waiting for Task
06-21 13:29:37.570   168   168 I servicemanager: Tried to unregister apexservice, but there is about to be a client.
06-21 13:29:37.630  5458  5565 D WifiConfigStore: Writing to stores completed in 98 ms.
06-21 13:29:37.630  5458  5565 I PasspointManager: No app ops listener found for io.github.ylimit.droidbotapp
06-21 13:29:37.633  5458  5458 W Looper  : Slow dispatch took 102ms main h=android.app.ActivityThread$H c=android.app.LoadedApk$ReceiverDispatcher$Args$$ExternalSyntheticLambda0@fde7122 m=0
06-21 13:29:37.641  5458  5458 I Telecom : CarModeTracker: Package io.github.ylimit.droidbotapp is not tracked.: SSH.oR@ASQ
06-21 13:29:37.642  5458  5458 I Telecom : InCallController: updateCarModeForConnections: car mode apps: : SSH.oR@ASQ
06-21 13:29:37.654  5458  5458 W WifiService: Couldn't get PackageInfo for package:io.github.ylimit.droidbotapp
06-21 13:29:37.654  5458  5458 D WifiService: Remove settings for package:io.github.ylimit.droidbotapp
06-21 13:29:37.659  5458  5565 D WifiConfigManager: Remove all networks for app ApplicationInfo{a7ab7b3 io.github.ylimit.droidbotapp}
06-21 13:29:37.680 15360 15369 I gle.android.gm: Background concurrent copying GC freed 41594(2347KB) AllocSpace objects, 15(556KB) LOS objects, 50% free, 17MB/35MB, paused 1.013ms,180us total 1.505s
06-21 13:29:37.701 15566 15616 I Finsky  : [58] kwx.a(215): AIM: AppInfoManager-Perf > ItemModel > CacheSize=0, cacheHitCount=0, cacheMissCount=1, total appsWithNoServerDataCount=0. Missed  in cache (limit 10) : [io.github.ylimit.droidbotapp]
06-21 13:29:37.705 15566 15616 I Finsky  : [58] kxb.n(19): AIM: AppInfoManager-Perf > ItemModel > ItemStore Called 1 apps cacheOptions = USE_CACHE
06-21 13:29:37.705 15566 15616 I Finsky  : [58] kwx.a(1112): AIM: ItemModel fetch - unauth(1), auth()
06-21 13:29:37.706 15566 15616 I Finsky  : [58] tyh.apply(413): ItemStore: Not cached: io.github.ylimit.droidbotapp
06-21 13:29:37.708 15360 16292 I Icing   : Usage reports ok 0, Failed Usage reports 0, indexed 0, rejected 0
06-21 13:29:37.725 15360 16292 I Icing   : Indexing com.google.android.gms-apps from com.google.android.gms
06-21 13:29:37.774  5458  5565 D WifiConfigStore: Writing to stores completed in 83 ms.
06-21 13:29:37.775  5458  5565 I PasspointManager: No app ops listener found for io.github.ylimit.droidbotapp
06-21 13:29:37.811  5625  5625 I wpa_supplicant: wlan0: CTRL-EVENT-BEACON-LOSS 
06-21 13:29:37.825  5458  5458 W Looper  : Slow dispatch took 159ms main h=com.android.server.job.JobSchedulerService$JobHandler c=null m=4
06-21 13:29:37.832  5458  5458 I ConditionProviders: Disallowing condition provider io.github.ylimit.droidbotapp (userSet: true)
06-21 13:29:37.866 13618 25698 W Role    : Cannot get ApplicationInfo for default holder: com.google.android.contacts
06-21 13:29:37.873 13618 25698 W Role    : Cannot get ApplicationInfo for default holder: com.google.android.as
06-21 13:29:37.915  5381  5595 D AF::TrackHandle: OpPlayAudio: track:58 usage:13 not muted
06-21 13:29:37.916  5381  5595 D AF::TrackHandle: OpPlayAudio: track:58 usage:13 not muted
06-21 13:29:37.916  5381  5595 D AF::TrackHandle: OpPlayAudio: track:58 usage:13 not muted
06-21 13:29:37.916  5381  5595 D AF::TrackHandle: OpPlayAudio: track:58 usage:13 not muted
06-21 13:29:37.917  5381  5595 D AF::TrackHandle: OpPlayAudio: track:58 usage:13 not muted
06-21 13:29:37.917  5381  5595 D AF::TrackHandle: OpPlayAudio: track:58 usage:13 not muted
06-21 13:29:37.917  5381  5595 D AF::TrackHandle: OpPlayAudio: track:58 usage:13 not muted
06-21 13:29:37.917  5381  5595 D AF::TrackHandle: OpPlayAudio: track:58 usage:13 not muted
06-21 13:29:37.918  5381  5595 D AF::TrackHandle: OpPlayAudio: track:58 usage:13 not muted
06-21 13:29:37.918  5381  5595 D AF::TrackHandle: OpPlayAudio: track:58 usage:13 not muted
06-21 13:29:37.920  5381  5595 D AF::TrackHandle: OpPlayAudio: track:58 usage:13 not muted
06-21 13:29:37.921  5381  5595 D AF::TrackHandle: OpPlayAudio: track:58 usage:13 not muted
06-21 13:29:37.922  5381  5595 D AF::TrackHandle: OpPlayAudio: track:58 usage:13 not muted
06-21 13:29:37.923  5381  5595 D AF::TrackHandle: OpPlayAudio: track:58 usage:13 not muted
06-21 13:29:37.926  5381  5595 D AF::TrackHandle: OpPlayAudio: track:58 usage:13 not muted
06-21 13:29:37.927  5381  5595 D AF::TrackHandle: OpPlayAudio: track:58 usage:13 not muted
06-21 13:29:37.934 15360 16292 I Icing   : Indexing done com.google.android.gms-apps
06-21 13:29:37.937  5381  5524 D AF::TrackHandle: OpPlayAudio: track:55 usage:13 not muted
06-21 13:29:37.939  5381  5524 D AF::TrackHandle: OpPlayAudio: track:55 usage:13 not muted
06-21 13:29:37.941  5381  5524 D AF::TrackHandle: OpPlayAudio: track:55 usage:13 not muted
06-21 13:29:37.941  5381  5524 D AF::TrackHandle: OpPlayAudio: track:55 usage:13 not muted
06-21 13:29:37.942  5381  5524 D AF::TrackHandle: OpPlayAudio: track:55 usage:13 not muted
06-21 13:29:37.942  5381  5524 D AF::TrackHandle: OpPlayAudio: track:55 usage:13 not muted
06-21 13:29:37.942  5381  5524 D AF::TrackHandle: OpPlayAudio: track:55 usage:13 not muted
06-21 13:29:37.942  5381  5524 D AF::TrackHandle: OpPlayAudio: track:55 usage:13 not muted
06-21 13:29:37.955  5381  5524 D AF::TrackHandle: OpPlayAudio: track:55 usage:13 not muted
06-21 13:29:37.955  5381  5524 D AF::TrackHandle: OpPlayAudio: track:55 usage:13 not muted
06-21 13:29:37.956  5381  5524 D AF::TrackHandle: OpPlayAudio: track:55 usage:13 not muted
06-21 13:29:37.956  5381  5381 D AF::TrackHandle: OpPlayAudio: track:57 usage:13 not muted
06-21 13:29:37.956  5381  5381 D AF::TrackHandle: OpPlayAudio: track:57 usage:13 not muted
06-21 13:29:37.957  5381  5596 D AF::TrackHandle: OpPlayAudio: track:56 usage:13 not muted
06-21 13:29:37.957  5381  5596 D AF::TrackHandle: OpPlayAudio: track:56 usage:13 not muted
06-21 13:29:37.957  5381  5596 D AF::TrackHandle: OpPlayAudio: track:56 usage:13 not muted
06-21 13:29:37.957  5381  5596 D AF::TrackHandle: OpPlayAudio: track:56 usage:13 not muted
06-21 13:29:37.959  5381  5596 D AF::TrackHandle: OpPlayAudio: track:56 usage:13 not muted
06-21 13:29:37.960  5381  5596 D AF::TrackHandle: OpPlayAudio: track:56 usage:13 not muted
06-21 13:29:37.960  5381  5381 D AF::TrackHandle: OpPlayAudio: track:57 usage:13 not muted
06-21 13:29:37.960  5381  5596 D AF::TrackHandle: OpPlayAudio: track:56 usage:13 not muted
06-21 13:29:37.961  5381  5381 D AF::TrackHandle: OpPlayAudio: track:57 usage:13 not muted
06-21 13:29:37.962  5381  5381 D AF::TrackHandle: OpPlayAudio: track:57 usage:13 not muted
06-21 13:29:37.964 24143 25694 I ProvidersCache: Provider returned no roots. Possibly naughty: com.google.android.apps.docs.storage
06-21 13:29:37.969  5381  5381 D AF::TrackHandle: OpPlayAudio: track:57 usage:13 not muted
06-21 13:29:37.969  5381  5596 D AF::TrackHandle: OpPlayAudio: track:56 usage:13 not muted
06-21 13:29:37.970  5381  5381 D AF::TrackHandle: OpPlayAudio: track:57 usage:13 not muted
06-21 13:29:37.970  5381  5596 D AF::TrackHandle: OpPlayAudio: track:56 usage:13 not muted
06-21 13:29:37.973  5381  5381 D AF::TrackHandle: OpPlayAudio: track:57 usage:13 not muted
06-21 13:29:37.974  5381  5381 D AF::TrackHandle: OpPlayAudio: track:57 usage:13 not muted
06-21 13:29:37.981  5458  5458 W Looper  : Drained
06-21 13:29:37.981  5381  5524 D AF::TrackHandle: OpPlayAudio: track:55 usage:13 not muted
06-21 13:29:38.003 15566 15632 E Finsky  : [69] tyn.a(110): ItemStore: getItems RPC failed.
06-21 13:29:38.050  5381  5596 D AF::TrackHandle: OpPlayAudio: track:56 usage:13 not muted
06-21 13:29:38.056  5381  5381 D AF::TrackHandle: OpPlayAudio: track:57 usage:13 not muted
06-21 13:29:38.130  5381  5524 D AF::TrackHandle: OpPlayAudio: track:55 usage:13 not muted
06-21 13:29:38.130  5381  5524 D AF::TrackHandle: OpPlayAudio: track:55 usage:13 not muted
06-21 13:29:38.131  5381  5524 D AF::TrackHandle: OpPlayAudio: track:55 usage:13 not muted
06-21 13:29:38.131  5381  5524 D AF::TrackHandle: OpPlayAudio: track:55 usage:13 not muted
06-21 13:29:38.184  5381  5596 D AF::TrackHandle: OpPlayAudio: track:56 usage:13 not muted
06-21 13:29:38.195  5381  5596 D AF::TrackHandle: OpPlayAudio: track:56 usage:13 not muted
06-21 13:29:38.198  5381  5596 D AF::TrackHandle: OpPlayAudio: track:56 usage:13 not muted
06-21 13:29:38.205  5381  5524 D AF::TrackHandle: OpPlayAudio: track:56 usage:13 not muted
06-21 13:29:38.205  5381  5524 D AF::TrackHandle: OpPlayAudio: track:56 usage:13 not muted
06-21 13:29:38.205  5381  5524 D AF::TrackHandle: OpPlayAudio: track:56 usage:13 not muted
06-21 13:29:38.215 15348 25643 I Fitness : (REDACTED) FitCleanupIntentOperation received Intent %s
06-21 13:29:38.224  5381  5381 D AF::TrackHandle: OpPlayAudio: track:57 usage:13 not muted
06-21 13:29:38.225  5381  5524 D AF::TrackHandle: OpPlayAudio: track:57 usage:13 not muted
06-21 13:29:38.226  5381  5524 D AF::TrackHandle: OpPlayAudio: track:57 usage:13 not muted
06-21 13:29:38.243  5381  5524 D AF::TrackHandle: OpPlayAudio: track:57 usage:13 not muted
06-21 13:29:38.254  5381  5524 D AF::TrackHandle: OpPlayAudio: track:57 usage:13 not muted
06-21 13:29:38.287  5381  5524 D AF::TrackHandle: OpPlayAudio: track:57 usage:13 not muted
06-21 13:29:38.304 13618 25698 W Role    : Cannot get ApplicationInfo for default holder: com.google.android.as
06-21 13:29:38.322 25652 25713 D libEGL  : loaded /vendor/lib64/egl/libEGL_emulation.so
06-21 13:29:38.336 25652 25713 D libEGL  : loaded /vendor/lib64/egl/libGLESv1_CM_emulation.so
06-21 13:29:38.356 25652 25713 D libEGL  : loaded /vendor/lib64/egl/libGLESv2_emulation.so
06-21 13:29:38.366 15360 25570 I Blockstore: (REDACTED) [DataStoreImpl] Clearing all the Blockstore Data for package %s
06-21 13:29:38.366 15360 25570 I Blockstore: (REDACTED) [DataStoreImpl] Clearing all the Blockstore Data for %s packages
06-21 13:29:38.367 15360 25570 I Blockstore: (REDACTED) [DataStoreImpl] Removing Blockstore data for packages %s
06-21 13:29:38.451 25652 25713 D HostConnection: createUnique: call
06-21 13:29:38.452 25652 25713 D HostConnection: HostConnection::get() New Host Connection established 0x72a326c33e10, tid 25713
06-21 13:29:38.473 25652 25713 D HostConnection: HostComposition ext ANDROID_EMU_CHECKSUM_HELPER_v1 ANDROID_EMU_native_sync_v2 ANDROID_EMU_native_sync_v3 ANDROID_EMU_native_sync_v4 ANDROID_EMU_dma_v1 ANDROID_EMU_direct_mem ANDROID_EMU_host_composition_v1 ANDROID_EMU_host_composition_v2 ANDROID_EMU_vulkan ANDROID_EMU_deferred_vulkan_commands ANDROID_EMU_vulkan_null_optional_strings ANDROID_EMU_vulkan_create_resources_with_requirements ANDROID_EMU_YUV_Cache ANDROID_EMU_vulkan_ignored_handles ANDROID_EMU_has_shared_slots_host_memory_allocator ANDROID_EMU_vulkan_free_memory_sync ANDROID_EMU_vulkan_shader_float16_int8 ANDROID_EMU_vulkan_async_queue_submit ANDROID_EMU_vulkan_queue_submit_with_commands ANDROID_EMU_sync_buffer_data ANDROID_EMU_vulkan_async_qsri ANDROID_EMU_read_color_buffer_dma GL_OES_EGL_image_external_essl3 GL_OES_vertex_array_object GL_KHR_texture_compression_astc_ldr ANDROID_EMU_host_side_tracing ANDROID_EMU_gles_max_version_3_0 
06-21 13:29:38.505   169   169 I hwservicemanager: getTransport: Cannot find entry android.hardware.configstore@1.0::ISurfaceFlingerConfigs/default in either framework or device VINTF manifest.
06-21 13:29:38.519 13618 25698 W Role    : Cannot get ApplicationInfo for default holder: com.google.android.as
06-21 13:29:38.536 25652 25713 D EGL_emulation: eglCreateContext: 0x72a326c34410: maj 3 min 0 rcv 3
06-21 13:29:38.633 25652 25713 D EGL_emulation: eglMakeCurrent: 0x72a326c34410: ver 3 0 (tinfo 0x72a546101080) (first time)
06-21 13:29:39.016  5458  5495 I CompanionDeviceManagerService: Writing associations to disk: []
06-21 13:29:39.124 15360 25646 W SQLiteLog: (28) double-quoted string literal: "io.github.ylimit.droidbotapp"
06-21 13:29:39.153  5458  5495 I InputMethodManagerService: Input method uninstalled, disabling: ComponentInfo{io.github.ylimit.droidbotapp/io.github.ylimit.droidbotapp.DroidBotIME}
06-21 13:29:39.165  5458  5475 W Looper  : Drained
06-21 13:29:39.210  5829  5829 D Launcher.Model: package removed received io.github.ylimit.droidbotapp
06-21 13:29:39.212  5829  5883 D PackageUpdatedTask: Removing app iconio.github.ylimit.droidbotapp
06-21 13:29:39.236  5829  5883 D ModelWriter: removing items from db 
06-21 13:29:39.236  5829  5883 D ModelWriter: java.lang.Exception
06-21 13:29:39.236  5829  5883 D ModelWriter: 	at com.android.launcher3.model.ModelWriter.deleteItemsFromDatabase(SourceFile:8)
06-21 13:29:39.236  5829  5883 D ModelWriter: 	at com.android.launcher3.model.ModelWriter.deleteItemsFromDatabase(SourceFile:4)
06-21 13:29:39.236  5829  5883 D ModelWriter: 	at com.android.launcher3.model.BaseModelUpdateTask.deleteAndBindComponentsRemoved(SourceFile:1)
06-21 13:29:39.236  5829  5883 D ModelWriter: 	at com.android.launcher3.model.PackageUpdatedTask.execute(SourceFile:82)
06-21 13:29:39.236  5829  5883 D ModelWriter: 	at com.android.launcher3.model.BaseModelUpdateTask.run(SourceFile:2)
06-21 13:29:39.236  5829  5883 D ModelWriter: 	at android.os.Handler.handleCallback(Handler.java:938)
06-21 13:29:39.236  5829  5883 D ModelWriter: 	at android.os.Handler.dispatchMessage(Handler.java:99)
06-21 13:29:39.236  5829  5883 D ModelWriter: 	at android.os.Looper.loopOnce(Looper.java:201)
06-21 13:29:39.236  5829  5883 D ModelWriter: 	at android.os.Looper.loop(Looper.java:288)
06-21 13:29:39.236  5829  5883 D ModelWriter: 	at android.os.HandlerThread.run(HandlerThread.java:67)
06-21 13:29:39.277  5829  6258 D EGL_emulation: app_time_stats: avg=3532.11ms min=3532.11ms max=3532.11ms count=1
06-21 13:29:39.313 15360 17158 I Icing   : doRemovePackageData io.github.ylimit.droidbotapp
06-21 13:29:39.365 15348 15348 D BoundBrokerSvc: onRebind: Intent { act=com.google.android.gms.clearcut.bootcount.service.START pkg=com.google.android.gms }
06-21 13:29:39.378 15360 15885 I Icing   : Indexing com.google.android.gms-apps from com.google.android.gms
06-21 13:29:39.380 15348 15348 D BoundBrokerSvc: onBind: Intent { act=com.google.android.gms.herrevad.services.LightweightNetworkQualityAndroidService.START pkg=com.google.android.gms }
06-21 13:29:39.380 15348 15348 D BoundBrokerSvc: Loading bound service for intent: Intent { act=com.google.android.gms.herrevad.services.LightweightNetworkQualityAndroidService.START pkg=com.google.android.gms }
06-21 13:29:39.381 15348 15348 I BndSvcConfigHelper: No bound-service is registered for action: com.google.android.gms.herrevad.services.LightweightNetworkQualityAndroidService.START
06-21 13:29:39.381 15348 15348 I BoundBrokerSvc: Bound service not available for: Intent { act=com.google.android.gms.herrevad.services.LightweightNetworkQualityAndroidService.START pkg=com.google.android.gms }
06-21 13:29:39.381 15348 15348 I GmsApiChimeraSvc: Handling missing api service for: com.google.android.gms.herrevad.services.LightweightNetworkQualityAndroidService.START
06-21 13:29:39.392 15348 16258 I GmsApiChimeraSvc: Using MissingApiServiceBroker for com.google.android.gms.herrevad.services.LightweightNetworkQualityAndroidService.START due to missing BoundService implementation
06-21 13:29:39.409 15360 15885 I Icing   : Indexing done com.google.android.gms-apps
06-21 13:29:39.410 15348 15355 I .gms.persisten: Background young concurrent copying GC freed 199517(10MB) AllocSpace objects, 0(0B) LOS objects, 35% free, 18MB/29MB, paused 567us,161us total 986.798ms
06-21 13:29:39.410 15348 15355 W .gms.persisten: Reducing the number of considered missed Gc histogram windows from 256 to 100
06-21 13:29:39.434 15348 15357 W SQLiteConnectionPool: A SQLiteConnection object for database '/data/user/0/com.google.android.gms/databases/metadata.db' was leaked!  Please fix your application to end transactions in progress properly and to close the database when it is no longer needed.
06-21 13:29:39.435 15348 15357 W System  : A resource failed to call close. 
06-21 13:29:39.453 25652 25711 W System  : ClassLoader referenced unknown path: 
06-21 13:29:39.496 13618 25698 W Role    : Cannot get ApplicationInfo for default holder: com.google.android.as
06-21 13:29:39.620 13618 25698 W Role    : Cannot get ApplicationInfo for default holder: com.google.android.as
06-21 13:29:39.629 13618 25698 W Role    : Cannot get ApplicationInfo for default holder: com.google.android.as
06-21 13:29:39.673 25652 25711 I cr_CronetLibraryLoader: Cronet version: 126.0.6423.0, arch: x86_64
06-21 13:29:39.684  5458  7561 D ConnectivityService: requestNetwork for uid/pid:10114/25652 activeRequest: null callbackRequest: 241 [NetworkRequest [ REQUEST id=242, [ Capabilities: INTERNET&NOT_RESTRICTED&TRUSTED&NOT_VCN_MANAGED Uid: 10114 RequestorUid: 10114 RequestorPkg: com.google.android.apps.maps] ]] callback flags: 0 priority: 2147483647
06-21 13:29:39.685  5458  5572 D ConnectivityService: NetReassign [242 : null  100]
06-21 13:29:39.689  5458  5565 D WifiNetworkFactory: got request NetworkRequest [ REQUEST id=242, [ Capabilities: INTERNET&NOT_RESTRICTED&TRUSTED&NOT_VCN_MANAGED Uid: 10114 RequestorUid: 10114 RequestorPkg: com.google.android.apps.maps] ]
06-21 13:29:39.689  5458  5565 D UntrustedWifiNetworkFactory: got request NetworkRequest [ REQUEST id=242, [ Capabilities: INTERNET&NOT_RESTRICTED&TRUSTED&NOT_VCN_MANAGED Uid: 10114 RequestorUid: 10114 RequestorPkg: com.google.android.apps.maps] ]
06-21 13:29:39.689  5458  5565 D OemPaidWifiNetworkFactory: got request NetworkRequest [ REQUEST id=242, [ Capabilities: INTERNET&NOT_RESTRICTED&TRUSTED&NOT_VCN_MANAGED Uid: 10114 RequestorUid: 10114 RequestorPkg: com.google.android.apps.maps] ]
06-21 13:29:39.701  5458  5572 D ConnectivityService: NetReassign [no changes]
06-21 13:29:39.709 15348 15348 D BoundBrokerSvc: onBind: Intent { act=com.google.android.gms.herrevad.services.LightweightNetworkQualityAndroidService.START pkg=com.google.android.gms }
06-21 13:29:39.709 15348 15348 D BoundBrokerSvc: Loading bound service for intent: Intent { act=com.google.android.gms.herrevad.services.LightweightNetworkQualityAndroidService.START pkg=com.google.android.gms }
06-21 13:29:39.709 15348 15348 I BndSvcConfigHelper: No bound-service is registered for action: com.google.android.gms.herrevad.services.LightweightNetworkQualityAndroidService.START
06-21 13:29:39.709 15348 15348 I BoundBrokerSvc: Bound service not available for: Intent { act=com.google.android.gms.herrevad.services.LightweightNetworkQualityAndroidService.START pkg=com.google.android.gms }
06-21 13:29:39.711 15348 15430 I GmsApiChimeraSvc: Using MissingApiServiceBroker for com.google.android.gms.herrevad.services.LightweightNetworkQualityAndroidService.START due to missing BoundService implementation
06-21 13:29:39.820  5458  6477 W ServiceManager: Permission failure: android.permission.HIGH_SAMPLING_RATE_SENSORS from uid=10114 pid=25652
06-21 13:29:39.999 25652 25749 D CompatibilityChangeReporter: Compat change id reported: 160794467; UID 10114; state: ENABLED
06-21 13:29:40.105 15348 15348 D BoundBrokerSvc: onBind: Intent { act=com.google.android.gms.phenotype.service.START pkg=com.google.android.gms }
06-21 13:29:40.105 15348 15348 D BoundBrokerSvc: Loading bound service for intent: Intent { act=com.google.android.gms.phenotype.service.START pkg=com.google.android.gms }
06-21 13:29:40.687  5640  5640 D TileServices: Couldn't find tile for ComponentInfo{com.google.android.apps.wellbeing/com.google.android.apps.wellbeing.focusmode.quicksettings.FocusModeTileService}
06-21 13:29:40.718  5458  6477 D CompatibilityChangeReporter: Compat change id reported: 168419799; UID 10064; state: DISABLED
06-21 13:29:41.181  6162  6520 I MediaProvider: Begin Intent { act=android.intent.action.PACKAGE_FULLY_REMOVED dat=package:com.sololearn flg=0x5000010 cmp=com.google.android.providers.media.module/com.android.providers.media.MediaService (has extras) }
06-21 13:29:41.187   168   168 I servicemanager: Notifying apexservice they have clients: 1
06-21 13:29:41.189  5458  8862 W BroadcastQueue: Background execution not allowed: receiving Intent { act=android.intent.action.PACKAGE_REMOVED dat=package:io.github.ylimit.droidbotapp flg=0x4000010 (has extras) } to com.android.vending/com.google.android.finsky.packagemonitor.impl.PackageMonitorReceiverImpl$RegisteredReceiver
06-21 13:29:41.199  5458  5496 W BroadcastQueue: Background execution not allowed: receiving Intent { act=android.intent.action.PACKAGE_REMOVED dat=package:io.github.ylimit.droidbotapp flg=0x4000010 (has extras) } to com.android.vending/com.google.android.finsky.packagemonitor.backgroundimpl.BackgroundPackageMonitorReceiverImpl$RegisteredReceiver
06-21 13:29:41.200  5458  5496 W BroadcastQueue: Background execution not allowed: receiving Intent { act=android.intent.action.PACKAGE_REMOVED dat=package:io.github.ylimit.droidbotapp flg=0x4000010 (has extras) } to com.android.vending/com.google.android.finsky.instantapps.appmanagement.InstantAppRemoveMonitor
06-21 13:29:41.200  6162  6520 D MediaProvider: Deleted 0 Android/media items belonging to com.sololearn on /data/user/0/com.google.android.providers.media.module/databases/external.db
06-21 13:29:41.200  5458  5496 W BroadcastQueue: Background execution not allowed: receiving Intent { act=android.intent.action.PACKAGE_REMOVED dat=package:io.github.ylimit.droidbotapp flg=0x4000010 (has extras) } to com.google.android.gms/.chimera.GmsIntentOperationService$PersistentTrustedReceiver
06-21 13:29:41.200  5458  5496 W BroadcastQueue: Background execution not allowed: receiving Intent { act=android.intent.action.PACKAGE_REMOVED dat=package:io.github.ylimit.droidbotapp flg=0x4000010 (has extras) } to com.google.android.gms/.games.chimera.GamesSystemBroadcastReceiverProxy
06-21 13:29:41.200  5458  5496 W BroadcastQueue: Background execution not allowed: receiving Intent { act=android.intent.action.PACKAGE_REMOVED dat=package:io.github.ylimit.droidbotapp flg=0x4000010 (has extras) } to com.google.android.googlequicksearchbox/com.google.android.apps.gsa.googlequicksearchbox.GelStubAppWatcher
