06-21 14:03:03.333 27027 27055 W Bugle   : SubscriptionMetadataUtils get: invalid subId = -2
06-21 14:03:03.333 27027 27055 W Bugle   : SubscriptionMetadataUtils get: invalid subId = -2
06-21 14:03:03.335 27027 27057 I BugleRcsEngine: [46] ajkh.run: SystemBindingManager: SystemBinding enabled: true
06-21 14:03:03.340 27027 27059 I BugleRcsEngine: [48] alsz.d: Checking if using CarrierServices.apk is possible. Enabled: true, isAtLeastM: true, runningInsideBugle: true
06-21 14:03:03.348 27027 27100 W BugleRcsEngine: [64] ajnl.z: Unable to send diagnostic log
06-21 14:03:03.350 27027 27059 W BugleRcsEngine: [48] alsz.g: Carrier Services Apk was not found.
06-21 14:03:03.350 27027 27059 I BugleRcsEngine: [48] alsz.e: Cannot get service version because CS.apk was not found, not pre-loaded or disabled.
06-21 14:03:03.351 27027 27059 W BugleRcsEngine: [48] alsz.e: Service with meta data key: JibeServiceApiVersions is not compatible. Service Version 1 is not supported. Supported versions: []
06-21 14:03:03.352 27027 27055 W Bugle   : SubscriptionMetadataUtils get: invalid subId = -2
06-21 14:03:03.352 27027 27055 W Bugle   : SubscriptionUtilsAsOfLMR1: getSelfRawNumber: subInfo is null for subscription{id:-1}
06-21 14:03:03.352 27027 27055 W BugleAction: No default number, returning empty msisdn
06-21 14:03:03.357 27027 27055 W BugleAction: No default number, returning empty msisdn
06-21 14:03:03.358 27027 27055 W Bugle   : SubscriptionMetadataUtils get: invalid subId = -2
06-21 14:03:03.360 27027 27055 W BugleNetwork: RcsMsisdnAccessor: Failed to access Rcs msisdn. subId: -2
06-21 14:03:03.360 27027 27055 W BugleEtouffee: E2eeStartupTask: Skip prekey checking because MSISDN is empty.
06-21 14:03:03.360 27027 27055 I BugleRcsEngine: [44] ajki.b: System Binding updated
06-21 14:03:03.369 27027 27059 W BugleRcsEngine: [48] akrz.a: [SR]: Single Registration is disabled. Skipping Single Registration capability check for subId: 1
06-21 14:03:03.370 27027 27059 I BugleRcsProvisioning: RcsAvailabilityUpdaterLocal: [SR]: SingleRegistration capability, singleRegistrationCapability: false, simId: redacted-pii:sim_id[20-chars], subId: 1
06-21 14:03:03.372 27027 27059 I BugleRcsEngine: [48] albk.n: No RCS Configuration was found in Bugle for simID: redacted-pii:sim_id[20-chars]
06-21 14:03:03.372 27027 27059 I BugleRcsProvisioning: RcsAvailabilityUpdaterLocal: [SR]: SingleRegistration configuration, singleRegistrationRcsConfigAvailableAndEnabled: false, simId: redacted-pii:sim_id[20-chars]
06-21 14:03:03.373 27027 27059 I BugleRcsEngine: [48] albk.n: No RCS Configuration was found in Bugle for simID: redacted-pii:sim_id[20-chars]
06-21 14:03:03.374 27027 27059 I BugleRcsEngine: [48] alcv.a: Using config server URL from ajqd
06-21 14:03:03.375 27027 27059 I BugleRcsProvisioning: RcsAvailabilityUpdaterLocal: updateRcsAvailability, currentAvailability: 10, newAvailability: 10, hint: CSLIB_PHENOTYPE_UPDATE
06-21 14:03:03.378 27027 27055 I BugleRcsProvisioning: RcsProvisioningTrigger: onRcsAvailabilityUpdate : availability is updated to Carrier RCS is not set up, lastAvailability is null, simId hash = -5810545762951195337, isPev3Enabled = true
06-21 14:03:03.382 27027 27055 I BugleRcsEngine: [44] jtw.a: RcsProvisioningManager: Receive onRcsAvailabilityUpdate, SIM = redacted-pii:sim_id[20-chars], availability = RcsAvailability{mAvailability=CARRIER_SETUP_PENDING (Carrier RCS is not set up)}
06-21 14:03:03.384 27027 27055 I BugleRcsProvisioning: RcsProvisioningTrigger: onRcsAvailabilityUpdate : isPreviousDisabled = true, isCurrentDisabled = false
06-21 14:03:03.389 15348 15348 E WearableService: PackageRecordCache: appContext was already set bblw@ea06620 -> bblw@2b75c6
06-21 14:03:03.397 27027 27055 I BugleRcsEngine: [44] albk.n: No RCS Configuration was found in Bugle for simID: redacted-pii:sim_id[20-chars]
06-21 14:03:03.398 27027 27055 I BugleRcsProvisioning: RcsProvisioningTrigger: schedule provisioning
06-21 14:03:03.411 15348 15348 I Wear_Controller: Wearable module requires a companion app to be installed.
06-21 14:03:03.411 15348 15348 I WearableService: onCreate: Wearable Services not starting. Wear is not available on this device.
06-21 14:03:03.414 27027 27116 W System  : ClassLoader referenced unknown path: 
06-21 14:03:03.422 15348 15368 W WearableService: onGetService: Wear is not available on this device.
06-21 14:03:03.452 27027 27055 I BugleRcsEngine: [44] albk.n: No RCS Configuration was found in Bugle for simID: redacted-pii:sim_id[20-chars]
06-21 14:03:03.463 27027 27055 I BugleRcsEngine: [44] jsm.l: Scheduled provisioning task with 0 seconds delay, KEEP policy
06-21 14:03:03.484 27027 27116 W .apps.messagin: ClassLoaderContext classpath size mismatch. expected=12, found=5 (DLC[];PCL[base.apk*1559280082:base.apk!classes2.dex*1720321380:base.apk!classes3.dex*2732098770:base.apk!classes4.dex*3093783019:base.apk!classes5.dex*4024889636:base.apk!classes6.dex*3345642029:base.apk!classes7.dex*2417009909:base.apk!classes8.dex*923723417:base.apk!classes9.dex*300003646:base.apk!classes10.dex*2587257362:base.apk!classes11.dex*157770441:base.apk!classes12.dex*830974882]{PCL[/system/framework/org.apache.http.legacy.jar*2058259660]#PCL[/system/framework/com.android.media.remotedisplay.jar*3472798122]#PCL[/system/framework/com.android.location.provider.jar*3633238673]#PCL[/system_ext/framework/androidx.window.sidecar.jar*3539530913]#PCL[/system/framework/org.apache.http.legacy.jar*2058259660]} | DLC[];PCL[/product/priv-app/PrebuiltBugle/PrebuiltBugle.apk*1660416700:/product/priv-app/PrebuiltBugle/PrebuiltBugle.apk!classes2.dex*3930274089:/product/priv-app/PrebuiltBugle/PrebuiltBugle.apk!classes3.dex*2866496204:/product/priv-app/PrebuiltBugle/PrebuiltBugle.apk!classes4.dex*4291126302:/product/priv-app/PrebuiltBugle/PrebuiltBugle.apk!classes5.dex*1172335467]{PCL[/system/framework/org.apache.http.legacy.jar*2058259660]})
06-21 14:03:03.589 27027 27059 I BugleRcsProvisioning: RcsProvisioningTrigger: Schedule provisioning on app startup
06-21 14:03:03.602 27027 27059 I BugleRcsProvisioning: RcsProvisioningTrigger: schedule provisioning
06-21 14:03:03.603 27027 27055 I BugleNetwork: Startup: registering tachyon.
06-21 14:03:03.609 27027 27059 I BugleRcsEngine: [48] albk.n: No RCS Configuration was found in Bugle for simID: redacted-pii:sim_id[20-chars]
06-21 14:03:03.611 27027 27059 I BugleRcsEngine: [48] jsm.l: Scheduled provisioning task with 0 seconds delay, KEEP policy
06-21 14:03:03.621  5458  5473 D ConnectivityService: requestNetwork for uid/pid:10098/27027 activeRequest: null callbackRequest: 258 [NetworkRequest [ REQUEST id=259, [ Capabilities: INTERNET&NOT_RESTRICTED&TRUSTED&NOT_VCN_MANAGED Uid: 10098 RequestorUid: 10098 RequestorPkg: com.google.android.apps.messaging] ]] callback flags: 0 priority: 2147483647
06-21 14:03:03.629  5458  5572 D ConnectivityService: NetReassign [259 : null  102]
06-21 14:03:03.636  5458  5565 D WifiNetworkFactory: got request NetworkRequest [ REQUEST id=259, [ Capabilities: INTERNET&NOT_RESTRICTED&TRUSTED&NOT_VCN_MANAGED Uid: 10098 RequestorUid: 10098 RequestorPkg: com.google.android.apps.messaging] ]
06-21 14:03:03.636  5458  5565 D UntrustedWifiNetworkFactory: got request NetworkRequest [ REQUEST id=259, [ Capabilities: INTERNET&NOT_RESTRICTED&TRUSTED&NOT_VCN_MANAGED Uid: 10098 RequestorUid: 10098 RequestorPkg: com.google.android.apps.messaging] ]
06-21 14:03:03.636  5458  5565 D OemPaidWifiNetworkFactory: got request NetworkRequest [ REQUEST id=259, [ Capabilities: INTERNET&NOT_RESTRICTED&TRUSTED&NOT_VCN_MANAGED Uid: 10098 RequestorUid: 10098 RequestorPkg: com.google.android.apps.messaging] ]
06-21 14:03:03.640 27027 27055 I BugleNetwork: Startup: registering tachyon for phone.
06-21 14:03:03.640 27027 27055 I BugleNetwork: Profile service is not connected at startup task.
06-21 14:03:03.647 27027 27055 I Bugle   : VerifiedSmsEnabledCheckerImpl: VSMS is disabled via Phenotype flag.
06-21 14:03:03.653 27027 27062 D MDD WorkManagerTaskScheduler: Scheduling periodic tasks for MDD lib MDD.CHARGING.PERIODIC.TASK 21600
06-21 14:03:03.653 27027 27057 I Bugle   : VerifiedSmsStartupTask: Checking if Verified SMS tasks should be enqueued. feature supported: false, feature enabled: false, eligible / has registered key: false, C11N: false
06-21 14:03:03.653 27027 27057 I Bugle   : VerifiedSmsStartupTask: Not enqueuing VSMS periodic task, VSMS is disabled or not supported.
06-21 14:03:03.653 27027 27076 I Bugle   : VerifiedSmsStartupTask: Not calling C11N to get phone numbers.
06-21 14:03:03.654 27027 27056 D MddListenableWorkerFactory: createWorker for class: com.google.android.apps.messaging.rcsprovisioning.RcsProvisioningWorker
06-21 14:03:03.654 27027 27062 D MDD WorkManagerTaskScheduler: Scheduling periodic tasks for MDD lib MDD.MAINTENANCE.PERIODIC.GCM.TASK 86400
06-21 14:03:03.654 27027 27062 D MDD WorkManagerTaskScheduler: Scheduling periodic tasks for MDD lib MDD.CELLULAR.CHARGING.PERIODIC.TASK 21600
06-21 14:03:03.654 27027 27062 D MDD WorkManagerTaskScheduler: Scheduling periodic tasks for MDD lib MDD.WIFI.CHARGING.PERIODIC.TASK 21600
06-21 14:03:03.654 27027 27062 I BugleMDD: MddBackgroundStartupTask: Scheduled MDD periodic tasks.
06-21 14:03:03.675 27027 27056 I BugleRcsEngine: [45] RcsProvisioningWorker.s: [seqId=0] RCS provisioning task has started
06-21 14:03:03.697 27027 27055 D MDD WorkManagerTaskScheduler: Successfully updated periodic tasks for MDD lib MDD.MAINTENANCE.PERIODIC.GCM.TASK 86400
06-21 14:03:03.698 27027 27055 D MDD WorkManagerTaskScheduler: Successfully updated periodic tasks for MDD lib MDD.CELLULAR.CHARGING.PERIODIC.TASK 21600
06-21 14:03:03.698 27027 27055 D MDD WorkManagerTaskScheduler: Successfully updated periodic tasks for MDD lib MDD.WIFI.CHARGING.PERIODIC.TASK 21600
06-21 14:03:03.698 27027 27055 D MDD WorkManagerTaskScheduler: Successfully updated periodic tasks for MDD lib MDD.CHARGING.PERIODIC.TASK 21600
06-21 14:03:03.722 27027 27126 E .apps.messagin: No package ID 79 found for ID 0x790b0007.
06-21 14:03:03.723 27027 27126 E .apps.messagin: No package ID 79 found for ID 0x790b0007.
06-21 14:03:03.725 27027 27126 I FA      : App measurement initialized, version: 95008
06-21 14:03:03.725 27027 27126 I FA      : To enable debug logging run: adb shell setprop log.tag.FA VERBOSE
06-21 14:03:03.728 27027 27126 I FA      : To enable faster debug mode event logging run:
06-21 14:03:03.728 27027 27126 I FA      :   adb shell setprop debug.firebase.analytics.app com.google.android.apps.messaging
06-21 14:03:03.750 27027 27056 I BugleRcsEngine: [45] aktt.e: (PEv2-SM-Bugle-180876068): start PEv2 [null]
06-21 14:03:03.753 27027 27056 I BugleRcsEngine: [45] alck.b: Created new RcsProvisioningProtoDataStorage for sim redacted-pii:sim_id[20-chars]
06-21 14:03:03.754 27027 27056 I BugleRcsEngine: [45] albk.o: No RCS Configuration was found in Bugle for simID: 89860318640220133897
06-21 14:03:03.755 27027 27056 I BugleRcsEngine: [45] aktt.e: (PEv2-SM-Bugle-180876068): start [null]
06-21 14:03:03.757 27027 27131 I BugleRcsEngine: [89] aktt.e: (PEv2-SM-Bugle-180876068): Enter EnabledState [null]
06-21 14:03:03.774 27027 27131 W BugleRcsEngine: [89] ajnl.z: Unable to send diagnostic log
06-21 14:03:03.789 27027 27131 I BugleRcsEngine: [89] aksn.a: Sending ProvisioningEvent to Bugle [Send Provisioning Session ID (18)], redacted-pii:[65-chars]
06-21 14:03:03.789 27027 27131 I BugleRcsEngine: [89] alsm.b: EngineBroadcaster: Broadcasting provisioning intent com.google.android.ims.provisioning.engine.provisioningEventAction to Bugle with extras redacted-pii:[223-chars]
06-21 14:03:03.810 27027 27027 I BugleRcsProvisioning: RcsProvisioningEventReceiver: Received ProvisioningEvent: Send Provisioning Session ID
06-21 14:03:03.839 27027 27131 I BugleRcsEngine: [89] aktt.e: (PEv2-SM-Bugle-180876068): Start a new provisioning session [aef5ed59-419a-4626-af1b-a14f6636dde1]
06-21 14:03:03.839 27027 27131 I BugleRcsEngine: [89] akxz.a: RcsAvailabilityManager: Calculating Rcs Availability
06-21 14:03:03.847 27027 27131 I BugleRcsEngine: [89] albk.b: Bugle is default SMS app: true
06-21 14:03:03.848 27027 27131 I BugleRcsEngine: [89] akxz.a: Bugle has minimum required RCS permissions: true
06-21 14:03:03.850 27027 27131 I BugleRcsEngine: [89] albk.a: Rcs is enabled from user settings: true
06-21 14:03:03.851 27027 27131 I BugleRcsEngine: [89] alcv.a: Using config server URL from ajqd
06-21 14:03:03.852 27027 27131 I BugleRcsEngine: [89] albk.n: No RCS Configuration was found in Bugle for simID: redacted-pii:sim_id[20-chars]
06-21 14:03:03.855 27027 27131 I BugleRcsEngine: [89] albk.n: No RCS Configuration was found in Bugle for simID: redacted-pii:sim_id[20-chars]
06-21 14:03:03.856 27027 27131 I BugleRcsEngine: [89] alsz.d: Checking if using CarrierServices.apk is possible. Enabled: true, isAtLeastM: true, runningInsideBugle: true
06-21 14:03:03.861 27027 27131 W BugleRcsEngine: [89] alsz.g: Carrier Services Apk was not found.
06-21 14:03:03.862 27027 27131 I BugleRcsEngine: [89] alsz.e: Cannot get service version because CS.apk was not found, not pre-loaded or disabled.
06-21 14:03:03.862 27027 27131 W BugleRcsEngine: [89] alsz.e: Service with meta data key: JibeServiceApiVersions is not compatible. Service Version 1 is not supported. Supported versions: []
06-21 14:03:03.868 27027 27131 I BugleRcsEngine: [89] albk.n: No RCS Configuration was found in Bugle for simID: redacted-pii:sim_id[20-chars]
06-21 14:03:03.876 15360 15360 D BoundBrokerSvc: onBind: Intent { act=com.google.android.gms.measurement.START pkg=com.google.android.gms }
06-21 14:03:03.876 15360 15360 D BoundBrokerSvc: Loading bound service for intent: Intent { act=com.google.android.gms.measurement.START pkg=com.google.android.gms }
06-21 14:03:03.890 27027 27057 I BugleRcsProvisioning: BugleSystemBindingManager: onBuglePhenotypeFlagChanged
06-21 14:03:03.897 27027 27131 I BugleRcsEngine: [89] akxz.a: Config state is not ACCEPTED, provisioning still in progress
06-21 14:03:03.898 27027 27131 I BugleRcsEngine: [89] akxz.a: RcsAvailabilityManager: Updating Rcs Availability to CARRIER_SETUP_PENDING (Carrier RCS is not set up), sim id changed: true
06-21 14:03:03.899 27027 27131 I BugleRcsEngine: [89] alcv.a: Using config server URL from ajqd
06-21 14:03:03.900 27027 27131 W BugleRcsEngine: [89] ajnl.z: Unable to send diagnostic log
06-21 14:03:03.900 27027 27131 I BugleRcsEngine: [89] aksn.a: Sending ProvisioningEvent to Bugle [Availability updated (12)], redacted-pii:[145-chars]
06-21 14:03:03.901 27027 27131 I BugleRcsEngine: [89] alsm.b: EngineBroadcaster: Broadcasting provisioning intent com.google.android.ims.provisioning.engine.provisioningEventAction to Bugle with extras redacted-pii:[303-chars]
06-21 14:03:03.910 27027 27131 I BugleRcsEngine: [89] akxz.a: Sending ProvisioningEvent Internal [Availability updated (12)], redacted-pii:[145-chars]
06-21 14:03:03.917 27027 27027 I BugleRcsProvisioning: RcsProvisioningEventReceiver: Received ProvisioningEvent: Availability updated
06-21 14:03:03.917 27027 27027 I BugleRcsProvisioning: RcsProvisioningEventReceiver: Bugle receives rcs availability update to: 10
06-21 14:03:03.920 27027 27131 I BugleRcsEngine: [89] albk.n: No RCS Configuration was found in Bugle for simID: redacted-pii:sim_id[20-chars]
06-21 14:03:03.921 27027 27131 I BugleRcsEngine: [89] aktt.e: (PEv2-SM-Bugle-180876068): transitionViaMessage, srcState=EnabledState, destState = CheckPreconditionsState [aef5ed59-419a-4626-af1b-a14f6636dde1]
06-21 14:03:03.921 27027 27027 I BugleRcsEngine: [2] alsz.d: Checking if using CarrierServices.apk is possible. Enabled: true, isAtLeastM: true, runningInsideBugle: true
06-21 14:03:03.921 27027 27131 I BugleRcsEngine: [89] aksn.a: Sending ProvisioningEvent to Bugle [Update provisioning status (11)], redacted-pii:[85-chars]
06-21 14:03:03.921 27027 27131 I BugleRcsEngine: [89] alsm.b: EngineBroadcaster: Broadcasting provisioning intent com.google.android.ims.provisioning.engine.provisioningEventAction to Bugle with extras redacted-pii:[243-chars]
06-21 14:03:03.924 27027 27027 W BugleRcsEngine: [2] alsz.g: Carrier Services Apk was not found.
06-21 14:03:03.924 27027 27027 I BugleRcsEngine: [2] alsz.e: Cannot get service version because CS.apk was not found, not pre-loaded or disabled.
06-21 14:03:03.924 27027 27027 W BugleRcsEngine: [2] alsz.e: Service with meta data key: JibeServiceApiVersions is not compatible. Service Version 1 is not supported. Supported versions: []
06-21 14:03:03.924 27027 27131 I BugleRcsEngine: [89] aktt.e: (PEv2-SM-Bugle-180876068): EnabledState: Transition to check preconditions [aef5ed59-419a-4626-af1b-a14f6636dde1]
06-21 14:03:03.924 27027 27131 I BugleRcsEngine: [89] aktt.e: (PEv2-SM-Bugle-180876068): transitionTo: destState=CheckPreconditionsState [aef5ed59-419a-4626-af1b-a14f6636dde1]
06-21 14:03:03.925 27027 27131 I BugleRcsEngine: [89] aktt.e: (PEv2-SM-Bugle-180876068): onTransitionRequested EnabledState [aef5ed59-419a-4626-af1b-a14f6636dde1]
06-21 14:03:03.925 27027 27027 W BugleRcsEngine: [2] akrz.a: [SR]: Single Registration is disabled. Skipping Single Registration capability check for subId: 1
06-21 14:03:03.925 27027 27027 I BugleRcsProvisioning: RcsAvailabilityUpdaterLocal: [SR]: SingleRegistration capability, singleRegistrationCapability: false, simId: redacted-pii:sim_id[20-chars], subId: 1
06-21 14:03:03.925 27027 27131 I BugleRcsEngine: [89] aktt.e: (PEv2-SM-Bugle-180876068): Enter CheckPreconditionsState [aef5ed59-419a-4626-af1b-a14f6636dde1]
06-21 14:03:03.926 27027 27027 I BugleRcsEngine: [2] albk.n: No RCS Configuration was found in Bugle for simID: redacted-pii:sim_id[20-chars]
06-21 14:03:03.927 27027 27027 I BugleRcsProvisioning: RcsAvailabilityUpdaterLocal: [SR]: SingleRegistration configuration, singleRegistrationRcsConfigAvailableAndEnabled: false, simId: redacted-pii:sim_id[20-chars]
06-21 14:03:03.928 27027 27027 I BugleRcsEngine: [2] albk.n: No RCS Configuration was found in Bugle for simID: redacted-pii:sim_id[20-chars]
06-21 14:03:03.929 27027 27027 I BugleRcsEngine: [2] alcv.a: Using config server URL from ajqd
06-21 14:03:03.929 27027 27027 I BugleRcsProvisioning: RcsAvailabilityUpdaterLocal: updateRcsAvailability, currentAvailability: 10, newAvailability: 10, hint: NO_HINT
06-21 14:03:03.938 27027 27059 I BugleRcsProvisioning: RcsProvisioningTrigger: onRcsAvailabilityUpdate : availability is updated to Carrier RCS is not set up, lastAvailability is Carrier RCS is not set up, simId hash = -5810545762951195337, isPev3Enabled = true
06-21 14:03:03.939 27027 27057 I BugleRcsProvisioning: BugleSystemBindingManager: onCsLibPhenotypeUpdated
06-21 14:03:03.939 27027 27057 I BugleRcsEngine: [46] zuq.c: SystemBindingManager: force P/H Flag update scheduled and start updateBinding
06-21 14:03:03.941  8536  8653 I BugleRcsEngine: [53] ProvisioningEventReceiver.d: Received Provisioning Event: [Availability updated (12)]
06-21 14:03:03.942  8536  8653 I BugleRcsEngine: [53] ProvisioningEventReceiver.d: JibeService is running, passing event to provisioning engine.
06-21 14:03:03.964 27027 27100 W BugleRcsEngine: [64] ajnl.z: Unable to send diagnostic log
06-21 14:03:03.964 27027 27131 W BugleRcsEngine: [89] ajnl.z: Unable to send diagnostic log
06-21 14:03:03.964 27027 27027 I BugleRcsProvisioning: RcsProvisioningEventReceiver: Received ProvisioningEvent: Update provisioning status
06-21 14:03:03.967 27027 27059 I BugleRcsEngine: [48] ajkh.run: SystemBindingManager: SystemBinding enabled: true
06-21 14:03:03.969 27027 27059 I BugleRcsEngine: [48] albk.o: No RCS Configuration was found in Bugle for simID: 89860318640220133897
06-21 14:03:03.969 27027 27059 I BugleRcsEngine: [48] ajki.b: System Binding updated
06-21 14:03:03.970 27027 27131 I BugleRcsEngine: [89] albk.f: Google Tos consent storage in Bugle is disabled by p/h flag, using local storage
06-21 14:03:03.970 27027 27072 I BugleTransport: isChatAvailable: RcsAvailability is CARRIER_SETUP_PENDING (Carrier RCS is not set up)
06-21 14:03:03.974 27027 27131 I BugleRcsEngine: [89] aktt.e: (PEv2-SM-Bugle-180876068): transitionViaMessage, srcState=CheckPreconditionsState, destState = WaitingForGoogleTosState [aef5ed59-419a-4626-af1b-a14f6636dde1]
06-21 14:03:03.975 27027 27131 I BugleRcsEngine: [89] aktt.e: (PEv2-SM-Bugle-180876068): CheckPreconditionsState: Transition to waiting for Google TOS [aef5ed59-419a-4626-af1b-a14f6636dde1]
06-21 14:03:03.975 27027 27131 I BugleRcsEngine: [89] aktt.e: (PEv2-SM-Bugle-180876068): transitionTo: destState=WaitingForGoogleTosState [aef5ed59-419a-4626-af1b-a14f6636dde1]
06-21 14:03:03.976 27027 27131 I BugleRcsEngine: [89] aktt.e: (PEv2-SM-Bugle-180876068): onTransitionRequested CheckPreconditionsState [aef5ed59-419a-4626-af1b-a14f6636dde1]
06-21 14:03:03.977 27027 27131 I BugleRcsEngine: [89] aktt.e: (PEv2-SM-Bugle-180876068): Enter WaitingForGoogleTosState [aef5ed59-419a-4626-af1b-a14f6636dde1]
06-21 14:03:03.993 27027 27062 W BugleRcsEngine: [51] ajnl.z: Unable to send diagnostic log
06-21 14:03:04.001 27027 27071 W BugleAction: Null config in BugleSharedPrefs
06-21 14:03:04.001 27027 27071 W BugleAction: Failed to get msisdn from Bugle
06-21 14:03:04.002 27027 27071 W BugleAction: Failed to get msisdn from RcsProfileService
06-21 14:03:04.002 27027 27071 W BugleAction: awmw: Jibe SDK Service not available. Is the Jibe SDK service running? Did you call connect() and wait for the notification before calling an API function?
06-21 14:03:04.002 27027 27071 W BugleAction: 	at awmp.b(PG:2)
06-21 14:03:04.002 27027 27071 W BugleAction: 	at com.google.android.rcs.client.profile.RcsProfileService.g(PG:1)
06-21 14:03:04.002 27027 27071 W BugleAction: 	at com.google.android.rcs.client.profile.RcsProfileService.getMsisdn(PG:1)
06-21 14:03:04.002 27027 27071 W BugleAction: 	at utg.F(PG:12)
06-21 14:03:04.002 27027 27071 W BugleAction: 	at tmz.b(PG:1)
06-21 14:03:04.002 27027 27071 W BugleAction: 	at tmx.call(PG:1)
06-21 14:03:04.002 27027 27071 W BugleAction: 	at ayqv.a(PG:1)
06-21 14:03:04.002 27027 27071 W BugleAction: 	at aypm.a(PG:2)
06-21 14:03:04.002 27027 27071 W BugleAction: 	at bcib.c(PG:1)
06-21 14:03:04.002 27027 27071 W BugleAction: 	at bchf.run(PG:4)
06-21 14:03:04.002 27027 27071 W BugleAction: 	at bcid.run(PG:1)
06-21 14:03:04.002 27027 27071 W BugleAction: 	at aosz.run(PG:1)
06-21 14:03:04.002 27027 27071 W BugleAction: 	at java.util.concurrent.ThreadPoolExecutor.runWorker(ThreadPoolExecutor.java:1167)
06-21 14:03:04.002 27027 27071 W BugleAction: 	at java.util.concurrent.ThreadPoolExecutor$Worker.run(ThreadPoolExecutor.java:641)
06-21 14:03:04.002 27027 27071 W BugleAction: 	at aosl.run(PG:2)
06-21 14:03:04.002 27027 27071 W BugleAction: 	at aory.run(PG:3)
06-21 14:03:04.002 27027 27071 W BugleAction: 	at java.lang.Thread.run(Thread.java:920)
06-21 14:03:04.003 27027 27071 W Bugle   : SubscriptionMetadataUtils get: invalid subId = -2
06-21 14:03:04.003 27027 27071 W Bugle   : SubscriptionMetadataUtils get: invalid subId = -2
06-21 14:03:04.054 27027 27033 W .apps.messagin: Suspending all threads took: 37.352ms
06-21 14:03:04.057 27027 27131 W BugleRcsEngine: [89] ajnl.z: Unable to send diagnostic log
06-21 14:03:04.067 27027 27131 I BugleRcsEngine: [89] albk.f: Google Tos consent storage in Bugle is disabled by p/h flag, using local storage
06-21 14:03:04.068 27027 27131 W BugleRcsEngine: [89] ajnl.z: Unable to send diagnostic log
06-21 14:03:04.078 27027 27131 I BugleRcsEngine: [89] aksn.a: Sending ProvisioningEvent to Bugle [Show FastTrack UI (5)], no extra data
06-21 14:03:04.078 27027 27131 I BugleRcsEngine: [89] alsm.b: EngineBroadcaster: Broadcasting provisioning intent com.google.android.ims.provisioning.engine.provisioningEventAction to Bugle with extras redacted-pii:[82-chars]
06-21 14:03:04.088 27027 27027 I BugleRcsProvisioning: RcsProvisioningEventReceiver: Received ProvisioningEvent: Show FastTrack UI
06-21 14:03:04.096 27027 27131 I BugleRcsEngine: [89] RcsProvisioningWorker.s: [seqId=0] Received a provisioning state changed event from the provisioning engine USER_INPUT_REQUIRED
06-21 14:03:04.096 27027 27131 I BugleRcsEngine: [89] RcsProvisioningWorker.s: [seqId=0] Provisioning Engine needs user input, shutting down Provisioning Task
06-21 14:03:04.104 27027 27131 I BugleRcsEngine: [89] RcsProvisioningWorker.s: [seqId=0] finish provisioning task with result Success {mOutputData=Data {}}
06-21 14:03:04.104 27027 27131 I BugleRcsEngine: [89] aktt.e: (PEv2-SM-Bugle-180876068): quit [aef5ed59-419a-4626-af1b-a14f6636dde1]
06-21 14:03:04.105 27027 27131 I BugleRcsEngine: [89] aktt.e: (PEv2-SM-Bugle-180876068): transitionTo: destState=akbb [aef5ed59-419a-4626-af1b-a14f6636dde1]
06-21 14:03:04.105 27027 27131 I BugleRcsEngine: [89] aktt.e: (PEv2-SM-Bugle-180876068): Exit WaitingForGoogleTosState [aef5ed59-419a-4626-af1b-a14f6636dde1]
06-21 14:03:04.105 27027 27131 W BugleRcsEngine: [89] ajnl.z: Unable to send diagnostic log
06-21 14:03:04.106 27027 27131 I BugleRcsEngine: [89] aktt.e: (PEv2-SM-Bugle-180876068): Exit CheckPreconditionsState [aef5ed59-419a-4626-af1b-a14f6636dde1]
06-21 14:03:04.106 27027 27131 I BugleRcsEngine: [89] aktt.e: (PEv2-SM-Bugle-180876068): Exit EnabledState [aef5ed59-419a-4626-af1b-a14f6636dde1]
06-21 14:03:04.106 27027 27131 W BugleRcsEngine: [89] ajnl.z: Unable to send diagnostic log
06-21 14:03:04.115 27027 27131 W BugleRcsEngine: [89] aktt.c: (PEv2-SM-Bugle-180876068): onQuitting [aef5ed59-419a-4626-af1b-a14f6636dde1]
06-21 14:03:04.115 27027 27131 I BugleRcsEngine: [89] akxz.a: RcsAvailabilityManager: Calculating Rcs Availability
06-21 14:03:04.117 27027 27131 I BugleRcsEngine: [89] albk.b: Bugle is default SMS app: true
06-21 14:03:04.118 27027 27131 I BugleRcsEngine: [89] akxz.a: Bugle has minimum required RCS permissions: true
06-21 14:03:04.120 27027 27131 I BugleRcsEngine: [89] albk.a: Rcs is enabled from user settings: true
06-21 14:03:04.120 27027 27131 I BugleRcsEngine: [89] alcv.a: Using config server URL from ajqd
06-21 14:03:04.121 27027 27131 I BugleRcsEngine: [89] albk.n: No RCS Configuration was found in Bugle for simID: redacted-pii:sim_id[20-chars]
06-21 14:03:04.142 27027 27071 W Bugle   : SubscriptionMetadataUtils get: invalid subId = -2
06-21 14:03:04.142 27027 27071 W Bugle   : SubscriptionUtilsAsOfLMR1: getSelfRawNumber: subInfo is null for subscription{id:-1}
06-21 14:03:04.142 27027 27071 W BugleAction: No default number, returning empty msisdn
06-21 14:03:04.148 27027 27056 I BugleRcsEngine: [45] RcsProvisioningWorker.s: [seqId=0] RCS provisioning task has finished with result Success {mOutputData=Data {}}
06-21 14:03:04.158 27027 27131 I BugleRcsEngine: [89] albk.n: No RCS Configuration was found in Bugle for simID: redacted-pii:sim_id[20-chars]
06-21 14:03:04.160 27027 27131 I BugleRcsEngine: [89] alsz.d: Checking if using CarrierServices.apk is possible. Enabled: true, isAtLeastM: true, runningInsideBugle: true
06-21 14:03:04.168 27027 27131 W BugleRcsEngine: [89] alsz.g: Carrier Services Apk was not found.
06-21 14:03:04.168 27027 27131 I BugleRcsEngine: [89] alsz.e: Cannot get service version because CS.apk was not found, not pre-loaded or disabled.
06-21 14:03:04.169 27027 27131 W BugleRcsEngine: [89] alsz.e: Service with meta data key: JibeServiceApiVersions is not compatible. Service Version 1 is not supported. Supported versions: []
06-21 14:03:04.171 27027 27131 I BugleRcsEngine: [89] albk.n: No RCS Configuration was found in Bugle for simID: redacted-pii:sim_id[20-chars]
06-21 14:03:04.185 27027 27071 W BugleAction: No default number, returning empty msisdn
06-21 14:03:04.195 27027 27071 W Bugle   : SubscriptionMetadataUtils get: invalid subId = -2
06-21 14:03:04.197 27027 27056 I WM-WorkerWrapper: Worker result SUCCESS for Work [ id=05398827-9643-4b13-b1dd-e811ca0c09ca, tags={ com.google.android.apps.messaging.rcsprovisioning.RcsProvisioningWorker, provisioning } ]
06-21 14:03:04.225 27027 27071 W BugleNetwork: RcsMsisdnAccessor: Failed to access Rcs msisdn. subId: -2
06-21 14:03:04.229 27027 27057 W BugleRcsEngine: [46] alsz.g: Carrier Services Apk was not found.
06-21 14:03:04.229 27027 27057 I BugleRcsEngine: [46] alsz.e: Cannot get service version because CS.apk was not found, not pre-loaded or disabled.
06-21 14:03:04.229 27027 27057 W BugleRcsEngine: [46] alsz.e: Service with meta data key: JibeServiceApiVersions is not compatible. Service Version 1 is not supported. Supported versions: []
06-21 14:03:04.229 27027 27057 I BugleRcsEngine: [46] alsz.c: Not using CS JibeService because it is not compatible with AM.
06-21 14:03:04.237  8536  8653 I BugleRcsEngine: [53] ProvisioningEventReceiver.d: Received Provisioning Event: [Bugle information (100)]
06-21 14:03:04.237  8536  8653 I BugleRcsEngine: [53] ProvisioningEventReceiver.d: JibeService is running, passing event to provisioning engine.
06-21 14:03:04.255 27027 27131 I BugleRcsEngine: [89] akxz.a: Config state is not ACCEPTED, provisioning still in progress
06-21 14:03:04.256 27027 27131 I BugleRcsEngine: [89] akxz.a: RcsAvailabilityManager: Rcs Availability still CARRIER_SETUP_PENDING (Carrier RCS is not set up)
06-21 14:03:04.291 27027 27057 I BugleTransport: Cannot refresh chat transport. No msisdn available
06-21 14:03:04.349 27027 27055 W BugleRcsEngine: [44] ajnl.z: Unable to send diagnostic log
06-21 14:03:04.429 27027 27055 W BugleRcsEngine: [44] ajnl.z: Unable to send diagnostic log
06-21 14:03:04.522 27027 27055 W BugleRcsEngine: [44] ajnl.z: Unable to send diagnostic log
06-21 14:03:04.524 27027 27055 W BugleRcsEngine: [44] ajnl.z: Unable to send diagnostic log
06-21 14:03:07.625 27027 27071 I BugleDataModel: FixupMessageStatusOnStartupAction: sendFailedCnt: 0, downloadFailedCnt: 0, partsProcessingFailedCnt: 0
06-21 14:03:07.713 27027 27033 W .apps.messagin: Suspending all threads took: 12.262ms
06-21 14:03:07.735 27027 27071 W BugleRcsEngine: [59] alsz.g: Carrier Services Apk was not found.
06-21 14:03:07.736 27027 27071 I BugleRcsEngine: [59] alsz.e: Cannot get service version because CS.apk was not found, not pre-loaded or disabled.
06-21 14:03:07.736 27027 27071 W BugleRcsEngine: [59] alsz.e: Service with meta data key: JibeServiceApiVersions is not compatible. Service Version 1 is not supported. Supported versions: []
06-21 14:03:07.737 27027 27071 I BugleRcsEngine: [59] alsz.c: Not using CS JibeService because it is not compatible with AM.
06-21 14:03:07.737 27027 27071 I BugleDataModel: PendingMessagesProcessor: process from FixupMessageStatusOnStartupAction due to connectivity changed with delay 0 with queues:
06-21 14:03:07.738 27027 27071 I BugleDataModel: ProcessPendingMessagesTimers: cleared next retry time for channel sms_send 
06-21 14:03:07.738 27027 27071 I BugleDataModel: ProcessPendingMessagesTimers: cleared next retry time for channel mms_send 
06-21 14:03:07.738 27027 27071 I BugleDataModel: ProcessPendingMessagesTimers: cleared next retry time for channel mms_download 
06-21 14:03:07.738 27027 27071 I BugleDataModel: ProcessPendingMessagesTimers: cleared next retry time for channel rcs_send 
06-21 14:03:07.738 27027 27071 I BugleDataModel: ProcessPendingMessagesTimers: cleared next retry time for channel rcs_ft_upload 
06-21 14:03:07.742 27027 27071 I BugleDataModel: ProcessPendingMessagesTimers: cleared next retry time for channel rcs_ft_download 
06-21 14:03:07.746 27027 27071 I BugleDataModel: ProcessPendingMessagesTimers: cleared next retry time for channel cloud_sync_send 
06-21 14:03:07.753 27027 27071 I BugleDataModel: ProcessPendingMessagesTimers: cleared next retry time for channel cloud_sync_attachment_download 
06-21 14:03:08.016 27027 27071 W BugleRcsEngine: [59] alsz.g: Carrier Services Apk was not found.
06-21 14:03:08.016 27027 27071 I BugleRcsEngine: [59] alsz.e: Cannot get service version because CS.apk was not found, not pre-loaded or disabled.
06-21 14:03:08.017 27027 27071 W BugleRcsEngine: [59] alsz.e: Service with meta data key: JibeServiceApiVersions is not compatible. Service Version 1 is not supported. Supported versions: []
06-21 14:03:08.017 27027 27071 I BugleRcsEngine: [59] alsz.c: Not using CS JibeService because it is not compatible with AM.
06-21 14:03:08.017 27027 27071 I BugleDataModel: PendingMessagesProcessor: process from ProcessPendingMessagesAction due to scheduled processing with delay 0 with queues:
06-21 14:03:08.840 27027 27070 I BugleJobs: GenericWorkerQueueAction: Bailing early, no work found, no failed work found
06-21 14:03:14.397 15360 15360 D BoundBrokerSvc: onUnbind: Intent { act=com.google.android.gms.measurement.START pkg=com.google.android.gms }
06-21 14:03:14.781  5458  5762 D WifiNl80211Manager: Scan result ready event
06-21 14:03:14.782  5458  5762 D WifiNative: Scan result ready event
06-21 14:03:18.009 15348 15348 D BoundBrokerSvc: onUnbind: Intent { act=com.google.android.gms.pseudonymous.service.START pkg=com.google.android.gms }
06-21 14:03:18.628  5384 27081 W resolv  : SSL_connect write error 0, mark 0xf0066: Try again
06-21 14:03:18.628  5384 27081 W resolv  : TLS Handshake failed
06-21 14:03:18.629  5384 27081 W resolv  : query failed
06-21 14:03:18.629  5384 27081 W resolv  : validateDnsTlsServer returned 0 for 10.0.2.3
06-21 14:03:18.629  5384 27081 W resolv  : Validation failed
06-21 14:03:19.069  5458  5572 D ConnectivityService: handleLingerComplete for [101 CELLULAR]
06-21 14:03:22.795 15348 15348 D BoundBrokerSvc: onUnbind: Intent { act=com.google.android.gms.phenotype.service.START pkg=com.google.android.gms }
06-21 14:03:45.102  5640  5702 D ControlsListingControllerImpl: Subscribing callback, service count: 0
06-21 14:03:45.131  5640  5702 D ControlsListingControllerImpl: Unsubscribing callback
06-21 14:03:49.778  5458  5762 D WifiNl80211Manager: Scan result ready event
06-21 14:03:49.778  5458  5762 D WifiNative: Scan result ready event
06-21 14:04:00.389  5640  5696 D EGL_emulation: app_time_stats: avg=60322.81ms min=60322.81ms max=60322.81ms count=1
06-21 14:04:29.057   344   344 E android.hardware.power.stats@1.0-service-mock: Failed to getEnergyData
06-21 14:04:32.282 27027 27108 I BugleRcsEngine: [67] alog.run: delay time out, reset attempts 1 and process SIM event
06-21 14:04:32.291 27027 27108 W BugleRcsEngine: [67] alod.a: (Sim): process intent: android.intent.action.SIM_STATE_CHANGED
06-21 14:04:32.364 27027 27108 I BugleRcsEngine: [67] alod.j: (Sim): Processing an intent
06-21 14:04:32.369 27027 27108 I BugleRcsEngine: [67] alod.w: (Sim): Ignoring duplicate SIM state: LOADED
06-21 14:04:33.234  5640  5696 D EGL_emulation: app_time_stats: avg=32844.68ms min=32844.68ms max=32844.68ms count=1
06-21 14:04:59.794  5458  5458 D CompatibilityChangeReporter: Compat change id reported: 135634846; UID 10126; state: DISABLED
06-21 14:04:59.798  5458  5497 D CompatibilityChangeReporter: Compat change id reported: 143937733; UID 10126; state: ENABLED
06-21 14:04:59.806  5458  7802 D WifiNl80211Manager: Scan result ready event
06-21 14:04:59.807  5458  7802 D WifiNative: Scan result ready event
06-21 14:04:59.846  5380  5380 D Zygote  : Forked child process 27175
06-21 14:04:59.847  5458  5497 W ActivityManager: Slow operation: 54ms so far, now at startProcess: returned from zygote!
06-21 14:04:59.851  5458  5497 W ActivityManager: Slow operation: 55ms so far, now at startProcess: done updating battery stats
06-21 14:04:59.861  5458  5497 W ActivityManager: Slow operation: 69ms so far, now at startProcess: building log message
06-21 14:04:59.862  5458  5497 I ActivityManager: Start proc 27175:com.google.android.apps.photos/u0a126 for service {com.google.android.apps.photos/com.google.android.apps.photos.dbprocessor.impl.DatabaseProcessorJobService}
06-21 14:04:59.862  5458  5497 W ActivityManager: Slow operation: 70ms so far, now at startProcess: starting to update pids map
06-21 14:04:59.862  5458  5497 W ActivityManager: Slow operation: 70ms so far, now at startProcess: done updating pids map
06-21 14:04:59.898 27175 27175 W oid.apps.photo: Unexpected CPU variant for X86 using defaults: x86_64
06-21 14:04:59.928 27175 27175 E oid.apps.photo: Not starting debugger since process cannot load the jdwp agent.
06-21 14:05:00.016 27175 27175 D CompatibilityChangeReporter: Compat change id reported: 171979766; UID 10126; state: ENABLED
06-21 14:05:00.318 27175 27175 D nativeloader: classloader namespace configured for unbundled product apk. library_path=/product/app/Photos/lib/x86_64:/product/app/Photos/Photos.apk!/lib/x86_64:/product/lib64:/system/product/lib64
06-21 14:05:00.404  5640  5696 D EGL_emulation: app_time_stats: avg=27169.56ms min=27169.56ms max=27169.56ms count=1
06-21 14:05:00.717 27175 27175 V GraphicsEnvironment: ANGLE Developer option for 'com.google.android.apps.photos' set to: 'default'
06-21 14:05:00.718 27175 27175 V GraphicsEnvironment: Neither updatable production driver nor prerelease driver is supported.
06-21 14:05:00.721 27175 27175 D NetworkSecurityConfig: No Network Security Config specified, using platform default
06-21 14:05:00.724 27175 27175 D NetworkSecurityConfig: No Network Security Config specified, using platform default
06-21 14:05:01.222 27175 27175 W oid.apps.photo: Accessing hidden field Ljava/util/Collections$SynchronizedCollection;->mutex:Ljava/lang/Object; (max-target-o, reflection, denied)
06-21 14:05:01.224 27175 27175 W oid.apps.photo: Accessing hidden method Ljava/util/Collections$SynchronizedSet;-><init>(Ljava/util/Set;Ljava/lang/Object;)V (max-target-o, reflection, denied)
06-21 14:05:01.225 27175 27175 W oid.apps.photo: Accessing hidden method Ljava/util/Collections$SynchronizedCollection;-><init>(Ljava/util/Collection;Ljava/lang/Object;)V (max-target-o, reflection, denied)
06-21 14:05:02.013 27027 27201 I BugleDataModel: ParticipantRefresh: ContactContentObserver created
06-21 14:05:02.014 27027 27201 I BugleDataModel: ParticipantRefresh: ContactContentObserver created
06-21 14:05:02.016 27027 27201 I BugleDataModel: ParticipantRefresh: Start participant refresh. refreshMode: SELF_ONLY
06-21 14:05:02.185 27027 27201 I Bugle   : CountryCodeDetector: updateMainDeviceCountry from default subscription network country. detected country: us
06-21 14:05:02.248 27027 27201 W BugleDataModel: SelfParticipantsData: Failed to update self participants' subscription info. updateCount: 0
06-21 14:05:02.378 27027 27201 W BugleDataModel: SelfParticipantsData: Failed to update self participants' subscription info. updateCount: 0
06-21 14:05:02.504  5458  7802 D CompatibilityChangeReporter: Compat change id reported: 135634846; UID 10058; state: DISABLED
06-21 14:05:02.505  5458  7802 D CompatibilityChangeReporter: Compat change id reported: 177438394; UID 10058; state: DISABLED
06-21 14:05:02.505  5458  7802 D CompatibilityChangeReporter: Compat change id reported: 135772972; UID 10058; state: DISABLED
06-21 14:05:02.506  5458  7802 D CompatibilityChangeReporter: Compat change id reported: 135754954; UID 10058; state: ENABLED
06-21 14:05:02.509  5458  5497 D CompatibilityChangeReporter: Compat change id reported: 143937733; UID 10058; state: ENABLED
06-21 14:05:02.521  5380  5380 D Zygote  : Forked child process 27207
06-21 14:05:02.525  5458  5497 I ActivityManager: Start proc 27207:android.process.acore/u0a58 for content provider {com.android.providers.contacts/com.android.providers.contacts.ContactsProvider2}
06-21 14:05:02.541 27207 27207 W d.process.acor: Unexpected CPU variant for X86 using defaults: x86_64
06-21 14:05:02.555 27207 27207 E d.process.acor: Not starting debugger since process cannot load the jdwp agent.
06-21 14:05:02.573  5458  7802 D CompatibilityChangeReporter: Compat change id reported: 168419799; UID 10058; state: DISABLED
06-21 14:05:02.589 27207 27207 D CompatibilityChangeReporter: Compat change id reported: 171979766; UID 10058; state: ENABLED
06-21 14:05:02.623 27207 27207 V GraphicsEnvironment: ANGLE Developer option for 'com.android.providers.contacts' set to: 'default'
06-21 14:05:02.624 27207 27207 V GraphicsEnvironment: Neither updatable production driver nor prerelease driver is supported.
06-21 14:05:02.626 27207 27207 D NetworkSecurityConfig: No Network Security Config specified, using platform default
06-21 14:05:02.627 27207 27207 D NetworkSecurityConfig: No Network Security Config specified, using platform default
06-21 14:05:02.710 27207 27207 I ContactsPerf: VoicemailContentProvider.onCreate start
06-21 14:05:02.725 27207 27207 I ContactsPerf: VoicemailContentProvider.onCreate finish
06-21 14:05:02.745 27207 27222 D ActivityThread: Loading provider call_log_shadow: com.android.providers.contacts.ShadowCallLogProvider
06-21 14:05:02.906  5458  8298 D CountryDetector: The first listener is added
06-21 14:05:02.909 27207 27207 I ContactsDatabaseHelper: updateUseStrictPhoneNumberComparison: US
06-21 14:05:02.967 27207 27222 I CallLogProvider: Syncing call composer pics -- source user=0, isShadow=true, forAllUser=false
06-21 14:05:02.974 27207 27222 I CallLogProvider: Fetching list of Uris to sync
06-21 14:05:03.090 27207 27226 D ContactsDatabaseHelper: WAL enabled for contacts2.db: true
06-21 14:05:03.138 27207 27222 I CallLogProvider: Will sync following Uris:[]
06-21 14:05:03.138 27207 27222 I CallLogProvider: Syncing call composer pics -- got []
06-21 14:05:03.334 27207 27226 I ContactLocale: AddressBook Labels [[en_US]]: [, A, B, C, D, E, F, G, H, I, J, K, L, M, N, O, P, Q, R, S, T, U, V, W, X, Y, Z, , , , , , , , , , , , , , , , , , , , , , , , , , , , , , , , , , , , , , , , , , , , , , , , , , , , , , , , , , , , , , , , , , , , , , , , , , , , , , , , , , , , , , , , , , , , , , , , , , , , , , , , , , , , , , , , , , , , , , , , , , , , , , , , , , , , , , , , , , , , , , , , , , , , , , , , , , , , , , , , , , , , , , , , , , , , , , , , , , , , , , , , , , , #, ]
06-21 14:05:03.393 27207 27226 D ContactsDatabaseHelper: WAL enabled for profile.db: false
06-21 14:05:03.730 27027 27201 I BugleDataModel: ParticipantRefresh: Number of participants refreshed: 0
06-21 14:05:03.759 15348 26920 I NetworkScheduler.Stats: (REDACTED) Task %s/%s started execution. cause:%s exec_start_elapsed_seconds: %s
06-21 14:05:03.838 15348 27129 I NetworkScheduler.Stats: (REDACTED) Task %s/%s finished executing. cause:%s result: %s elapsed_millis: %s uptime_millis: %s exec_start_elapsed_seconds: %s
06-21 14:05:04.599 27207 27215 W System  : A resource failed to call close. 
06-21 14:05:04.604 27207 27215 W System  : A resource failed to call close. 
06-21 14:05:08.625 15348 15348 D BoundBrokerSvc: onBind: Intent { act=com.google.android.gms.phenotype.service.START pkg=com.google.android.gms }
06-21 14:05:08.625 15348 15348 D BoundBrokerSvc: Loading bound service for intent: Intent { act=com.google.android.gms.phenotype.service.START pkg=com.google.android.gms }
06-21 14:05:13.165  5640  5696 D EGL_emulation: app_time_stats: avg=12758.71ms min=12758.71ms max=12758.71ms count=1
06-21 14:05:18.132  5458  5469 I system_server: Background young concurrent copying GC freed 295920(19MB) AllocSpace objects, 13(464KB) LOS objects, 44% free, 24MB/44MB, paused 26.650ms,300us total 343.822ms
06-21 14:05:23.763 15348 15348 D BoundBrokerSvc: onUnbind: Intent { act=com.google.android.gms.phenotype.service.START pkg=com.google.android.gms }
06-21 14:05:53.245  5640  5696 D EGL_emulation: app_time_stats: avg=40079.06ms min=40079.06ms max=40079.06ms count=1
06-21 14:06:00.093  5640  5696 D EGL_emulation: app_time_stats: avg=6847.15ms min=6847.15ms max=6847.15ms count=1
06-21 14:06:03.382  5458  5547 W libprocessgroup: Failed to open /sys/fs/cgroup/./frozen/cgroup.procs: No such file or directory
06-21 14:06:03.383  5458  5547 W libprocessgroup: Failed to apply Frozen process profile: No such file or directory
06-21 14:06:03.383  5458  5547 D ActivityManager: froze 26656 com.google.android.partnersetup
06-21 14:06:08.398  5458  5469 I system_server: Background young concurrent copying GC freed 277837(19MB) AllocSpace objects, 4(80KB) LOS objects, 45% free, 24MB/44MB, paused 11.476ms,527us total 93.965ms
06-21 14:06:09.926  5458  5547 W libprocessgroup: Failed to open /sys/fs/cgroup/./frozen/cgroup.procs: No such file or directory
06-21 14:06:09.926  5458  5547 W libprocessgroup: Failed to apply Frozen process profile: No such file or directory
06-21 14:06:09.927  5458  5547 D ActivityManager: froze 23940 com.android.chrome
06-21 14:06:23.836 18897 18920 I Finsky:background: [43] mpf.run(373): Stats for Executor: bgExecutor pib@1e917b3[Running, pool size = 4, active threads = 0, queued tasks = 0, completed tasks = 8]
06-21 14:06:23.924 18897 18920 I Finsky:background: [43] mpf.run(373): Stats for Executor: LightweightExecutor pib@ce9d170[Running, pool size = 0, active threads = 0, queued tasks = 0, completed tasks = 0]
06-21 14:06:24.325  5458  5547 W libprocessgroup: Failed to open /sys/fs/cgroup/./frozen/cgroup.procs: No such file or directory
06-21 14:06:24.327  5458  5547 W libprocessgroup: Failed to apply Frozen process profile: No such file or directory
06-21 14:06:24.327  5458  5547 D ActivityManager: froze 26178 com.google.android.gms.unstable
06-21 14:06:29.059   344   344 E android.hardware.power.stats@1.0-service-mock: Failed to getEnergyData
06-21 14:07:00.371  5640  5696 D EGL_emulation: app_time_stats: avg=60276.06ms min=60276.06ms max=60276.06ms count=1
06-21 14:07:03.827  6529 27266 W ProcessReaper: Memory state is: 100
06-21 14:07:08.224  8536 27270 W ProcessReaper: Memory state is: 125
06-21 14:07:08.457  5458  5469 I system_server: Background young concurrent copying GC freed 286702(20MB) AllocSpace objects, 5(100KB) LOS objects, 44% free, 24MB/44MB, paused 6.236ms,683us total 140.644ms
06-21 14:07:15.550 15566 15601 I Finsky  : [45] mpf.run(373): Stats for Executor: BlockingExecutor pib@9f6a051[Running, pool size = 0, active threads = 0, queued tasks = 0, completed tasks = 39]
06-21 14:07:15.552 15566 15601 I Finsky  : [45] mpf.run(373): Stats for Executor: LightweightExecutor pib@28120b6[Running, pool size = 2, active threads = 0, queued tasks = 0, completed tasks = 219]
06-21 14:07:15.897 15566 15601 I Finsky  : [45] mpf.run(373): Stats for Executor: bgExecutor pib@bb691b7[Running, pool size = 4, active threads = 0, queued tasks = 0, completed tasks = 2335]
06-21 14:07:19.832  5458  7502 D WifiNl80211Manager: Scan result ready event
06-21 14:07:19.834  5458  7502 D WifiNative: Scan result ready event
06-21 14:07:33.244  5640  5696 D EGL_emulation: app_time_stats: avg=32872.57ms min=32872.57ms max=32872.57ms count=1
06-21 14:07:58.435  5458  5495 I UsageStatsService: User[0] Flushing usage stats to disk
06-21 14:08:00.370  5640  5696 D EGL_emulation: app_time_stats: avg=27125.84ms min=27125.84ms max=27125.84ms count=1
06-21 14:08:08.120  5458  5469 I system_server: Background young concurrent copying GC freed 284692(19MB) AllocSpace objects, 8(220KB) LOS objects, 44% free, 24MB/44MB, paused 9.028ms,307us total 140.316ms
06-21 14:08:10.489 15348 26920 I AlarmManager: setExactAndAllowWhileIdle [name: GCM_HB_ALARM type: 2 triggerAtMillis: 10197586]
06-21 14:08:10.505 15348 26920 I AlarmManager: setExactAndAllowWhileIdle [name: GCM_HB_ALARM type: 2 triggerAtMillis: 10197603]
06-21 14:08:13.157  5640  5696 D EGL_emulation: app_time_stats: avg=12784.65ms min=12784.65ms max=12784.65ms count=1
06-21 14:08:29.061   344   344 E android.hardware.power.stats@1.0-service-mock: Failed to getEnergyData
06-21 14:08:53.229  5640  5696 D EGL_emulation: app_time_stats: avg=40071.85ms min=40071.85ms max=40071.85ms count=1
06-21 14:09:00.069  5640  5696 D EGL_emulation: app_time_stats: avg=6839.78ms min=6839.78ms max=6839.78ms count=1
06-21 14:09:07.117 15739 27307 W ProcessReaper: Memory state is: 100
06-21 14:09:42.048  5458  5547 W libprocessgroup: Failed to open /sys/fs/cgroup/./frozen/cgroup.procs: No such file or directory
06-21 14:09:42.049  5458  5547 W libprocessgroup: Failed to apply Frozen process profile: No such file or directory
06-21 14:09:42.049  5458  5547 D ActivityManager: froze 26360 com.google.process.gapps
06-21 14:09:58.306  5458  5469 I system_server: Background young concurrent copying GC freed 282196(19MB) AllocSpace objects, 5(100KB) LOS objects, 44% free, 24MB/44MB, paused 6.009ms,463us total 59.957ms
06-21 14:10:00.368  5640  5696 D EGL_emulation: app_time_stats: avg=60297.77ms min=60297.77ms max=60297.77ms count=1
06-21 14:10:01.416  5458  5547 W libprocessgroup: Failed to open /sys/fs/cgroup/./frozen/cgroup.procs: No such file or directory
06-21 14:10:01.417  5458  5547 W libprocessgroup: Failed to apply Frozen process profile: No such file or directory
06-21 14:10:01.417  5458  5547 D ActivityManager: froze 26944 com.android.settings
06-21 14:10:29.064   344   344 E android.hardware.power.stats@1.0-service-mock: Failed to getEnergyData
06-21 14:10:33.248  5640  5696 D EGL_emulation: app_time_stats: avg=32879.21ms min=32879.21ms max=32879.21ms count=1
06-21 14:10:58.235  5458  5469 I system_server: Background young concurrent copying GC freed 286344(19MB) AllocSpace objects, 5(100KB) LOS objects, 43% free, 25MB/44MB, paused 684us,1.534ms total 129.340ms
06-21 14:11:00.369  5640  5696 D EGL_emulation: app_time_stats: avg=27120.30ms min=27120.30ms max=27120.30ms count=1
06-21 14:11:10.029 15360 15360 D BoundBrokerSvc: onBind: Intent { act=com.google.android.gms.potokens.service.START dat=chimera-action: cmp=com.google.android.gms/.chimera.GmsApiService }
06-21 14:11:10.030 15360 15360 D BoundBrokerSvc: Loading bound service for intent: Intent { act=com.google.android.gms.potokens.service.START dat=chimera-action: cmp=com.google.android.gms/.chimera.GmsApiService }
06-21 14:11:13.156  5640  5696 D EGL_emulation: app_time_stats: avg=12787.08ms min=12787.08ms max=12787.08ms count=1
06-21 14:11:20.117 26652 26709 W SQLiteLog: (28) double-quoted string literal: "ea6d636d-3c01-44e5-aaf9-3712227f948b"
