06-21 14:02:47.126 27027 27057 I BugleRcsEngine: [46] albk.n: No RCS Configuration was found in Bugle for simID: redacted-pii:sim_id[20-chars]
06-21 14:02:47.129 27027 27057 I BugleRcsProvisioning: RcsAvailabilityUpdaterLocal: updateRcsAvailability, currentAvailability: 1, newAvailability: 9, hint: NO_HINT
06-21 14:02:47.131 27027 27056 I BugleRcsEngine: [45] ajkh.run: SystemBindingManager: SystemBinding enabled: true
06-21 14:02:47.132 27027 27056 I BugleRcsEngine: [45] albk.o: No RCS Configuration was found in Bugle for simID: 89860318640220133897
06-21 14:02:47.133 27027 27056 I BugleRcsEngine: [45] ajki.b: System Binding updated
06-21 14:02:47.133 27027 27059 I BugleRcsEngine: [48] alsz.d: Checking if using CarrierServices.apk is possible. Enabled: true, isAtLeastM: true, runningInsideBugle: true
06-21 14:02:47.136 27027 27071 W BugleRcsEngine: [59] ajnl.z: Unable to send diagnostic log
06-21 14:02:47.137 27027 27070 I Bugle   : RcsAvailabilityUtilForProvisioningEngineV2: updateAvailabilityAsync, hint: NO_HINT
06-21 14:02:47.138 27027 27070 W BugleAction: Failed to get msisdn from RcsProfileService
06-21 14:02:47.138 27027 27070 W BugleAction: awmw: Jibe SDK Service not available. Is the Jibe SDK service running? Did you call connect() and wait for the notification before calling an API function?
06-21 14:02:47.138 27027 27070 W BugleAction: 	at awmp.b(PG:2)
06-21 14:02:47.138 27027 27070 W BugleAction: 	at com.google.android.rcs.client.profile.RcsProfileService.g(PG:1)
06-21 14:02:47.138 27027 27070 W BugleAction: 	at com.google.android.rcs.client.profile.RcsProfileService.getMsisdn(PG:1)
06-21 14:02:47.138 27027 27070 W BugleAction: 	at utg.F(PG:12)
06-21 14:02:47.138 27027 27070 W BugleAction: 	at tmz.b(PG:1)
06-21 14:02:47.138 27027 27070 W BugleAction: 	at tmx.call(PG:1)
06-21 14:02:47.138 27027 27070 W BugleAction: 	at ayqv.a(PG:1)
06-21 14:02:47.138 27027 27070 W BugleAction: 	at aypm.a(PG:2)
06-21 14:02:47.138 27027 27070 W BugleAction: 	at bcib.c(PG:1)
06-21 14:02:47.138 27027 27070 W BugleAction: 	at bchf.run(PG:4)
06-21 14:02:47.138 27027 27070 W BugleAction: 	at bcid.run(PG:1)
06-21 14:02:47.138 27027 27070 W BugleAction: 	at aosz.run(PG:1)
06-21 14:02:47.138 27027 27070 W BugleAction: 	at java.util.concurrent.ThreadPoolExecutor.runWorker(ThreadPoolExecutor.java:1167)
06-21 14:02:47.138 27027 27070 W BugleAction: 	at java.util.concurrent.ThreadPoolExecutor$Worker.run(ThreadPoolExecutor.java:641)
06-21 14:02:47.138 27027 27070 W BugleAction: 	at aosl.run(PG:2)
06-21 14:02:47.138 27027 27070 W BugleAction: 	at aory.run(PG:3)
06-21 14:02:47.138 27027 27070 W BugleAction: 	at java.lang.Thread.run(Thread.java:920)
06-21 14:02:47.141 27027 27070 W Bugle   : SubscriptionMetadataUtils get: invalid subId = -2
06-21 14:02:47.144 27027 27070 I Bugle   : TelephonyManagerFactory: Returning per-subscription TelephonyManager (>= N) subscription{id:-1}
06-21 14:02:47.145 27027 27059 W BugleRcsEngine: [48] alsz.g: Carrier Services Apk was not found.
06-21 14:02:47.146 27027 27059 I BugleRcsEngine: [48] alsz.e: Cannot get service version because CS.apk was not found, not pre-loaded or disabled.
06-21 14:02:47.146 27027 27059 W BugleRcsEngine: [48] alsz.e: Service with meta data key: JibeServiceApiVersions is not compatible. Service Version 1 is not supported. Supported versions: []
06-21 14:02:47.147 27027 27056 I BugleRcsEngine: [45] alsz.d: Checking if using CarrierServices.apk is possible. Enabled: true, isAtLeastM: true, runningInsideBugle: true
06-21 14:02:47.148 27027 27056 W BugleRcsEngine: [45] alsz.g: Carrier Services Apk was not found.
06-21 14:02:47.148 27027 27056 I BugleRcsEngine: [45] alsz.e: Cannot get service version because CS.apk was not found, not pre-loaded or disabled.
06-21 14:02:47.149 27027 27056 W BugleRcsEngine: [45] alsz.e: Service with meta data key: JibeServiceApiVersions is not compatible. Service Version 1 is not supported. Supported versions: []
06-21 14:02:47.149 27027 27059 W BugleRcsEngine: [48] akrz.a: [SR]: Single Registration is disabled. Skipping Single Registration capability check for subId: 1
06-21 14:02:47.150 27027 27059 I BugleRcsProvisioning: RcsAvailabilityUpdaterLocal: [SR]: SingleRegistration capability, singleRegistrationCapability: false, simId: redacted-pii:sim_id[20-chars], subId: 1
06-21 14:02:47.152 27027 27056 W BugleRcsEngine: [45] akrz.a: [SR]: Single Registration is disabled. Skipping Single Registration capability check for subId: 1
06-21 14:02:47.153 27027 27056 I BugleRcsProvisioning: RcsAvailabilityUpdaterLocal: [SR]: SingleRegistration capability, singleRegistrationCapability: false, simId: redacted-pii:sim_id[20-chars], subId: 1
06-21 14:02:47.155 27027 27056 I BugleRcsEngine: [45] albk.n: No RCS Configuration was found in Bugle for simID: redacted-pii:sim_id[20-chars]
06-21 14:02:47.155 27027 27056 I BugleRcsProvisioning: RcsAvailabilityUpdaterLocal: [SR]: SingleRegistration configuration, singleRegistrationRcsConfigAvailableAndEnabled: false, simId: redacted-pii:sim_id[20-chars]
06-21 14:02:47.156 27027 27059 I BugleRcsEngine: [48] albk.n: No RCS Configuration was found in Bugle for simID: redacted-pii:sim_id[20-chars]
06-21 14:02:47.157 27027 27059 I BugleRcsProvisioning: RcsAvailabilityUpdaterLocal: [SR]: SingleRegistration configuration, singleRegistrationRcsConfigAvailableAndEnabled: false, simId: redacted-pii:sim_id[20-chars]
06-21 14:02:47.157 27027 27056 I BugleRcsEngine: [45] albk.n: No RCS Configuration was found in Bugle for simID: redacted-pii:sim_id[20-chars]
06-21 14:02:47.159 27027 27056 I BugleRcsProvisioning: RcsAvailabilityUpdaterLocal: updateRcsAvailability, currentAvailability: 9, newAvailability: 9, hint: NO_HINT
06-21 14:02:47.160 27027 27055 D CompatibilityChangeReporter: Compat change id reported: 160794467; UID 10098; state: ENABLED
06-21 14:02:47.162 27027 27059 I BugleRcsEngine: [48] albk.n: No RCS Configuration was found in Bugle for simID: redacted-pii:sim_id[20-chars]
06-21 14:02:47.164 27027 27059 I BugleRcsProvisioning: RcsAvailabilityUpdaterLocal: updateRcsAvailability, currentAvailability: 1, newAvailability: 9, hint: NO_HINT
06-21 14:02:47.165 27027 27055 W BugleRcsEngine: [44] alsz.g: Carrier Services Apk was not found.
06-21 14:02:47.165 27027 27055 I BugleRcsEngine: [44] alsz.e: Cannot get service version because CS.apk was not found, not pre-loaded or disabled.
06-21 14:02:47.166 27027 27055 W BugleRcsEngine: [44] alsz.e: Service with meta data key: JibeServiceApiVersions is not compatible. Service Version 1 is not supported. Supported versions: []
06-21 14:02:47.167 27027 27055 I BugleRcsEngine: [44] alsz.c: Not using CS JibeService because it is not compatible with AM.
06-21 14:02:47.178 27027 27072 I BugleTransport: isChatAvailable: RcsAvailability is DISABLED_SIM_ABSENT (RCS is disabled due to SIM absent)
06-21 14:02:47.189  8536  8653 I BugleRcsEngine: [53] ProvisioningEventReceiver.d: Received Provisioning Event: [Bugle information (100)]
06-21 14:02:47.189  8536  8653 I BugleRcsEngine: [53] ProvisioningEventReceiver.d: JibeService is running, passing event to provisioning engine.
06-21 14:02:47.203 27027 27070 W Bugle   : BuglePhoneNumberUtils: canonicalizeMccMnc: invalid mccmnc. mcc: null, mnc: null
06-21 14:02:47.217 27027 27070 I BugleBackup: Registering preference change listener for "buglesub_-1".
06-21 14:02:47.218 27027 27070 W Bugle   : SubscriptionMetadataUtils get: invalid subId = -2
06-21 14:02:47.236 27027 27070 W Bugle   : SubscriptionMetadataUtils get: invalid subId = -2
06-21 14:02:47.237 27027 27070 W Bugle   : SubscriptionUtilsAsOfLMR1: getSelfRawNumber: subInfo is null for subscription{id:-1}
06-21 14:02:47.237 27027 27070 W BugleAction: No default number, returning empty msisdn
06-21 14:02:47.239 27027 27070 I BugleBackup: Registering preference change listener for "buglesub_1".
06-21 14:02:47.246 27027 27070 W BugleAction: No default number, returning empty msisdn
06-21 14:02:47.248 27027 27070 W Bugle   : SubscriptionMetadataUtils get: invalid subId = -2
06-21 14:02:47.258 27027 27070 W BugleNetwork: RcsMsisdnAccessor: Failed to access Rcs msisdn. subId: -2
06-21 14:02:47.261 27027 27059 I BugleTransport: Cannot refresh chat transport. No msisdn available
06-21 14:02:47.402  5458  7579 D WifiNl80211Manager: Scan result ready event
06-21 14:02:47.402  5458  7579 D WifiNative: Scan result ready event
06-21 14:02:47.511  5458  5565 D WifiScoreReport: setShouldReduceNetworkScore=false mNetworkAgent is null? true
06-21 14:02:47.511  5458  5565 D WifiClientModeImpl[wlan0]: CMD_START_CONNECT  my state DisconnectedState nid=0 roam=false
06-21 14:02:47.517  5458  5565 I WifiClientModeImpl[wlan0]: Connecting with 02:15:b2:00:00:00 as the mac address
06-21 14:02:47.525  5385  5385 W wificond: Scan is not started. Ignore abort request
06-21 14:02:47.526  5458  5565 D SupplicantStaIfaceHal: connectToNetwork "AndroidWifi"NONE
06-21 14:02:47.527  5458  5565 D SupplicantStaIfaceHal: Network is already saved, will not trigger remove and add operation.
06-21 14:02:47.563  5625  5625 I wpa_supplicant: wlan0: SME: Trying to authenticate with 00:13:10:85:fe:01 (SSID='AndroidWifi' freq=2447 MHz)
06-21 14:02:47.582  5458  5565 D WifiCountryCode: evaluateAllCmmStateAndApplyIfAllReady: {ConcreteClientModeManager{id=1382602 iface=wlan0 role=ROLE_CLIENT_PRIMARY}=false}
06-21 14:02:47.582  5458  5565 D WifiClientModeImpl[wlan0]: Start Connecting Watchdog 2
06-21 14:02:47.635  5625  5625 I wpa_supplicant: wlan0: Trying to associate with 00:13:10:85:fe:01 (SSID='AndroidWifi' freq=2447 MHz)
06-21 14:02:47.797  5625  5625 I wpa_supplicant: wlan0: Associated with 00:13:10:85:fe:01
06-21 14:02:47.797  5625  5625 I wpa_supplicant: wlan0: CTRL-EVENT-CONNECTED - Connection to 00:13:10:85:fe:01 completed [id=0 id_str=%7B%22configKey%22%3A%22%5C%22AndroidWifi%5C%22NONE%22%2C%22creatorUid%22%3A%2210128%22%7D]
06-21 14:02:47.799  5625  5625 I wpa_supplicant: wlan0: CTRL-EVENT-SUBNET-STATUS-UPDATE status=0
06-21 14:02:47.990  5458  5565 D ConnectivityService: registerNetworkAgent NetworkAgentInfo{network{102}  handle{441492361229}  ni{WIFI CONNECTING extra: } Score(60 ; KeepConnected : 0 ; Policies : IS_UNMETERED)   lp{{InterfaceName: wlan0 LinkAddresses: [ ] DnsAddresses: [ ] Domains: null MTU: 0 Routes: [ ]}}  nc{[ Transports: WIFI Capabilities: NOT_METERED&INTERNET&NOT_RESTRICTED&TRUSTED&NOT_VPN&NOT_ROAMING&FOREGROUND&NOT_CONGESTED&NOT_SUSPENDED&NOT_VCN_MANAGED LinkUpBandwidth>=11000Kbps LinkDnBandwidth>=11000Kbps Specifier: <WifiNetworkAgentSpecifier [WifiConfiguration=, SSID="AndroidWifi", BSSID=00:13:10:85:fe:01, band=1, mMatchLocalOnlySpecifiers=false]> TransportInfo: <SSID: "AndroidWifi", BSSID: 00:13:10:85:fe:01, MAC: 02:15:b2:00:00:00, Security type: 0, Supplicant state: ASSOCIATED, Wi-Fi standard: 1, RSSI: -127, Link speed: -1Mbps, Tx Link speed: -1Mbps, Max Supported Tx Link speed: 11Mbps, Rx Link speed: -1Mbps, Max Supported Rx Link speed: 11Mbps, Frequency: 2447MHz, Net ID: 0, Metered hint: false, score: 0, CarrierMerged: false, SubscriptionId: -1, IsPrimary: 1> OwnerUid: 10128 AdminUids: [10128] SSID: "AndroidWifi"]}}
06-21 14:02:48.027  5458  5572 D ConnectivityService: [102 WIFI] EVENT_NETWORK_INFO_CHANGED, going from CONNECTING to CONNECTING
06-21 14:02:48.028  5458  5572 D ConnectivityService: NetReassign [no changes]
06-21 14:02:48.030  5458  5572 D ConnectivityService: NetReassign [no changes]
06-21 14:02:48.109  5384  5407 E Netd    : no such netId 102
06-21 14:02:48.165  5716  5928 D DhcpClient: l2key: W3d14153809419c36 lease address: /10.0.2.16 lease expiry: 1719055663768 current time: 1718978568165
06-21 14:02:48.176  5716  5928 D DhcpClient: Broadcasting DHCPREQUEST ciaddr=0.0.0.0 request=10.0.2.16 serverid=null
06-21 14:02:48.186  5716  5928 D DhcpClient: Received packet: 02:15:b2:00:00:00 ACK: your new IP /10.0.2.16, netmask /255.255.255.0, gateways [/10.0.2.2] DNS servers: /10.0.2.3 , lease time 86400
06-21 14:02:48.189  5716  5928 D DhcpClient: Confirmed lease: android.net.networkstack.DhcpResults@5dd7fdf DHCP server /10.0.2.2 Vendor info null lease 86400 seconds Servername 
06-21 14:02:48.232  5384  5384 E Netd    : no such netId 102
06-21 14:02:48.236  5458  5572 E ConnectivityService: Exception in networkAddRouteParcel for non-gateway: android.os.ServiceSpecificException: Machine is not on the network (code 64)
06-21 14:02:48.241  5384  5384 E Netd    : no such netId 102
06-21 14:02:48.246  5458  5572 E ConnectivityService: Exception in networkAddRouteParcel for gateway: android.os.ServiceSpecificException: Machine is not on the network (code 64)
06-21 14:02:48.299  5458  5565 W WifiScoreReport: Cannot start external scoring netId=102 currentNetId=102 currentNetCapabilities=[ Transports: WIFI Capabilities: NOT_METERED&INTERNET&NOT_RESTRICTED&TRUSTED&NOT_VPN&NOT_ROAMING&NOT_CONGESTED&NOT_SUSPENDED&NOT_VCN_MANAGED LinkUpBandwidth>=12000Kbps LinkDnBandwidth>=30000Kbps Specifier: <WifiNetworkAgentSpecifier [WifiConfiguration=, SSID="AndroidWifi", BSSID=00:13:10:85:fe:01, band=1, mMatchLocalOnlySpecifiers=false]> TransportInfo: <SSID: "AndroidWifi", BSSID: 00:13:10:85:fe:01, MAC: 02:15:b2:00:00:00, Security type: 0, Supplicant state: COMPLETED, Wi-Fi standard: 1, RSSI: -50, Link speed: 1Mbps, Tx Link speed: 1Mbps, Max Supported Tx Link speed: 11Mbps, Rx Link speed: -1Mbps, Max Supported Rx Link speed: 11Mbps, Frequency: 2447MHz, Net ID: 0, Metered hint: false, score: 60, CarrierMerged: false, SubscriptionId: -1, IsPrimary: 1> SignalStrength: -50 OwnerUid: 10128 AdminUids: [10128] SSID: "AndroidWifi"] sessionId=1026
06-21 14:02:48.316  5716  5928 D DhcpClient: Scheduling renewal in 43199s
06-21 14:02:48.317  5716  5928 D DhcpClient: Scheduling rebind in 75599s
06-21 14:02:48.317  5716  5928 D DhcpClient: Scheduling expiry in 86399s
06-21 14:02:48.332  5458  5572 D ConnectivityService: Setting DNS servers for network 102 to [/10.0.2.3]
06-21 14:02:48.388  5458  8236 D WifiMemoryStoreImpl: Set cluster G30de5e970bfb4f1a for W3d14153809419c36: SUCCESS
06-21 14:02:48.412  5458  5572 D ConnectivityService: [102 WIFI] EVENT_NETWORK_INFO_CHANGED, going from CONNECTING to CONNECTED
06-21 14:02:48.415  5458  5572 D DnsManager: sendDnsConfigurationForNetwork(102, [10.0.2.3], [], 1800, 25, 8, 64, 0, 0, , [])
06-21 14:02:48.433  5458  5572 W DnsManager: updatePrivateDns(102, PrivateDnsConfig{true:/[]})
06-21 14:02:48.433  5458  5572 D ConnectivityService: Setting DNS servers for network 102 to [/10.0.2.3]
06-21 14:02:48.435  5458  5572 D DnsManager: sendDnsConfigurationForNetwork(102, [10.0.2.3], [], 1800, 25, 8, 64, 0, 0, , [10.0.2.3])
06-21 14:02:48.438  5384 27081 W resolv  : Validating DnsTlsServer 10.0.2.3 with mark 0xf0066
06-21 14:02:48.465  5458  5572 D ConnectivityService: Adding iface wlan0 to network 102
06-21 14:02:48.496  5458  5572 D ConnectivityService: Setting DNS servers for network 102 to [/10.0.2.3]
06-21 14:02:48.496  5458  5572 D DnsManager: sendDnsConfigurationForNetwork(102, [10.0.2.3], [], 1800, 25, 8, 64, 0, 0, , [10.0.2.3])
06-21 14:02:48.597  5458  6477 D WifiMemoryStoreImpl: Set cluster G30de5e970bfb4f1a for W30de5e970bfb4f1a: SUCCESS
06-21 14:02:48.648  5458  5572 D ConnectivityService: NetReassign [no changes]
06-21 14:02:48.652  5458  5565 D WifiClientModeImpl[wlan0]: Received signal strength thresholds: []
06-21 14:02:48.663  5458  5572 D CompatibilityChangeReporter: Compat change id reported: 171306433; UID 1000; state: ENABLED
06-21 14:02:48.789  5458  5565 E WifiVendorHal: stopRssiMonitoring(l.2617) failed {.code = ERROR_NOT_AVAILABLE, .description = }
06-21 14:02:48.820 15348 16647 I ChimeraSrvcProxy: NullBinder for android.net.action.RECOMMEND_NETWORKS triggering remote TransactionTooLargeException due to Service without Chimera impl
06-21 14:02:48.868  5716 27083 D NetworkMonitor/102: PROBE_DNS www.google.com 140ms OK 172.217.13.100
06-21 14:02:48.914  5716 27084 D NetworkMonitor/102: PROBE_DNS connectivitycheck.gstatic.com 104ms OK 172.217.13.163
06-21 14:02:48.914  5384  5384 E libnetd_resolv: Error adding route ::/0 -> fe80::2 wlan0 to table 1016: File exists
06-21 14:02:49.028  5716 27084 D NetworkMonitor/102: PROBE_HTTP http://connectivitycheck.gstatic.com/generate_204 time=108ms ret=204 request={Connection=[close], User-Agent=[Mozilla/5.0 (X11; Linux x86_64) AppleWebKit/537.36 (KHTML, like Gecko) Chrome/60.0.3112.32 Safari/537.36]} headers={null=[HTTP/1.1 204 No Content], Connection=[close], Content-Length=[0], Cross-Origin-Resource-Policy=[cross-origin], Date=[Fri, 21 Jun 2024 14:03:26 GMT], X-Android-Received-Millis=[1718978569024], X-Android-Response-Source=[NETWORK 204], X-Android-Selected-Protocol=[http/1.1], X-Android-Sent-Millis=[1718978568990]}
06-21 14:02:49.055  5716 27083 D NetworkMonitor/102: PROBE_HTTPS https://www.google.com/generate_204 time=155ms ret=204 request={Connection=[close], User-Agent=[Mozilla/5.0 (X11; Linux x86_64) AppleWebKit/537.36 (KHTML, like Gecko) Chrome/60.0.3112.32 Safari/537.36]} headers={null=[HTTP/1.1 204 No Content], Alt-Svc=[h3=":443"; ma=2592000,h3-29=":443"; ma=2592000], Connection=[close], Content-Length=[0], Cross-Origin-Resource-Policy=[cross-origin], Date=[Fri, 21 Jun 2024 14:03:26 GMT], X-Android-Received-Millis=[1718978569050], X-Android-Response-Source=[NETWORK 204], X-Android-Selected-Protocol=[http/1.1], X-Android-Sent-Millis=[1718978569019]}
06-21 14:02:49.058  5716 27082 D NetworkMonitor/102: isCaptivePortal: isSuccessful()=true isPortal()=false RedirectUrl=null isPartialConnectivity()=false Time=336ms
06-21 14:02:49.063  5458  5572 D ConnectivityService: [102 WIFI] validation passed
06-21 14:02:49.065  5458  5572 D ConnectivityService: NetReassign [72 : 101  102, 206 : 101  102, 255 : 101  102, 17 : 101  102, 214 : 101  102, 77 : 101  102, 19 : 101  102, 30 : 101  102, 251 : 101  102, 216 : 101  102, 55 : 101  102, 25 : 101  102, 1 : 101  102, 232 : 101  102, 245 : 101  102, 70 : 101  102, 47 : 101  102, 15 : 101  102, 229 : 101  102, 135 : 101  102, 7 : 101  102, 236 : 101  102, 63 : 101  102, 203 : 101  102, 103 : 101  102, 147 : 101  102, 123 : 101  102, 226 : 101  102, 257 : 101  102, 28 : 101  102, 253 : 101  102, 224 : 101  102, 128 : 101  102, 89 : 101  102, 112 : 101  102, 198 : 101  102, 23 : 101  102, 84 : 101  102, 34 : 101  102, 38 : 101  102, 94 : 101  102, 196 : 101  102, 248 : 101  102, 21 : 101  102, 50 : 101  102]
06-21 14:02:49.066  5458  5572 D ConnectivityService: Switching to new default network for: uid/pid:1000/5458 activeRequest: 1 callbackRequest: 1 [NetworkRequest [ REQUEST id=1, [ Capabilities: INTERNET&NOT_RESTRICTED&TRUSTED&NOT_VPN&NOT_VCN_MANAGED RequestorUid: 1000 RequestorPkg: android] ]] callback flags: 1 priority: 2147483647 using NetworkAgentInfo{network{102}  handle{441492361229}  ni{WIFI CONNECTED extra: } Score(60 ; KeepConnected : 0 ; Policies : TRANSPORT_PRIMARY&EVER_VALIDATED&IS_UNMETERED&IS_VALIDATED)  everValidated lastValidated  lp{{InterfaceName: wlan0 LinkAddresses: [ fe80::22cf:19d0:2a32:f070/64,10.0.2.16/24,fec0::226c:ffca:8a26:a876/64,fec0::26b6:7454:49de:7109/64 ] DnsAddresses: [ /10.0.2.3 ] Domains: null MTU: 0 ServerAddress: /10.0.2.2 TcpBufferSizes: 524288,1048576,2097152,262144,524288,1048576 Routes: [ fe80::/64 -> :: wlan0 mtu 0,::/0 -> fe80::2 wlan0 mtu 0,fec0::/64 -> :: wlan0 mtu 0,10.0.2.0/24 -> 0.0.0.0 wlan0 mtu 0,0.0.0.0/0 -> 10.0.2.2 wlan0 mtu 0 ]}}  nc{[ Transports: WIFI Capabilities: NOT_METERED&INTERNET&NOT_RESTRICTED&TRUSTED&NOT_VPN&VALIDATED&NOT_ROAMING&FOREGROUND&NOT_CONGESTED&NOT_SUSPENDED&NOT_VCN_MANAGED LinkUpBandwidth>=12000Kbps LinkDnBandwidth>=30000Kbps Specifier: <WifiNetworkAgentSpecifier [WifiConfiguration=, SSID="AndroidWifi", BSSID=00:13:10:85:fe:01, band=1, mMatchLocalOnlySpecifiers=false]> TransportInfo: <SSID: "AndroidWifi", BSSID: 00:13:10:85:fe:01, MAC: 02:15:b2:00:00:00, Security type: 0, Supplicant state: COMPLETED, Wi-Fi standard: 1, RSSI: -50, Link speed: 1Mbps, Tx Link speed: 1Mbps, Max Supported Tx Link speed: 11Mbps, Rx Link speed: -1Mbps, Max Supported Rx Link speed: 11Mbps, Frequency: 2447MHz, Net ID: 0, Metered hint: false, score: 60, CarrierMerged: false, SubscriptionId: -1, IsPrimary: 1> SignalStrength: -50 OwnerUid: 10128 AdminUids: [10128] SSID: "AndroidWifi"]}}
06-21 14:02:49.073  5384  5398 E NetlinkEvent: NetlinkEvent::FindParam(): Parameter 'INTERFACE' not found
06-21 14:02:49.073  5384  5398 E NetlinkEvent: NetlinkEvent::FindParam(): Parameter 'STATE' not found
06-21 14:02:49.073  5384  5398 E NetlinkEvent: NetlinkEvent::FindParam(): Parameter 'TIME_NS' not found
06-21 14:02:49.074  5384  5398 E NetlinkEvent: NetlinkEvent::FindParam(): Parameter 'UID' not found
06-21 14:02:49.100  5458  7483 D TelephonyManager: requestModemActivityInfo: Sending result to app: ModemActivityInfo{ mTimestamp=9466194 mSleepTimeMs=0 mIdleTimeMs=5325357 mTxTimeMs[]=[0, 0, 0, 0, 0] mRxTimeMs=0}
06-21 14:02:49.187  5716  5867 D UpstreamNetworkMonitor: New default Internet network: 102
06-21 14:02:49.234 15566 15616 I Finsky  : [58] sto.a(6): IQ: start evaluating install requests.
06-21 14:02:49.234 15566 15616 I Finsky  : [58] sto.a(40): IQ: no jobs active. Skipping
06-21 14:02:49.276  5640  5696 D EGL_emulation: app_time_stats: avg=644.16ms min=22.92ms max=4009.96ms count=7
06-21 14:02:49.294  5458  5715 D NetworkTimeUpdateService: New default network 102; checking time.
06-21 14:02:49.331 15566 15616 I Finsky  : [58] sto.a(539): IQ: 0 scheduled install statuses found to proceed. 
06-21 14:02:49.334  8536  8905 I BugleRcsEngine: [64] alsz.d: Checking if using CarrierServices.apk is possible. Enabled: true, isAtLeastM: true, runningInsideBugle: true
06-21 14:02:49.336  8536  8883 I BugleRcsEngine: [59] akkw.d: Connected state: [1], networkType: [WIFI]
06-21 14:02:49.343  8536  8905 W BugleRcsEngine: [64] alsz.g: Carrier Services Apk was not found.
06-21 14:02:49.350  8536  8905 I BugleRcsEngine: [64] alsz.e: Cannot get service version because CS.apk was not found, not pre-loaded or disabled.
06-21 14:02:49.351  8536  8905 W BugleRcsEngine: [64] alsz.e: Service with meta data key: JibeServiceApiVersions is not compatible. Service Version 1 is not supported. Supported versions: []
06-21 14:02:49.364  5640  5640 W View    : requestLayout() improperly called by com.android.keyguard.AlphaOptimizedLinearLayout{469523b V.E...... ......ID 7,0-48,61 #7f0b06f0 app:id/wifi_group} during layout: running second layout pass
06-21 14:02:49.390  5458  5572 D ConnectivityService: Setting inactive [101 CELLULAR] for 30000ms
06-21 14:02:49.393  8536  8883 I BugleRcsEngine: [59] akkw.d: Connected state: [1], networkType: [WIFI]
06-21 14:02:49.414  5458  5458 W Looper  : Slow dispatch took 149ms main h=com.android.server.job.JobSchedulerService$JobHandler c=null m=1
06-21 14:02:49.438  5458  5572 D ConnectivityService: Sending DISCONNECTED broadcast for type 0 [101 CELLULAR] isDefaultNetwork=true
06-21 14:02:49.439  5458  5572 W ContextImpl: Calling a method in the system process without a qualified user: android.app.ContextImpl.sendStickyBroadcast:1559 com.android.server.ConnectivityService.sendStickyBroadcast:2790 com.android.server.ConnectivityService.sendLegacyNetworkBroadcast:8711 com.android.server.ConnectivityService$LegacyTypeTracker.remove:1007 com.android.server.ConnectivityService.updateLegacyTypeTrackerAndVpnLockdownForRematch:8266 
06-21 14:02:49.442  5458  5572 D ConnectivityService: Sending CONNECTED broadcast for type 1 [102 WIFI] isDefaultNetwork=true
06-21 14:02:49.444  5458  5572 W ContextImpl: Calling a method in the system process without a qualified user: android.app.ContextImpl.sendStickyBroadcast:1559 com.android.server.ConnectivityService.sendStickyBroadcast:2790 com.android.server.ConnectivityService.sendGeneralBroadcast:2765 com.android.server.ConnectivityService.sendConnectedBroadcast:2738 com.android.server.ConnectivityService.sendLegacyNetworkBroadcast:8683 
06-21 14:02:49.453  5640  5640 W View    : requestLayout() improperly called by com.android.keyguard.AlphaOptimizedLinearLayout{c882d58 V.E...... ......ID 7,0-48,61 #7f0b06f0 app:id/wifi_group} during layout: running second layout pass
06-21 14:02:49.454  5640  5640 W View    : requestLayout() improperly called by com.android.keyguard.AlphaOptimizedLinearLayout{ddc4eb1 V.E...... ......ID 7,0-48,61 #7f0b06f0 app:id/wifi_group} during layout: running second layout pass
06-21 14:02:49.469  8536  8905 I BugleRcsEngine: [64] albk.n: No RCS Configuration was found in Bugle for simID: redacted-pii:sim_id[20-chars]
06-21 14:02:49.474  8536  8905 I BugleRcsEngine: [64] alsz.d: Checking if using CarrierServices.apk is possible. Enabled: true, isAtLeastM: true, runningInsideBugle: true
06-21 14:02:49.492  8536  8905 W BugleRcsEngine: [64] alsz.g: Carrier Services Apk was not found.
06-21 14:02:49.492  8536  8905 I BugleRcsEngine: [64] alsz.e: Cannot get service version because CS.apk was not found, not pre-loaded or disabled.
06-21 14:02:49.492  8536  8905 W BugleRcsEngine: [64] alsz.e: Service with meta data key: JibeServiceApiVersions is not compatible. Service Version 1 is not supported. Supported versions: []
06-21 14:02:49.499 23873 23873 I DeviceStatusMonitor: DeviceStatusMonitor$1.onReceive():57 onReceive() : Action = android.net.conn.CONNECTIVITY_CHANGE
06-21 14:02:49.548 15566 15566 I Finsky  : [2] skg.n(94): Installer: found apps to install. apps=[]
06-21 14:02:49.553 23873 23873 I DeviceStatusMonitor: DeviceStatusMonitor.notifyIfNetworkChanged():158 notifyIfNetworkChanged: newState = NON_METERED, airplaneModeOn = false, notifyAnyway = false
06-21 14:02:49.554 23873 23873 I NetworkInfoNotification: NetworkInfoNotification$Listener.onReceive():89 onNetworkAvailable: networkState = NON_METERED, isAirplaneModeOn = false
06-21 14:02:49.556 23873 27018 I NetworkInfoNotification: NetworkInfoNotification$Listener.onReceive():89 onNetworkAvailable: networkState = NON_METERED, isAirplaneModeOn = false
06-21 14:02:49.557 23873 27095 I NetworkInfoNotification: NetworkInfoNotification$Listener.onReceive():89 onNetworkAvailable: networkState = NON_METERED, isAirplaneModeOn = false
06-21 14:02:49.577  5458  5572 D ConnectivityService: Setting DNS servers for network 102 to [/10.0.2.3]
06-21 14:02:49.577  5458  5572 D DnsManager: sendDnsConfigurationForNetwork(102, [10.0.2.3], [], 1800, 25, 8, 64, 0, 0, , [10.0.2.3])
06-21 14:02:49.586  8536  8905 I BugleRcsEngine: [64] albk.n: No RCS Configuration was found in Bugle for simID: redacted-pii:sim_id[20-chars]
06-21 14:02:49.586  8536  8905 I BugleRcsEngine: [64] alsz.d: Checking if using CarrierServices.apk is possible. Enabled: true, isAtLeastM: true, runningInsideBugle: true
06-21 14:02:49.603  5458  5496 W BroadcastQueue: Target SDK mismatch: receiver ActivityInfo{ba369bd com.google.android.apps.photos.actionqueue.impl.SystemReceiver} targets 31 but delivery restricted to [0, 23] broadcasting Intent { act=android.net.conn.CONNECTIVITY_CHANGE flg=0x4200010 (has extras) } from android (pid=5458, uid=1000) to com.google.android.apps.photos/.actionqueue.impl.SystemReceiver
06-21 14:02:49.603 23873 23873 I DeviceStatusMonitor: DeviceStatusMonitor$1.onReceive():57 onReceive() : Action = android.net.conn.CONNECTIVITY_CHANGE
06-21 14:02:49.615  8536  8905 W BugleRcsEngine: [64] alsz.g: Carrier Services Apk was not found.
06-21 14:02:49.615 23873 23873 I DeviceStatusMonitor: DeviceStatusMonitor.notifyIfNetworkChanged():158 notifyIfNetworkChanged: newState = NON_METERED, airplaneModeOn = false, notifyAnyway = false
06-21 14:02:49.616  8536  8905 I BugleRcsEngine: [64] alsz.e: Cannot get service version because CS.apk was not found, not pre-loaded or disabled.
06-21 14:02:49.616  8536  8905 W BugleRcsEngine: [64] alsz.e: Service with meta data key: JibeServiceApiVersions is not compatible. Service Version 1 is not supported. Supported versions: []
06-21 14:02:49.617  5458  5496 W BroadcastQueue: Target SDK mismatch: receiver ActivityInfo{3f9cbb2 com.google.android.apps.photos.jobqueue.JobServiceBroadcastReceiver} targets 31 but delivery restricted to [0, 23] broadcasting Intent { act=android.net.conn.CONNECTIVITY_CHANGE flg=0x4200010 (has extras) } from android (pid=5458, uid=1000) to com.google.android.apps.photos/.jobqueue.JobServiceBroadcastReceiver
06-21 14:02:49.621  8536  8883 I BugleRcsEngine: [59] akkw.d: Connected state: [1], networkType: [WIFI]
06-21 14:02:49.628 15566 15566 I Finsky  : [2] skg.n(94): Installer: found apps to install. apps=[]
06-21 14:02:49.670  5458  5496 W BroadcastQueue: Target SDK mismatch: receiver ActivityInfo{47db680 com.google.android.gms.gcm.ServiceAutoStarter} targets 34 but delivery restricted to [0, 23] broadcasting Intent { act=android.net.conn.CONNECTIVITY_CHANGE flg=0x4200010 (has extras) } from android (pid=5458, uid=1000) to com.google.android.gms/.gcm.ServiceAutoStarter
06-21 14:02:49.671  5458  5496 W BroadcastQueue: Target SDK mismatch: receiver ActivityInfo{e21e4b9 com.google.android.apps.photos.actionqueue.impl.SystemReceiver} targets 31 but delivery restricted to [0, 23] broadcasting Intent { act=android.net.conn.CONNECTIVITY_CHANGE flg=0x4200010 (has extras) } from android (pid=5458, uid=1000) to com.google.android.apps.photos/.actionqueue.impl.SystemReceiver
06-21 14:02:49.671  5458  5496 W BroadcastQueue: Target SDK mismatch: receiver ActivityInfo{834f0fe com.google.android.apps.photos.jobqueue.JobServiceBroadcastReceiver} targets 31 but delivery restricted to [0, 23] broadcasting Intent { act=android.net.conn.CONNECTIVITY_CHANGE flg=0x4200010 (has extras) } from android (pid=5458, uid=1000) to com.google.android.apps.photos/.jobqueue.JobServiceBroadcastReceiver
06-21 14:02:49.672  5458  5496 W BroadcastQueue: Target SDK mismatch: receiver ActivityInfo{26c305f com.google.android.gms.gcm.ServiceAutoStarter} targets 34 but delivery restricted to [0, 23] broadcasting Intent { act=android.net.conn.CONNECTIVITY_CHANGE flg=0x4200010 (has extras) } from android (pid=5458, uid=1000) to com.google.android.gms/.gcm.ServiceAutoStarter
06-21 14:02:49.692  5458  5458 W Looper  : Slow dispatch took 141ms main h=com.android.server.job.JobSchedulerService$JobHandler c=null m=1
06-21 14:02:49.704  5458  5565 I WifiClientModeImpl: Default Gateway MAC address of 00:13:10:85:fe:01 from routes is : 52:55:0a:00:02:02
06-21 14:02:49.754  5458  5762 D WifiMemoryStoreImpl: Set cluster G30de5e970bfb4f1a for W3d14153809419c36: SUCCESS
06-21 14:02:49.756  5458  5458 W Looper  : Slow delivery took 201ms main h=android.net.ConnectivityManager$CallbackHandler c=null m=6
06-21 14:02:49.787  8536  8905 I BugleRcsEngine: [64] albk.n: No RCS Configuration was found in Bugle for simID: redacted-pii:sim_id[20-chars]
06-21 14:02:49.809  5458  5475 I GnssNetworkConnectivityHandler: updateNetworkState, state=CLOSED, connected=true, network=102, capabilities=[ Transports: WIFI Capabilities: NOT_METERED&INTERNET&NOT_RESTRICTED&TRUSTED&NOT_VPN&VALIDATED&NOT_ROAMING&FOREGROUND&NOT_CONGESTED&NOT_SUSPENDED&NOT_VCN_MANAGED LinkUpBandwidth>=12000Kbps LinkDnBandwidth>=30000Kbps TransportInfo: <SSID: <unknown ssid>, BSSID: 02:00:00:00:00:00, MAC: 02:00:00:00:00:00, Security type: 0, Supplicant state: COMPLETED, Wi-Fi standard: 1, RSSI: -50, Link speed: 1Mbps, Tx Link speed: 1Mbps, Max Supported Tx Link speed: 11Mbps, Rx Link speed: -1Mbps, Max Supported Rx Link speed: 11Mbps, Frequency: 2447MHz, Net ID: -1, Metered hint: false, score: 60, CarrierMerged: false, SubscriptionId: -1, IsPrimary: 1> SignalStrength: -50 SSID: "AndroidWifi"], apn: , availableNetworkCount: 2
06-21 14:02:49.809  5458  5475 W Looper  : Slow dispatch took 376ms android.fg h=android.net.ConnectivityManager$CallbackHandler c=null m=2
06-21 14:02:49.810  5458  5475 W Looper  : Slow delivery took 380ms android.fg h=android.net.ConnectivityManager$CallbackHandler c=null m=3
06-21 14:02:49.816  5458  5565 D WifiConfigStore: Writing to stores completed in 86 ms.
06-21 14:02:49.862 15348 27051 I NetworkManagementSocketTagger: tagSocketFd(-1, 536871943, -1) failed with errno-9
06-21 14:02:49.897 15348 15366 I ChimeraSrvcProxy: NullBinder for android.net.action.RECOMMEND_NETWORKS triggering remote TransactionTooLargeException due to Service without Chimera impl
06-21 14:02:50.124 15348 24449 E WakeLock: GCM_HB_ALARM release without a matched acquire!
06-21 14:02:50.124 15348 24449 W WakeLock: GCM_HB_ALARM counter does not exist
06-21 14:02:50.133 15348 24449 I AlarmManager: setExactAndAllowWhileIdle [name: GCM_HB_ALARM type: 2 triggerAtMillis: 9877231]
06-21 14:02:50.193 15348 24449 I AlarmManager: setExactAndAllowWhileIdle [name: GCM_HB_ALARM type: 2 triggerAtMillis: 9877291]
06-21 14:02:50.197 15348 24449 E WakeLock: GCM_CONN_ALARM release without a matched acquire!
06-21 14:02:50.197 15348 24449 W WakeLock: GCM_CONN_ALARM counter does not exist
06-21 14:02:50.239 15348 24449 I AlarmManager: setExactAndAllowWhileIdle [name: GCM_HB_ALARM type: 2 triggerAtMillis: 9877337]
06-21 14:02:50.455  5458  5475 W Looper  : Drained
06-21 14:02:51.080  5458  5458 W Looper  : Drained
06-21 14:02:51.122 15348 15366 I ChimeraSrvcProxy: NullBinder for android.net.action.RECOMMEND_NETWORKS triggering remote TransactionTooLargeException due to Service without Chimera impl
06-21 14:02:51.140  8536  8905 I BugleRcsEngine: [64] alsz.d: Checking if using CarrierServices.apk is possible. Enabled: true, isAtLeastM: true, runningInsideBugle: true
06-21 14:02:51.149  8536  8905 W BugleRcsEngine: [64] alsz.g: Carrier Services Apk was not found.
06-21 14:02:51.150  8536  8905 I BugleRcsEngine: [64] alsz.e: Cannot get service version because CS.apk was not found, not pre-loaded or disabled.
06-21 14:02:51.150  8536  8905 W BugleRcsEngine: [64] alsz.e: Service with meta data key: JibeServiceApiVersions is not compatible. Service Version 1 is not supported. Supported versions: []
06-21 14:02:51.154  8536  8883 I BugleRcsEngine: [59] akkw.d: Connected state: [1], networkType: [WIFI]
06-21 14:02:51.185  8536  8905 I BugleRcsEngine: [64] albk.n: No RCS Configuration was found in Bugle for simID: redacted-pii:sim_id[20-chars]
06-21 14:02:52.938  5640  5696 D EGL_emulation: app_time_stats: avg=732.20ms min=82.79ms max=3016.63ms count=5
06-21 14:02:53.428 27027 27027 V ClearcutMetricXmitter: Transmission is done.
06-21 14:02:53.433 27027 27027 V ClearcutMetricXmitter: Transmission is done.
06-21 14:02:57.248 26195 26201 W ocess.gservice: Reducing the number of considered missed Gc histogram windows from 124 to 100
06-21 14:03:00.064  5640  5696 D EGL_emulation: app_time_stats: avg=7122.87ms min=7122.87ms max=7122.87ms count=1
06-21 14:03:01.397 27027 27056 I Bugle   : BugleStartup: Initializing with enabled individual init failures...
06-21 14:03:01.398 27027 27056 I Bugle   : BugleStartup: Registering SIM change receiver...
06-21 14:03:01.413 27027 27056 I Bugle   : BugleStartup: Updating app config...
06-21 14:03:01.449 27027 27056 I Bugle   : BugleStartup: Done with SIM change receiver & app config.
06-21 14:03:01.450 27027 27056 I Bugle   : BugleStartup: Handling shared prefs upgrade & Load MMS Configuration...
06-21 14:03:01.678 27027 27056 I BugleRcsEngine: [45] akbw.l: Reinitialize CSLib Flags: com.google.android.ims.library
06-21 14:03:01.689 27027 27056 I Bugle   : BugleStartup: Initializing RCS availability...
06-21 14:03:01.725 27027 27056 I Bugle   : RcsAvailabilityUtilForProvisioningEngineV2: updateAvailabilityAsync, hint: NO_HINT
06-21 14:03:01.725 27027 27056 I Bugle   : BugleStartup: Done with RCS availability.
06-21 14:03:01.726 27027 27056 I Bugle   : BugleStartup: Initializing RBM downloads...
06-21 14:03:01.737 27027 27108 I BugleRcsEngine: [67] aloh.c: do not delay first event
06-21 14:03:01.743 27027 27056 I Bugle   : BugleDownloadManager: Marking BugleDownloadManager as initialized.
06-21 14:03:01.743 27027 27056 I Bugle   : BugleStartup: Done initializing RBM downloads.
06-21 14:03:01.749 15739 27106 I GsaConfigFlagsSyncer: Flags already sync'ed.
06-21 14:03:01.743 27027 27056 I Bugle   : BugleStartup: Done initializing with enabled individual init failures.
06-21 14:03:01.845 27027 27056 I BugleRcsEngine: [45] alsz.d: Checking if using CarrierServices.apk is possible. Enabled: true, isAtLeastM: true, runningInsideBugle: true
06-21 14:03:01.866 27027 27056 W BugleRcsEngine: [45] alsz.g: Carrier Services Apk was not found.
06-21 14:03:01.866 27027 27056 I BugleRcsEngine: [45] alsz.e: Cannot get service version because CS.apk was not found, not pre-loaded or disabled.
06-21 14:03:01.893 27027 27056 W BugleRcsEngine: [45] alsz.e: Service with meta data key: JibeServiceApiVersions is not compatible. Service Version 1 is not supported. Supported versions: []
06-21 14:03:01.953 27027 27062 I Bugle   : CountryCodeDetector: updateMainDeviceCountry from default subscription network country. detected country: us
06-21 14:03:01.961 27027 27055 W BugleRcsEngine: [44] alsz.g: Carrier Services Apk was not found.
06-21 14:03:01.975 27027 27055 I BugleRcsEngine: [44] alsz.e: Cannot get service version because CS.apk was not found, not pre-loaded or disabled.
06-21 14:03:01.977 27027 27055 W BugleRcsEngine: [44] alsz.e: Service with meta data key: JibeServiceApiVersions is not compatible. Service Version 1 is not supported. Supported versions: []
06-21 14:03:01.992 27027 27055 I BugleRcsEngine: [44] alsz.c: Not using CS JibeService because it is not compatible with AM.
06-21 14:03:01.993 27027 27066 W Bugle   : BuglePhoneNumberUtils: canonicalizeMccMnc: invalid mccmnc. mcc: null, mnc: null
06-21 14:03:01.996 27027 27056 W BugleRcsEngine: [45] akrz.a: [SR]: Single Registration is disabled. Skipping Single Registration capability check for subId: 1
06-21 14:03:01.997 27027 27056 I BugleRcsProvisioning: RcsAvailabilityUpdaterLocal: [SR]: SingleRegistration capability, singleRegistrationCapability: false, simId: redacted-pii:sim_id[20-chars], subId: 1
06-21 14:03:02.018 27027 27056 I BugleRcsEngine: [45] albk.n: No RCS Configuration was found in Bugle for simID: redacted-pii:sim_id[20-chars]
06-21 14:03:02.020 27027 27056 I BugleRcsProvisioning: RcsAvailabilityUpdaterLocal: [SR]: SingleRegistration configuration, singleRegistrationRcsConfigAvailableAndEnabled: false, simId: redacted-pii:sim_id[20-chars]
06-21 14:03:02.022 27027 27056 I BugleRcsEngine: [45] albk.n: No RCS Configuration was found in Bugle for simID: redacted-pii:sim_id[20-chars]
06-21 14:03:02.062  8536  8653 I BugleRcsEngine: [53] ProvisioningEventReceiver.d: Received Provisioning Event: [Bugle information (100)]
06-21 14:03:02.078  8536  8653 I BugleRcsEngine: [53] ProvisioningEventReceiver.d: JibeService is running, passing event to provisioning engine.
06-21 14:03:02.221 27027 27059 I BugleRcsEngine: [48] aloh.c: SIM state event delay enabled: attempts 0, maxAttempts 3, delaySeconds 90 MSIM delayseconds 90, effective delay seconds 90
06-21 14:03:02.222 27027 27059 I BugleRcsEngine: [48] aloh.c: posted simEventProcessTask to handler with delay 90
06-21 14:03:02.245 27027 27105 W AssistantConfig: appIntegrationDataInBase64 is null
06-21 14:03:02.245 27027 27059 I BugleRcsEngine: [48] alod.d: (Sim): delay SIM event: android.intent.action.SIM_STATE_CHANGED, LOADED
06-21 14:03:02.246 27027 27108 I BugleRcsEngine: [67] alod.j: (Sim): Processing an intent
06-21 14:03:02.248 27027 27108 I BugleRcsEngine: [67] alod.w: (Sim): SIM state LOADED
06-21 14:03:02.305 27027 27059 W BugleRcsEngine: [48] alod.d: (Sim): Unexpected action: android.intent.action.ACTION_DEFAULT_DATA_SUBSCRIPTION_CHANGED
06-21 14:03:02.354 27027 27059 W BugleRcsEngine: [48] alod.d: (Sim): Unexpected action: android.intent.action.ACTION_DEFAULT_VOICE_SUBSCRIPTION_CHANGED
06-21 14:03:02.408 27027 27105 E AssistantConnector: Couldn't read whether gRPC is supported from public value
06-21 14:03:02.408 27027 27105 E AssistantConnector: java.lang.IllegalStateException: Failed to query to AGSA.
06-21 14:03:02.408 27027 27105 E AssistantConnector: 	at amdj.call(PG:16)
06-21 14:03:02.408 27027 27105 E AssistantConnector: 	at aypl.call(PG:2)
06-21 14:03:02.408 27027 27105 E AssistantConnector: 	at bcic.c(PG:1)
06-21 14:03:02.408 27027 27105 E AssistantConnector: 	at bchf.run(PG:4)
06-21 14:03:02.408 27027 27105 E AssistantConnector: 	at bcid.run(PG:1)
06-21 14:03:02.408 27027 27105 E AssistantConnector: 	at java.util.concurrent.ThreadPoolExecutor.runWorker(ThreadPoolExecutor.java:1167)
06-21 14:03:02.408 27027 27105 E AssistantConnector: 	at java.util.concurrent.ThreadPoolExecutor$Worker.run(ThreadPoolExecutor.java:641)
06-21 14:03:02.408 27027 27105 E AssistantConnector: 	at java.lang.Thread.run(Thread.java:920)
06-21 14:03:02.409 27027 27105 I AssistantConnector: Fallback to Maestro connector
06-21 14:03:02.423 27027 27108 I BugleRcsEngine: [67] alod.w: (Sim): SIM changed: false. current id: redacted-pii:sim_id[20-chars]; stored id: redacted-pii:sim_id[20-chars]; isFiDevice: false; subId: 1; slotIndex: 0
06-21 14:03:02.457 27027 27056 I BugleRcsEngine: [45] alcv.a: Using config server URL from ajqd
06-21 14:03:02.458 27027 27059 I BugleJobs: Icing index repair service is not scheduled. [CONTEXT class_name="IcingMonitoringUtils" ]
06-21 14:03:02.466 27027 27056 I BugleRcsProvisioning: RcsAvailabilityUpdaterLocal: updateRcsAvailability, currentAvailability: 9, newAvailability: 10, hint: NO_HINT
06-21 14:03:02.604 27027 27059 I BugleJobs: Starts to observe table change.
06-21 14:03:02.612 27027 27033 W .apps.messagin: Suspending all threads took: 9.429ms
06-21 14:03:02.831 27027 27059 V AssistantIntegClient: #getAssistantConfig()
06-21 14:03:02.882 27027 27114 W AssistantConfig: appIntegrationDataInBase64 is null
06-21 14:03:02.882 27027 27056 W Bugle   : AssistantIntegrationStartupTask: Error getting assistant availability.
06-21 14:03:02.882 27027 27056 W Bugle   : java.lang.IllegalStateException: Failed to query to AGSA.
06-21 14:03:02.882 27027 27056 W Bugle   : 	at amdj.call(PG:16)
06-21 14:03:02.882 27027 27056 W Bugle   : 	at aypl.call(PG:2)
06-21 14:03:02.882 27027 27056 W Bugle   : 	at bcic.c(PG:1)
06-21 14:03:02.882 27027 27056 W Bugle   : 	at bchf.run(PG:4)
06-21 14:03:02.882 27027 27056 W Bugle   : 	at bcid.run(PG:1)
06-21 14:03:02.882 27027 27056 W Bugle   : 	at java.util.concurrent.ThreadPoolExecutor.runWorker(ThreadPoolExecutor.java:1167)
06-21 14:03:02.882 27027 27056 W Bugle   : 	at java.util.concurrent.ThreadPoolExecutor$Worker.run(ThreadPoolExecutor.java:641)
06-21 14:03:02.882 27027 27056 W Bugle   : 	at java.lang.Thread.run(Thread.java:920)
06-21 14:03:02.896 27027 27056 D CompatibilityChangeReporter: Compat change id reported: 147600208; UID 10098; state: ENABLED
06-21 14:03:02.937 15348 15348 D BoundBrokerSvc: onBind: Intent { act=com.google.android.gms.pseudonymous.service.START pkg=com.google.android.gms }
06-21 14:03:02.937 15348 15348 D BoundBrokerSvc: Loading bound service for intent: Intent { act=com.google.android.gms.pseudonymous.service.START pkg=com.google.android.gms }
06-21 14:03:02.978 27027 27076 I Forking : Starting analysis.
06-21 14:03:02.980 27027 27076 I Misthreading: Starting analysis.
06-21 14:03:02.989 27027 27108 I BugleRcsEngine: [67] alod.w: (Sim): Skipping writing subId because this is main bugle process.
06-21 14:03:02.989 27027 27056 I BugleNetwork: FirebaseRegistrationStartupTask: Enabling Firebase component
06-21 14:03:02.996 27027 27108 I BugleRcsEngine: [67] alod.w: (Sim): Updated SIM info: currentSimId: redacted-pii:sim_id[20-chars]; imsi: redacted-pii:imsi[15-chars]; rawMsisdn: redacted-pii:phone_number[12-chars]; formattedMsisdn: redacted-pii:phone_number[0-chars]; mccmnc: redacted-pii:sim_operator[6-chars] isFiDevice: false; subId: 1; slotIndex: 0
06-21 14:03:03.014 27027 27108 I BugleRcsEngine: [67] alod.K: (Sim): Broadcasting Intent { act=com.google.android.ims.SIM_LOADED (has extras) }
06-21 14:03:03.015 27027 27027 I Bugle   : SimChangeReceiver: action: com.google.android.ims.SIM_LOADED
06-21 14:03:03.045 27027 27057 I Bugle   : RcsAvailabilityUtilForProvisioningEngineV2: updateAvailabilityAsync, hint: NO_HINT
06-21 14:03:03.065 27027 27027 I BugleRcsEngine: [2] akbw.l: Reinitialize CSLib Flags: com.google.android.ims.library
06-21 14:03:03.112 27027 27055 I BugleRcsEngine: [44] alsz.d: Checking if using CarrierServices.apk is possible. Enabled: true, isAtLeastM: true, runningInsideBugle: true
06-21 14:03:03.113 27027 27055 W BugleRcsEngine: [44] alsz.g: Carrier Services Apk was not found.
06-21 14:03:03.113 27027 27055 I BugleRcsEngine: [44] alsz.e: Cannot get service version because CS.apk was not found, not pre-loaded or disabled.
06-21 14:03:03.121 27027 27055 W BugleRcsEngine: [44] alsz.e: Service with meta data key: JibeServiceApiVersions is not compatible. Service Version 1 is not supported. Supported versions: []
06-21 14:03:03.124 27027 27055 W BugleRcsEngine: [44] akrz.a: [SR]: Single Registration is disabled. Skipping Single Registration capability check for subId: 1
06-21 14:03:03.125 27027 27055 I BugleRcsProvisioning: RcsAvailabilityUpdaterLocal: [SR]: SingleRegistration capability, singleRegistrationCapability: false, simId: redacted-pii:sim_id[20-chars], subId: 1
06-21 14:03:03.126 27027 27055 I BugleRcsEngine: [44] albk.n: No RCS Configuration was found in Bugle for simID: redacted-pii:sim_id[20-chars]
06-21 14:03:03.126 27027 27055 I BugleRcsProvisioning: RcsAvailabilityUpdaterLocal: [SR]: SingleRegistration configuration, singleRegistrationRcsConfigAvailableAndEnabled: false, simId: redacted-pii:sim_id[20-chars]
06-21 14:03:03.132 27027 27055 I BugleRcsEngine: [44] albk.n: No RCS Configuration was found in Bugle for simID: redacted-pii:sim_id[20-chars]
06-21 14:03:03.133 27027 27055 I BugleRcsEngine: [44] alcv.a: Using config server URL from ajqd
06-21 14:03:03.133 27027 27055 I BugleRcsProvisioning: RcsAvailabilityUpdaterLocal: updateRcsAvailability, currentAvailability: 10, newAvailability: 10, hint: NO_HINT
06-21 14:03:03.224 27027 27043 D CompatibilityChangeReporter: Compat change id reported: 150939131; UID 10098; state: ENABLED
06-21 14:03:03.230 27027 27056 I FirebaseApp: Device unlocked: initializing all Firebase APIs for app [DEFAULT]
06-21 14:03:03.233  8536  8653 I BugleRcsEngine: [53] akbw.l: Reinitialize CSLib Flags: com.google.android.ims.library
06-21 14:03:03.237 27027 27057 I BugleRcsProvisioning: BugleSystemBindingManager: onCsLibPhenotypeUpdated
06-21 14:03:03.292  8536  8653 W BugleRcsEngine: [53] ajnl.z: Unable to send diagnostic log
06-21 14:03:03.293  8536  8653 I BugleRcsEngine: [53] akua.u: ProvisioningEngineManager: onCsLibPhenotypeUpdated, provisioningTaskInBugleEnabled = true, currentProvisioningStrategy = akyf
06-21 14:03:03.314 27027 27057 I BugleRcsEngine: [46] zuq.c: SystemBindingManager: force P/H Flag update scheduled and start updateBinding
06-21 14:03:03.314 27027 27057 I Bugle   : RcsAvailabilityUtilForProvisioningEngineV2: onCsLibPhenotypeUpdated
06-21 14:03:03.316 27027 27062 W BugleRcsEngine: [51] ajnl.z: Unable to send diagnostic log
06-21 14:03:03.317 27027 27116 I DynamiteModule: Considering local module com.google.android.gms.measurement.dynamite:51 and remote module com.google.android.gms.measurement.dynamite:115
06-21 14:03:03.318 27027 27116 I DynamiteModule: Selected remote version of com.google.android.gms.measurement.dynamite, version >= 115
06-21 14:03:03.318 27027 27116 V DynamiteModule: Dynamite loader version >= 2, using loadModule2NoCrashUtils
06-21 14:03:03.320 27027 27057 I BugleRcsProvisioning: RcsProvisioningTrigger: onCsLibPhenotypeUpdated, enableProvisioningTaskInBugle = true
06-21 14:03:03.320 27027 27057 I BugleRcsProvisioning: RcsProvisioningTrigger: updateRcsAvailability : hint = CSLIB_PHENOTYPE_UPDATE
06-21 14:03:03.321 27027 27057 I Bugle   : RcsAvailabilityUtilForProvisioningEngineV2: updateAvailabilityAsync, hint: CSLIB_PHENOTYPE_UPDATE
06-21 14:03:03.321 27027 27057 I Bugle   : RcsAvailabilityUtilForProvisioningEngineV2: swapAvailabilityUpdater, provisioningTaskInBugle: true, activeRcsAvailabilityUpdater: uts
06-21 14:03:03.332 27027 27055 W BugleAction: Null config in BugleSharedPrefs
06-21 14:03:03.332 27027 27055 W BugleAction: Failed to get msisdn from Bugle
06-21 14:03:03.332 27027 27055 W BugleAction: Failed to get msisdn from RcsProfileService
06-21 14:03:03.333 27027 27055 W BugleAction: awmw: Jibe SDK Service not available. Is the Jibe SDK service running? Did you call connect() and wait for the notification before calling an API function?
06-21 14:03:03.333 27027 27055 W BugleAction: 	at awmp.b(PG:2)
06-21 14:03:03.333 27027 27055 W BugleAction: 	at com.google.android.rcs.client.profile.RcsProfileService.g(PG:1)
06-21 14:03:03.333 27027 27055 W BugleAction: 	at com.google.android.rcs.client.profile.RcsProfileService.getMsisdn(PG:1)
06-21 14:03:03.333 27027 27055 W BugleAction: 	at utg.F(PG:12)
06-21 14:03:03.333 27027 27055 W BugleAction: 	at tmz.b(PG:1)
06-21 14:03:03.333 27027 27055 W BugleAction: 	at pzo.d(PG:4)
06-21 14:03:03.333 27027 27055 W BugleAction: 	at pzk.run(PG:5)
06-21 14:03:03.333 27027 27055 W BugleAction: 	at aypj.run(PG:2)
06-21 14:03:03.333 27027 27055 W BugleAction: 	at java.util.concurrent.Executors$RunnableAdapter.call(Executors.java:462)
06-21 14:03:03.333 27027 27055 W BugleAction: 	at bcic.c(PG:1)
06-21 14:03:03.333 27027 27055 W BugleAction: 	at bchf.run(PG:4)
06-21 14:03:03.333 27027 27055 W BugleAction: 	at bcid.run(PG:1)
06-21 14:03:03.333 27027 27055 W BugleAction: 	at aosz.run(PG:1)
06-21 14:03:03.333 27027 27055 W BugleAction: 	at java.util.concurrent.ThreadPoolExecutor.runWorker(ThreadPoolExecutor.java:1167)
06-21 14:03:03.333 27027 27055 W BugleAction: 	at java.util.concurrent.ThreadPoolExecutor$Worker.run(ThreadPoolExecutor.java:641)
06-21 14:03:03.333 27027 27055 W BugleAction: 	at aosl.run(PG:2)
06-21 14:03:03.333 27027 27055 W BugleAction: 	at aorz.run(PG:2)
06-21 14:03:03.333 27027 27055 W BugleAction: 	at java.lang.Thread.run(Thread.java:920)
